220.181.129.102 - - [28/Jan/2014:18:56:31 +0800] "POST /wp-cron.php?doing_wp_cron=1390906591.8868238925933837890625 HTTP/1.0" 200 - "-" "SAE/fetchurl-j3ozn01wx2 WordPress/3.4.1; http://yansublog.sinaapp.com"
66.249.64.41 - - [28/Jan/2014:18:56:31 +0800] "GET /2013/03/25/linux%E4%B8%8B%E5%BC%80%E5%90%AFlibvirtd%E7%9A%84tcp%E7%9B%91%E6%8E%A7/ HTTP/1.0" 200 21128 "-" "Mozilla/5.0 (iPhone; CPU iPhone OS 6_0 like Mac OS X) AppleWebKit/536.26 (KHTML, like Gecko) Version/6.0 Mobile/10A5376e Safari/8536.25 (compatible; Googlebot-Mobile/2.1; +http://www.google.com/bot.html)"
220.181.129.102 - - [28/Jan/2014:20:41:19 +0800] "POST /wp-cron.php?doing_wp_cron=1390912879.2594358921051025390625 HTTP/1.0" 200 - "-" "SAE/fetchurl-j3ozn01wx2 WordPress/3.4.1; http://yansublog.sinaapp.com"
213.186.119.135 - - [28/Jan/2014:20:41:18 +0800] "GET /feed/ HTTP/1.0" 200 14315 "-" "AhrefsBot.Feeds v0.1; http://ahrefs.com/"
220.181.129.93 - - [28/Jan/2014:20:54:33 +0800] "POST /wp-cron.php?doing_wp_cron=1390913673.7966270446777343750000 HTTP/1.0" 200 - "-" "SAE/fetchurl-j3ozn01wx2 WordPress/3.4.1; http://yansublog.sinaapp.com"
101.226.33.171 - - [28/Jan/2014:20:54:33 +0800] "GET /feed/ HTTP/1.0" 304 - "-" "Mozilla/4.0 (compatible; Windows;)"
54.219.35.123 - - [28/Jan/2014:21:15:41 +0800] "GET /feed/ HTTP/1.0" 304 - "-" "Digg Feed Fetcher 1.0 (Mozilla/5.0 (Macintosh; Intel Mac OS X 10_7_1) AppleWebKit/534.48.3 (KHTML, like Gecko) Version/5.1 Safari/534.48.3)"
220.181.129.93 - - [28/Jan/2014:22:12:32 +0800] "POST /wp-cron.php?doing_wp_cron=1390918352.8904519081115722656250 HTTP/1.0" 200 - "-" "SAE/fetchurl-j3ozn01wx2 WordPress/3.4.1; http://yansublog.sinaapp.com"
66.249.64.41 - - [28/Jan/2014:22:12:32 +0800] "GET /2013/03/20/%E8%99%9A%E6%8B%9F%E5%8C%96%E4%B8%8E%E4%BA%91%E8%AE%A1%E7%AE%97%E4%B8%ADkvmxenqemu%E7%9A%84%E5%8C%BA%E5%88%AB%E5%92%8C%E8%81%94%E7%B3%BB/ HTTP/1.0" 200 25189 "-" "SAMSUNG-SGH-E250/1.0 Profile/MIDP-2.0 Configuration/CLDC-1.1 UP.Browser/6.2.3.3.c.1.101 (GUI) MMP/2.0 (compatible; Googlebot-Mobile/2.1; +http://www.google.com/bot.html)"
101.226.33.189 - - [28/Jan/2014:22:26:58 +0800] "GET /feed/ HTTP/1.0" 304 - "-" "Mozilla/4.0 (compatible; Windows;)"
220.181.129.93 - - [28/Jan/2014:22:53:23 +0800] "POST /wp-cron.php?doing_wp_cron=1390920803.1203789710998535156250 HTTP/1.0" 200 - "-" "SAE/fetchurl-j3ozn01wx2 WordPress/3.4.1; http://yansublog.sinaapp.com"
218.240.38.162 - - [28/Jan/2014:22:53:22 +0800] "GET /feed/ HTTP/1.0" 200 20214 "-" "Xianguo.com 1 Subscribers"
220.181.129.93 - - [28/Jan/2014:23:37:45 +0800] "POST /wp-cron.php?doing_wp_cron=1390923465.3716979026794433593750 HTTP/1.0" 200 - "-" "SAE/fetchurl-j3ozn01wx2 WordPress/3.4.1; http://yansublog.sinaapp.com"
182.118.20.166 - - [28/Jan/2014:23:37:45 +0800] "GET /robots.txt HTTP/1.0" 200 110 "http://1.yansublog.sinaapp.com/robots.txt" "Mozilla/5.0 (Windows; U; Windows NT 5.1; zh-CN; )  Firefox/1.5.0.11; 360Spider"
220.181.129.102 - - [29/Jan/2014:01:21:11 +0800] "POST /wp-cron.php?doing_wp_cron=1390929671.0721058845520019531250 HTTP/1.0" 200 - "-" "SAE/fetchurl-j3ozn01wx2 WordPress/3.4.1; http://yansublog.sinaapp.com"
218.240.38.162 - - [29/Jan/2014:01:21:10 +0800] "GET /feed/ HTTP/1.0" 304 - "-" "Xianguo.com 1 Subscribers"
220.181.129.102 - - [29/Jan/2014:02:03:28 +0800] "POST /wp-cron.php?doing_wp_cron=1390932208.9886090755462646484375 HTTP/1.0" 200 - "-" "SAE/fetchurl-j3ozn01wx2 WordPress/3.4.1; http://yansublog.sinaapp.com"
54.219.245.139 - - [29/Jan/2014:02:03:28 +0800] "GET /feed/ HTTP/1.0" 304 - "-" "Digg Feed Fetcher 1.0 (Mozilla/5.0 (Macintosh; Intel Mac OS X 10_7_1) AppleWebKit/534.48.3 (KHTML, like Gecko) Version/5.1 Safari/534.48.3)"
101.226.33.189 - - [29/Jan/2014:02:30:05 +0800] "GET /feed/ HTTP/1.0" 304 - "-" "Mozilla/4.0 (compatible; Windows;)"
66.249.64.13 - - [29/Jan/2014:02:36:32 +0800] "GET /sitemap-pt-post-2013-06.xml HTTP/1.0" 200 995 "-" "Mozilla/5.0 (compatible; Googlebot/2.1; +http://www.google.com/bot.html)"
220.181.129.102 - - [29/Jan/2014:03:21:16 +0800] "POST /wp-cron.php?doing_wp_cron=1390936876.0846030712127685546875 HTTP/1.0" 200 - "-" "SAE/fetchurl-j3ozn01wx2 WordPress/3.4.1; http://yansublog.sinaapp.com"
101.226.33.187 - - [29/Jan/2014:03:21:15 +0800] "GET /feed/ HTTP/1.0" 304 - "-" "Mozilla/4.0 (compatible; Windows;)"
220.181.129.102 - - [29/Jan/2014:04:07:30 +0800] "POST /wp-cron.php?doing_wp_cron=1390939650.9025440216064453125000 HTTP/1.0" 200 - "-" "SAE/fetchurl-j3ozn01wx2 WordPress/3.4.1; http://yansublog.sinaapp.com"
183.60.215.54 - - [29/Jan/2014:04:07:30 +0800] "GET /sitemap-pt-post-2012-12.xml HTTP/1.0" 200 2533 "-" "Mozilla/5.0 (compatible; EasouSpider; +http://www.easou.com/search/spider.html)"
220.181.129.93 - - [29/Jan/2014:05:37:22 +0800] "POST /wp-cron.php?doing_wp_cron=1390945042.4354600906372070312500 HTTP/1.0" 200 - "-" "SAE/fetchurl-j3ozn01wx2 WordPress/3.4.1; http://yansublog.sinaapp.com"
213.186.119.135 - - [29/Jan/2014:05:37:22 +0800] "GET /feed/ HTTP/1.0" 200 61615 "-" "AhrefsBot.Feeds v0.1; http://ahrefs.com/"
220.181.129.102 - - [29/Jan/2014:06:10:25 +0800] "POST /wp-cron.php?doing_wp_cron=1390947025.3476309776306152343750 HTTP/1.0" 200 - "-" "SAE/fetchurl-j3ozn01wx2 WordPress/3.4.1; http://yansublog.sinaapp.com"
183.60.215.25 - - [29/Jan/2014:06:10:25 +0800] "GET /sitemap-pt-post-2013-06.xml HTTP/1.0" 200 993 "-" "Mozilla/5.0 (compatible; EasouSpider; +http://www.easou.com/search/spider.html)"
218.240.38.162 - - [29/Jan/2014:06:34:20 +0800] "GET /feed/ HTTP/1.0" 304 - "-" "Xianguo.com 1 Subscribers"
184.169.211.248 - - [29/Jan/2014:06:41:36 +0800] "GET /feed/ HTTP/1.0" 304 - "-" "Digg Feed Fetcher 1.0 (Mozilla/5.0 (Macintosh; Intel Mac OS X 10_7_1) AppleWebKit/534.48.3 (KHTML, like Gecko) Version/5.1 Safari/534.48.3)"
220.181.129.93 - - [29/Jan/2014:06:50:48 +0800] "POST /wp-cron.php?doing_wp_cron=1390949448.0574800968170166015625 HTTP/1.0" 200 - "-" "SAE/fetchurl-j3ozn01wx2 WordPress/3.4.1; http://yansublog.sinaapp.com"
101.226.33.187 - - [29/Jan/2014:06:50:47 +0800] "GET /feed/ HTTP/1.0" 304 - "-" "Mozilla/4.0 (compatible; Windows;)"
66.249.64.5 - - [29/Jan/2014:06:58:37 +0800] "GET /tag/kanyun/ HTTP/1.0" 200 26982 "-" "Mozilla/5.0 (iPhone; CPU iPhone OS 6_0 like Mac OS X) AppleWebKit/536.26 (KHTML, like Gecko) Version/6.0 Mobile/10A5376e Safari/8536.25 (compatible; Googlebot-Mobile/2.1; +http://www.google.com/bot.html)"
220.181.129.93 - - [29/Jan/2014:08:56:26 +0800] "POST /wp-cron.php?doing_wp_cron=1390956986.5849540233612060546875 HTTP/1.0" 200 - "-" "SAE/fetchurl-j3ozn01wx2 WordPress/3.4.1; http://yansublog.sinaapp.com"
101.226.33.188 - - [29/Jan/2014:08:56:26 +0800] "GET /feed/ HTTP/1.0" 304 - "-" "Mozilla/4.0 (compatible; Windows;)"
220.181.129.102 - - [29/Jan/2014:11:07:02 +0800] "POST /wp-cron.php?doing_wp_cron=1390964822.3483829498291015625000 HTTP/1.0" 200 - "-" "SAE/fetchurl-j3ozn01wx2 WordPress/3.4.1; http://yansublog.sinaapp.com"
54.219.196.51 - - [29/Jan/2014:11:07:01 +0800] "GET /feed/ HTTP/1.0" 304 - "-" "Digg Feed Fetcher 1.0 (Mozilla/5.0 (Macintosh; Intel Mac OS X 10_7_1) AppleWebKit/534.48.3 (KHTML, like Gecko) Version/5.1 Safari/534.48.3)"
66.249.64.41 - - [29/Jan/2014:11:09:02 +0800] "GET /robots.txt HTTP/1.0" 200 110 "-" "Mozilla/5.0 (compatible; Googlebot/2.1; +http://www.google.com/bot.html)"
66.249.64.5 - - [29/Jan/2014:11:09:03 +0800] "GET /sitemap-pt-post-2012-12.xml HTTP/1.0" 200 2533 "-" "Mozilla/5.0 (compatible; Googlebot/2.1; +http://www.google.com/bot.html)"
220.181.129.102 - - [29/Jan/2014:11:44:22 +0800] "POST /wp-cron.php?doing_wp_cron=1390967062.1465098857879638671875 HTTP/1.0" 200 - "-" "SAE/fetchurl-j3ozn01wx2 WordPress/3.4.1; http://yansublog.sinaapp.com"
66.249.64.5 - - [29/Jan/2014:11:44:21 +0800] "GET /sitemap-misc.xml HTTP/1.0" 200 905 "-" "Mozilla/5.0 (compatible; Googlebot/2.1; +http://www.google.com/bot.html)"
101.226.33.188 - - [29/Jan/2014:12:59:16 +0800] "GET /feed/ HTTP/1.0" 304 - "-" "Mozilla/4.0 (compatible; Windows;)"
220.181.129.93 - - [29/Jan/2014:12:59:16 +0800] "POST /wp-cron.php?doing_wp_cron=1390971556.8593790531158447265625 HTTP/1.0" 200 - "-" "SAE/fetchurl-j3ozn01wx2 WordPress/3.4.1; http://yansublog.sinaapp.com"
220.181.129.93 - - [29/Jan/2014:14:20:47 +0800] "POST /wp-cron.php?doing_wp_cron=1390976447.2228670120239257812500 HTTP/1.0" 200 - "-" "SAE/fetchurl-j3ozn01wx2 WordPress/3.4.1; http://yansublog.sinaapp.com"
218.240.38.162 - - [29/Jan/2014:14:20:47 +0800] "GET /feed/ HTTP/1.0" 304 - "-" "Xianguo.com 1 Subscribers"
213.186.119.135 - - [29/Jan/2014:14:24:24 +0800] "GET /feed/ HTTP/1.0" 200 14315 "-" "AhrefsBot.Feeds v0.1; http://ahrefs.com/"
101.226.33.189 - - [29/Jan/2014:14:41:11 +0800] "GET /feed/ HTTP/1.0" 304 - "-" "Mozilla/4.0 (compatible; Windows;)"
220.181.129.102 - - [29/Jan/2014:15:31:35 +0800] "POST /wp-cron.php?doing_wp_cron=1390980695.3533289432525634765625 HTTP/1.0" 200 - "-" "SAE/fetchurl-j3ozn01wx2 WordPress/3.4.1; http://yansublog.sinaapp.com"
66.249.76.60 - - [29/Jan/2014:15:31:35 +0800] "GET /sitemap-pt-post-2012-12.xml HTTP/1.0" 200 2536 "-" "Mozilla/5.0 (compatible; Googlebot/2.1; +http://www.google.com/bot.html)"
54.219.42.81 - - [29/Jan/2014:15:33:35 +0800] "GET /feed/ HTTP/1.0" 304 - "-" "Digg Feed Fetcher 1.0 (Mozilla/5.0 (Macintosh; Intel Mac OS X 10_7_1) AppleWebKit/534.48.3 (KHTML, like Gecko) Version/5.1 Safari/534.48.3)"
220.181.129.102 - - [29/Jan/2014:16:58:59 +0800] "POST /wp-cron.php?doing_wp_cron=1390985939.5015211105346679687500 HTTP/1.0" 200 - "-" "SAE/fetchurl-j3ozn01wx2 WordPress/3.4.1; http://yansublog.sinaapp.com"
218.240.38.162 - - [29/Jan/2014:16:58:59 +0800] "GET /feed/ HTTP/1.0" 304 - "-" "Xianguo.com 1 Subscribers"
220.181.129.93 - - [29/Jan/2014:18:25:30 +0800] "POST /wp-cron.php?doing_wp_cron=1390991130.3081281185150146484375 HTTP/1.0" 200 - "-" "SAE/fetchurl-j3ozn01wx2 WordPress/3.4.1; http://yansublog.sinaapp.com"
101.226.33.189 - - [29/Jan/2014:18:25:30 +0800] "GET /feed/ HTTP/1.0" 304 - "-" "Mozilla/4.0 (compatible; Windows;)"
220.181.129.93 - - [29/Jan/2014:18:59:14 +0800] "POST /wp-cron.php?doing_wp_cron=1390993154.9026451110839843750000 HTTP/1.0" 200 - "-" "SAE/fetchurl-j3ozn01wx2 WordPress/3.4.1; http://yansublog.sinaapp.com"
66.249.64.5 - - [29/Jan/2014:18:59:14 +0800] "GET /2012/09/19/php%E6%93%8D%E4%BD%9Csession%E7%9A%84%E5%8E%9F%E7%90%86%E5%8F%8A%E6%8F%90%E5%8D%87%E5%AE%89%E5%85%A8%E6%80%A7%E6%97%B6%E7%9A%84%E4%B8%80%E4%B8%AA%E9%97%AE%E9%A2%98/ HTTP/1.0" 200 30854 "-" "Mozilla/5.0 (iPhone; CPU iPhone OS 6_0 like Mac OS X) AppleWebKit/536.26 (KHTML, like Gecko) Version/6.0 Mobile/10A5376e Safari/8536.25 (compatible; Googlebot-Mobile/2.1; +http://www.google.com/bot.html)"
101.226.33.174 - - [29/Jan/2014:19:10:40 +0800] "GET /feed/ HTTP/1.0" 304 - "-" "Mozilla/4.0 (compatible; Windows;)"
157.55.34.28 - - [29/Jan/2014:19:20:45 +0800] "GET /robots.txt HTTP/1.0" 200 110 "-" "Mozilla/5.0 (compatible; bingbot/2.0; +http://www.bing.com/bingbot.htm)"
157.55.34.28 - - [29/Jan/2014:19:29:21 +0800] "GET /category/ceilometer/ HTTP/1.0" 200 18615 "-" "Mozilla/5.0 (compatible; bingbot/2.0; +http://www.bing.com/bingbot.htm)"
220.181.129.102 - - [29/Jan/2014:20:40:30 +0800] "POST /wp-cron.php?doing_wp_cron=1390999230.6476440429687500000000 HTTP/1.0" 200 - "-" "SAE/fetchurl-j3ozn01wx2 WordPress/3.4.1; http://yansublog.sinaapp.com"
66.249.64.5 - - [29/Jan/2014:20:40:30 +0800] "GET /robots.txt HTTP/1.0" 200 110 "-" "Mozilla/5.0 (compatible; Googlebot/2.1; +http://www.google.com/bot.html)"
66.249.64.5 - - [29/Jan/2014:20:40:31 +0800] "GET /sitemap.xml HTTP/1.0" 200 1864 "-" "Mozilla/5.0 (compatible; Googlebot/2.1; +http://www.google.com/bot.html)"
101.226.33.190 - - [29/Jan/2014:22:28:33 +0800] "GET /feed/ HTTP/1.0" 304 - "-" "Mozilla/4.0 (compatible; Windows;)"
220.181.129.102 - - [29/Jan/2014:22:28:33 +0800] "POST /wp-cron.php?doing_wp_cron=1391005713.5497829914093017578125 HTTP/1.0" 200 - "-" "SAE/fetchurl-j3ozn01wx2 WordPress/3.4.1; http://yansublog.sinaapp.com"
220.181.129.102 - - [29/Jan/2014:22:51:08 +0800] "POST /wp-cron.php?doing_wp_cron=1391007068.4966650009155273437500 HTTP/1.0" 200 - "-" "SAE/fetchurl-j3ozn01wx2 WordPress/3.4.1; http://yansublog.sinaapp.com"
106.120.173.126 - - [29/Jan/2014:22:51:08 +0800] "GET /2012/11/08/openstack-nova%e5%86%85%e9%83%a8%e6%9c%ba%e5%88%b6/feed/ HTTP/1.0" 200 969 "-" "Sogou web spider/4.0(+http://www.sogou.com/docs/help/webmasters.htm#07)"
106.120.173.126 - - [29/Jan/2014:22:51:14 +0800] "GET /robots.txt HTTP/1.0" 200 110 "-" "Sogou web spider/4.0(+http://www.sogou.com/docs/help/webmasters.htm#07)"
220.181.129.93 - - [29/Jan/2014:23:33:00 +0800] "POST /wp-cron.php?doing_wp_cron=1391009580.7280540466308593750000 HTTP/1.0" 200 - "-" "SAE/fetchurl-j3ozn01wx2 WordPress/3.4.1; http://yansublog.sinaapp.com"
213.186.119.135 - - [29/Jan/2014:23:33:00 +0800] "GET /feed/ HTTP/1.0" 200 14315 "-" "AhrefsBot.Feeds v0.1; http://ahrefs.com/"
157.55.34.28 - - [29/Jan/2014:23:46:55 +0800] "GET /robots.txt HTTP/1.0" 200 110 "-" "Mozilla/5.0 (compatible; bingbot/2.0; +http://www.bing.com/bingbot.htm)"
220.181.129.102 - - [29/Jan/2014:23:50:30 +0800] "POST /wp-cron.php?doing_wp_cron=1391010630.9263660907745361328125 HTTP/1.0" 200 - "-" "SAE/fetchurl-j3ozn01wx2 WordPress/3.4.1; http://yansublog.sinaapp.com"
157.55.34.28 - - [29/Jan/2014:23:50:30 +0800] "GET /2013/01/30/kanyun-worker%E5%8E%9F%E7%90%86/ HTTP/1.0" 200 21366 "-" "Mozilla/5.0 (compatible; bingbot/2.0; +http://www.bing.com/bingbot.htm)"
66.249.76.11 - - [30/Jan/2014:00:14:31 +0800] "GET /2012/09/19/php%E6%93%8D%E4%BD%9Csession%E7%9A%84%E5%8E%9F%E7%90%86%E5%8F%8A%E6%8F%90%E5%8D%87%E5%AE%89%E5%85%A8%E6%80%A7%E6%97%B6%E7%9A%84%E4%B8%80%E4%B8%AA%E9%97%AE%E9%A2%98/ HTTP/1.0" 200 30854 "-" "DoCoMo/2.0 N905i(c100;TB;W24H16) (compatible; Googlebot-Mobile/2.1; +http://www.google.com/bot.html)"
101.226.33.171 - - [30/Jan/2014:00:47:38 +0800] "GET /feed/ HTTP/1.0" 304 - "-" "Mozilla/4.0 (compatible; Windows;)"
220.181.129.93 - - [30/Jan/2014:01:09:36 +0800] "POST /wp-cron.php?doing_wp_cron=1391015376.4124500751495361328125 HTTP/1.0" 200 - "-" "SAE/fetchurl-j3ozn01wx2 WordPress/3.4.1; http://yansublog.sinaapp.com"
54.241.42.114 - - [30/Jan/2014:01:09:36 +0800] "GET /feed/ HTTP/1.0" 304 - "-" "Digg Feed Fetcher 1.0 (Mozilla/5.0 (Macintosh; Intel Mac OS X 10_7_1) AppleWebKit/534.48.3 (KHTML, like Gecko) Version/5.1 Safari/534.48.3)"
220.181.129.93 - - [30/Jan/2014:01:55:59 +0800] "POST /wp-cron.php?doing_wp_cron=1391018159.3132379055023193359375 HTTP/1.0" 200 - "-" "SAE/fetchurl-j3ozn01wx2 WordPress/3.4.1; http://yansublog.sinaapp.com"
65.55.213.243 - - [30/Jan/2014:01:55:58 +0800] "GET /robots.txt HTTP/1.0" 200 110 "-" "msnbot/2.0b (+http://search.msn.com/msnbot.htm)"
65.55.213.243 - - [30/Jan/2014:01:55:59 +0800] "GET /sitemap.xml HTTP/1.0" 200 1863 "-" "msnbot/2.0b (+http://search.msn.com/msnbot.htm)"
65.55.213.243 - - [30/Jan/2014:01:56:00 +0800] "GET /sitemap-misc.xml HTTP/1.0" 200 905 "-" "msnbot/2.0b (+http://search.msn.com/msnbot.htm)"
65.55.213.246 - - [30/Jan/2014:01:56:01 +0800] "GET /sitemap-pt-post-2013-06.xml HTTP/1.0" 200 995 "-" "msnbot/2.0b (+http://search.msn.com/msnbot.htm)"
65.55.213.246 - - [30/Jan/2014:01:56:02 +0800] "GET /sitemap-pt-post-2013-03.xml HTTP/1.0" 200 2904 "-" "msnbot/2.0b (+http://search.msn.com/msnbot.htm)"
65.55.213.246 - - [30/Jan/2014:01:56:02 +0800] "GET /sitemap-pt-post-2013-02.xml HTTP/1.0" 200 1265 "-" "msnbot/2.0b (+http://search.msn.com/msnbot.htm)"
65.55.213.246 - - [30/Jan/2014:01:56:03 +0800] "GET /sitemap-pt-post-2013-01.xml HTTP/1.0" 200 2334 "-" "msnbot/2.0b (+http://search.msn.com/msnbot.htm)"
65.55.213.246 - - [30/Jan/2014:01:56:07 +0800] "GET /sitemap-pt-post-2012-12.xml HTTP/1.0" 200 2536 "-" "msnbot/2.0b (+http://search.msn.com/msnbot.htm)"
65.55.213.246 - - [30/Jan/2014:01:56:07 +0800] "GET /sitemap-pt-post-2012-11.xml HTTP/1.0" 200 1467 "-" "msnbot/2.0b (+http://search.msn.com/msnbot.htm)"
65.55.213.246 - - [30/Jan/2014:01:56:08 +0800] "GET /sitemap-pt-post-2012-09.xml HTTP/1.0" 200 2039 "-" "msnbot/2.0b (+http://search.msn.com/msnbot.htm)"
66.249.64.41 - - [30/Jan/2014:01:57:23 +0800] "GET /2012/12/31/sae%E4%B8%8B%E7%9A%84python%E5%BC%80%E5%8F%91%E9%83%A8%E7%BD%B2%E5%92%8C%E4%B8%80%E4%B8%AA%E7%AE%80%E5%8D%95%E4%BE%8B%E5%AD%90/?utm_source=rss&utm_medium=rss&utm_campaign=sae%25e4%25b8%258b%25e7%259a%2584python%25e5%25bc%2580%25e5%258f%2591%25e9%2583%25a8%25e7%25bd%25b2%25e5%2592%258c%25e4%25b8%2580%25e4%25b8%25aa%25e7%25ae%2580%25e5%258d%2595%25e4%25be%258b%25e5%25ad%2590 HTTP/1.0" 200 45185 "-" "Mozilla/5.0 (compatible; Googlebot/2.1; +http://www.google.com/bot.html)"
66.249.64.13 - - [30/Jan/2014:02:22:00 +0800] "GET /2013/03/20/%E8%99%9A%E6%8B%9F%E5%8C%96%E4%B8%8E%E4%BA%91%E8%AE%A1%E7%AE%97%E4%B8%AD... HTTP/1.0" 301 - "-" "Mozilla/5.0 (compatible; Googlebot/2.1; +http://www.google.com/bot.html)"
66.249.64.13 - - [30/Jan/2014:02:22:58 +0800] "GET /2013/03/20/%E8%99%9A%E6%8B%9F%E5%8C%96%E4%B8%8E%E4%BA%91%E8%AE%A1%E7%AE%97%E4%B8%ADkvmxenqemu%E7%9A%84%E5%8C%BA%E5%88%AB%E5%92%8C%E8%81%94%E7%B3%BB/ HTTP/1.0" 200 25189 "-" "Mozilla/5.0 (compatible; Googlebot/2.1; +http://www.google.com/bot.html)"
101.226.33.180 - - [30/Jan/2014:02:30:04 +0800] "GET /feed/ HTTP/1.0" 304 - "-" "Mozilla/4.0 (compatible; Windows;)"
66.249.64.14 - - [30/Jan/2014:02:44:35 +0800] "GET /2013/01/30/kanyun-worker%E5%8E%9F%E7%90%86/?utm_source=rss&utm_medium=rss&utm_campaign=kanyun-worker%25e5%258e%259f%25e7%2590%2586 HTTP/1.0" 200 21366 "-" "Mozilla/5.0 (compatible; Googlebot/2.1; +http://www.google.com/bot.html)"
218.240.38.162 - - [30/Jan/2014:03:11:14 +0800] "GET /feed/ HTTP/1.0" 304 - "-" "Xianguo.com 1 Subscribers"
220.181.129.93 - - [30/Jan/2014:03:11:14 +0800] "POST /wp-cron.php?doing_wp_cron=1391022674.4848020076751708984375 HTTP/1.0" 200 - "-" "SAE/fetchurl-j3ozn01wx2 WordPress/3.4.1; http://yansublog.sinaapp.com"
66.249.64.5 - - [30/Jan/2014:03:25:38 +0800] "GET /2013/02/24/%E8%BD%ACjavascript%E5%8F%98%E9%87%8F%E4%BD%9C%E7%94%A8%E5%9F%9F/?utm_source=rss&utm_medium=rss&utm_campaign=%25e8%25bd%25acjavascript%25e5%258f%2598%25e9%2587%258f%25e4%25bd%259c%25e7%2594%25a8%25e5%259f%259f HTTP/1.0" 200 22263 "-" "Mozilla/5.0 (compatible; Googlebot/2.1; +http://www.google.com/bot.html)"
220.181.129.93 - - [30/Jan/2014:03:56:47 +0800] "POST /wp-cron.php?doing_wp_cron=1391025407.8045179843902587890625 HTTP/1.0" 200 - "-" "SAE/fetchurl-j3ozn01wx2 WordPress/3.4.1; http://yansublog.sinaapp.com"
66.249.64.13 - - [30/Jan/2014:03:56:47 +0800] "GET /2013/03/21/vnc%E5%92%8C%E8%BF%9C%E7%A8%8B%E6%A1%8C%E9%9D%A2%E7%9A%84%E5%8C%BA%E5%88%AB/?utm_source=rss&utm_medium=rss&utm_campaign=vnc%25e5%2592%258c%25e8%25bf%259c%25e7%25a8%258b%25e6%25a1%258c%25e9%259d%25a2%25e7%259a%2584%25e5%258c%25ba%25e5%2588%25ab HTTP/1.0" 200 20838 "-" "Mozilla/5.0 (compatible; Googlebot/2.1; +http://www.google.com/bot.html)"
101.226.33.180 - - [30/Jan/2014:04:26:42 +0800] "GET /feed/ HTTP/1.0" 304 - "-" "Mozilla/4.0 (compatible; Windows;)"
220.181.129.102 - - [30/Jan/2014:05:33:52 +0800] "POST /wp-cron.php?doing_wp_cron=1391031232.4661779403686523437500 HTTP/1.0" 200 - "-" "SAE/fetchurl-j3ozn01wx2 WordPress/3.4.1; http://yansublog.sinaapp.com"
66.249.64.15 - - [30/Jan/2014:05:33:52 +0800] "GET /tag/vnc/ HTTP/1.0" 200 18105 "-" "Mozilla/5.0 (compatible; Googlebot/2.1; +http://www.google.com/bot.html)"
220.181.129.102 - - [30/Jan/2014:05:49:16 +0800] "POST /wp-cron.php?doing_wp_cron=1391032156.7676670551300048828125 HTTP/1.0" 200 - "-" "SAE/fetchurl-j3ozn01wx2 WordPress/3.4.1; http://yansublog.sinaapp.com"
54.241.227.44 - - [30/Jan/2014:05:49:16 +0800] "GET /feed/ HTTP/1.0" 304 - "-" "Digg Feed Fetcher 1.0 (Mozilla/5.0 (Macintosh; Intel Mac OS X 10_7_1) AppleWebKit/534.48.3 (KHTML, like Gecko) Version/5.1 Safari/534.48.3)"
66.249.64.15 - - [30/Jan/2014:06:07:11 +0800] "GET /2013/03/21/openstack-ceilometer%E7%AE%80%E4%BB%8B/ HTTP/1.0" 200 25308 "-" "Mozilla/5.0 (iPhone; CPU iPhone OS 6_0 like Mac OS X) AppleWebKit/536.26 (KHTML, like Gecko) Version/6.0 Mobile/10A5376e Safari/8536.25 (compatible; Googlebot-Mobile/2.1; +http://www.google.com/bot.html)"
101.226.33.182 - - [30/Jan/2014:06:36:04 +0800] "GET /feed/ HTTP/1.0" 304 - "-" "Mozilla/4.0 (compatible; Windows;)"
220.181.129.102 - - [30/Jan/2014:08:21:12 +0800] "POST /wp-cron.php?doing_wp_cron=1391041272.6095430850982666015625 HTTP/1.0" 200 - "-" "SAE/fetchurl-j3ozn01wx2 WordPress/3.4.1; http://yansublog.sinaapp.com"
213.186.119.135 - - [30/Jan/2014:08:21:11 +0800] "GET /feed/ HTTP/1.0" 200 20138 "-" "AhrefsBot.Feeds v0.1; http://ahrefs.com/"
218.240.38.162 - - [30/Jan/2014:08:27:01 +0800] "GET /feed/ HTTP/1.0" 304 - "-" "Xianguo.com 1 Subscribers"
66.249.64.15 - - [30/Jan/2014:08:33:53 +0800] "GET /sitemap.xml HTTP/1.0" 200 1864 "-" "Mozilla/5.0 (compatible; Googlebot/2.1; +http://www.google.com/bot.html)"
220.181.129.102 - - [30/Jan/2014:10:09:36 +0800] "POST /wp-cron.php?doing_wp_cron=1391047776.7231121063232421875000 HTTP/1.0" 200 - "-" "SAE/fetchurl-j3ozn01wx2 WordPress/3.4.1; http://yansublog.sinaapp.com"
101.226.33.190 - - [30/Jan/2014:10:09:36 +0800] "GET /feed/ HTTP/1.0" 304 - "-" "Mozilla/4.0 (compatible; Windows;)"
184.72.14.182 - - [30/Jan/2014:10:14:02 +0800] "GET /feed/ HTTP/1.0" 304 - "-" "Digg Feed Fetcher 1.0 (Mozilla/5.0 (Macintosh; Intel Mac OS X 10_7_1) AppleWebKit/534.48.3 (KHTML, like Gecko) Version/5.1 Safari/534.48.3)"
218.240.38.162 - - [30/Jan/2014:11:05:30 +0800] "GET /feed/ HTTP/1.0" 304 - "-" "Xianguo.com 1 Subscribers"
220.181.129.93 - - [30/Jan/2014:11:05:30 +0800] "POST /wp-cron.php?doing_wp_cron=1391051130.8570818901062011718750 HTTP/1.0" 200 - "-" "SAE/fetchurl-j3ozn01wx2 WordPress/3.4.1; http://yansublog.sinaapp.com"
220.181.129.93 - - [30/Jan/2014:12:58:51 +0800] "POST /wp-cron.php?doing_wp_cron=1391057931.5797190666198730468750 HTTP/1.0" 200 - "-" "SAE/fetchurl-j3ozn01wx2 WordPress/3.4.1; http://yansublog.sinaapp.com"
66.249.64.13 - - [30/Jan/2014:12:58:51 +0800] "GET /robots.txt HTTP/1.0" 200 110 "-" "Mozilla/5.0 (compatible; Googlebot/2.1; +http://www.google.com/bot.html)"
66.249.64.15 - - [30/Jan/2014:12:58:53 +0800] "GET /2013/03/19/%E5%9C%A8%E8%99%9A%E6%8B%9F%E6%9C%BA%E5%8D%95%E6%9C%BA%E9%83%A8%E7%BD%B2openstack/ HTTP/1.0" 200 22652 "-" "Mozilla/5.0 (compatible; Googlebot/2.1; +http://www.google.com/bot.html)"
220.181.129.93 - - [30/Jan/2014:13:54:57 +0800] "POST /wp-cron.php?doing_wp_cron=1391061297.8605520725250244140625 HTTP/1.0" 200 - "-" "SAE/fetchurl-j3ozn01wx2 WordPress/3.4.1; http://yansublog.sinaapp.com"
101.226.33.182 - - [30/Jan/2014:13:54:57 +0800] "GET /feed/ HTTP/1.0" 304 - "-" "Mozilla/4.0 (compatible; Windows;)"
220.181.132.219 - - [30/Jan/2014:14:04:07 +0800] "GET / HTTP/1.0" 200 47450 "http://yansublog.sinaapp.com/" "Mozilla/4.0 (compatible; MSIE 8.0; Windows NT 6.1; Trident/4.0; SLCC2; .NET CLR 2.0.50727; .NET CLR 3.5.30729; .NET CLR 3.0.30729; Media Center PC 6.0; Tablet PC 2.0)"
101.199.112.53 - - [30/Jan/2014:14:04:19 +0800] "GET / HTTP/1.0" 200 47324 "-" "Mozilla/5.0 (X11; Linux x86_64) AppleWebKit/536.11 (KHTML, like Gecko) DumpRenderTree/0.0.0.0 Safari/536.11"
101.226.33.187 - - [30/Jan/2014:14:19:49 +0800] "GET /feed/ HTTP/1.0" 304 - "-" "Mozilla/4.0 (compatible; Windows;)"
54.219.207.143 - - [30/Jan/2014:14:35:47 +0800] "GET /feed/ HTTP/1.0" 304 - "-" "Digg Feed Fetcher 1.0 (Mozilla/5.0 (Macintosh; Intel Mac OS X 10_7_1) AppleWebKit/534.48.3 (KHTML, like Gecko) Version/5.1 Safari/534.48.3)"
220.181.129.93 - - [30/Jan/2014:16:16:43 +0800] "POST /wp-cron.php?doing_wp_cron=1391069803.5578811168670654296875 HTTP/1.0" 200 - "-" "SAE/fetchurl-j3ozn01wx2 WordPress/3.4.1; http://yansublog.sinaapp.com"
218.240.38.162 - - [30/Jan/2014:16:16:43 +0800] "GET /feed/ HTTP/1.0" 200 24639 "-" "Xianguo.com 1 Subscribers"
220.181.129.93 - - [30/Jan/2014:17:14:39 +0800] "POST /wp-cron.php?doing_wp_cron=1391073279.8038949966430664062500 HTTP/1.0" 200 - "-" "SAE/fetchurl-j3ozn01wx2 WordPress/3.4.1; http://yansublog.sinaapp.com"
66.249.64.5 - - [30/Jan/2014:17:14:39 +0800] "GET /tag/python/ HTTP/1.0" 200 24852 "-" "Mozilla/5.0 (compatible; Googlebot/2.1; +http://www.google.com/bot.html)"
213.186.119.135 - - [30/Jan/2014:17:18:13 +0800] "GET /feed/ HTTP/1.0" 200 14315 "-" "AhrefsBot.Feeds v0.1; http://ahrefs.com/"
101.226.33.172 - - [30/Jan/2014:17:31:01 +0800] "GET /feed/ HTTP/1.0" 304 - "-" "Mozilla/4.0 (compatible; Windows;)"
220.181.129.102 - - [30/Jan/2014:17:58:18 +0800] "POST /wp-cron.php?doing_wp_cron=1391075898.0321450233459472656250 HTTP/1.0" 200 - "-" "SAE/fetchurl-j3ozn01wx2 WordPress/3.4.1; http://yansublog.sinaapp.com"
66.249.64.42 - - [30/Jan/2014:17:58:17 +0800] "GET /tag/kanyun/ HTTP/1.0" 200 26982 "-" "Mozilla/5.0 (iPhone; CPU iPhone OS 6_0 like Mac OS X) AppleWebKit/536.26 (KHTML, like Gecko) Version/6.0 Mobile/10A5376e Safari/8536.25 (compatible; Googlebot-Mobile/2.1; +http://www.google.com/bot.html)"
182.118.20.252 - - [30/Jan/2014:18:09:23 +0800] "GET /robots.txt HTTP/1.0" 200 110 "http://yansublog.sinaapp.com/robots.txt" "Mozilla/5.0 (Windows; U; Windows NT 5.1; zh-CN; )  Firefox/1.5.0.11; 360Spider"
66.249.64.42 - - [30/Jan/2014:18:33:37 +0800] "GET /category/%E5%8D%8F%E8%AE%AE/ HTTP/1.0" 200 18171 "-" "Mozilla/5.0 (compatible; Googlebot/2.1; +http://www.google.com/bot.html)"
220.181.129.102 - - [30/Jan/2014:19:07:57 +0800] "POST /wp-cron.php?doing_wp_cron=1391080077.1198890209197998046875 HTTP/1.0" 200 - "-" "SAE/fetchurl-j3ozn01wx2 WordPress/3.4.1; http://yansublog.sinaapp.com"
50.18.85.84 - - [30/Jan/2014:19:07:56 +0800] "GET /feed/ HTTP/1.0" 304 - "-" "Digg Feed Fetcher 1.0 (Mozilla/5.0 (Macintosh; Intel Mac OS X 10_7_1) AppleWebKit/534.48.3 (KHTML, like Gecko) Version/5.1 Safari/534.48.3)"
101.226.33.179 - - [30/Jan/2014:19:21:43 +0800] "GET /feed/ HTTP/1.0" 304 - "-" "Mozilla/4.0 (compatible; Windows;)"
66.249.76.34 - - [30/Jan/2014:19:32:34 +0800] "GET /category/php/ HTTP/1.0" 200 28255 "-" "DoCoMo/2.0 N905i(c100;TB;W24H16) (compatible; Googlebot-Mobile/2.1; +http://www.google.com/bot.html)"
220.181.129.102 - - [30/Jan/2014:19:58:52 +0800] "POST /wp-cron.php?doing_wp_cron=1391083132.6051928997039794921875 HTTP/1.0" 200 - "-" "SAE/fetchurl-j3ozn01wx2 WordPress/3.4.1; http://yansublog.sinaapp.com"
66.249.64.42 - - [30/Jan/2014:19:58:52 +0800] "GET / HTTP/1.0" 200 47324 "-" "Mozilla/5.0 (compatible; Googlebot/2.1; +http://www.google.com/bot.html)"
220.181.129.102 - - [30/Jan/2014:20:11:24 +0800] "POST /wp-cron.php?doing_wp_cron=1391083884.2003219127655029296875 HTTP/1.0" 200 - "-" "SAE/fetchurl-j3ozn01wx2 WordPress/3.4.1; http://yansublog.sinaapp.com"
66.249.64.5 - - [30/Jan/2014:20:11:23 +0800] "GET /sitemap-pt-post-2012-09.xml HTTP/1.0" 200 2041 "-" "Mozilla/5.0 (compatible; Googlebot/2.1; +http://www.google.com/bot.html)"
220.181.129.93 - - [30/Jan/2014:21:13:13 +0800] "POST /wp-cron.php?doing_wp_cron=1391087593.3638460636138916015625 HTTP/1.0" 200 - "-" "SAE/fetchurl-j3ozn01wx2 WordPress/3.4.1; http://yansublog.sinaapp.com"
218.240.38.162 - - [30/Jan/2014:21:13:13 +0800] "GET /feed/ HTTP/1.0" 304 - "-" "Xianguo.com 1 Subscribers"
66.249.65.5 - - [30/Jan/2014:21:13:54 +0800] "GET /robots.txt HTTP/1.0" 200 110 "-" "Mozilla/5.0 (compatible; Googlebot/2.1; +http://www.google.com/bot.html)"
66.249.66.51 - - [30/Jan/2014:21:13:55 +0800] "GET /tag/openstack/page/2/ HTTP/1.0" 200 18482 "-" "Mozilla/5.0 (compatible; Googlebot/2.1; +http://www.google.com/bot.html)"
220.181.129.102 - - [30/Jan/2014:21:42:01 +0800] "POST /wp-cron.php?doing_wp_cron=1391089321.9084250926971435546875 HTTP/1.0" 200 - "-" "SAE/fetchurl-j3ozn01wx2 WordPress/3.4.1; http://yansublog.sinaapp.com"
101.226.33.189 - - [30/Jan/2014:21:42:01 +0800] "GET /feed/ HTTP/1.0" 304 - "-" "Mozilla/4.0 (compatible; Windows;)"
220.181.129.93 - - [30/Jan/2014:22:38:56 +0800] "POST /wp-cron.php?doing_wp_cron=1391092736.7602229118347167968750 HTTP/1.0" 200 - "-" "SAE/fetchurl-j3ozn01wx2 WordPress/3.4.1; http://yansublog.sinaapp.com"
66.249.64.15 - - [30/Jan/2014:22:38:56 +0800] "GET /2013/06/09/%E5%8D%9A%E5%AE%A2%E5%B7%B2%E7%BB%8F%E6%90%AC%E8%BF%81%E8%87%B3httpyansu-org/ HTTP/1.0" 200 19510 "-" "Mozilla/5.0 (compatible; Googlebot/2.1; +http://www.google.com/bot.html)"
124.165.234.82 - - [30/Jan/2014:22:41:13 +0800] "GET / HTTP/1.0" 200 47324 "-" "Mozilla/5.0 (Macintosh; Intel Mac OS X 10_9_1) AppleWebKit/537.36 (KHTML, like Gecko) Chrome/31.0.1650.63 Safari/537.36"
124.165.234.82 - - [30/Jan/2014:22:41:26 +0800] "GET /2013/06/09/%e5%8d%9a%e5%ae%a2%e5%b7%b2%e7%bb%8f%e6%90%ac%e8%bf%81%e8%87%b3httpyansu-org/ HTTP/1.0" 200 19510 "http://yansublog.sinaapp.com/" "Mozilla/5.0 (Macintosh; Intel Mac OS X 10_9_1) AppleWebKit/537.36 (KHTML, like Gecko) Chrome/31.0.1650.63 Safari/537.36"
220.181.129.93 - - [30/Jan/2014:22:52:42 +0800] "POST /wp-cron.php?doing_wp_cron=1391093562.0585799217224121093750 HTTP/1.0" 200 - "-" "SAE/fetchurl-j3ozn01wx2 WordPress/3.4.1; http://yansublog.sinaapp.com"
124.165.234.82 - - [30/Jan/2014:22:52:41 +0800] "GET / HTTP/1.0" 200 47324 "http://yansublog.sinaapp.com/2013/06/09/%e5%8d%9a%e5%ae%a2%e5%b7%b2%e7%bb%8f%e6%90%ac%e8%bf%81%e8%87%b3httpyansu-org/" "Mozilla/5.0 (Macintosh; Intel Mac OS X 10_9_1) AppleWebKit/537.36 (KHTML, like Gecko) Chrome/31.0.1650.63 Safari/537.36"
124.165.234.82 - - [30/Jan/2014:22:52:51 +0800] "GET /category/linux/ HTTP/1.0" 200 37447 "http://yansublog.sinaapp.com/" "Mozilla/5.0 (Macintosh; Intel Mac OS X 10_9_1) AppleWebKit/537.36 (KHTML, like Gecko) Chrome/31.0.1650.63 Safari/537.36"
124.165.234.82 - - [30/Jan/2014:22:52:52 +0800] "GET /category/php/ HTTP/1.0" 200 28255 "http://yansublog.sinaapp.com/category/linux/" "Mozilla/5.0 (Macintosh; Intel Mac OS X 10_9_1) AppleWebKit/537.36 (KHTML, like Gecko) Chrome/31.0.1650.63 Safari/537.36"
124.165.234.82 - - [30/Jan/2014:22:52:54 +0800] "GET /2012/09/24/php%e5%91%bd%e4%bb%a4%e8%a1%8c%e6%a8%a1%e5%bc%8f%e7%ae%80%e4%bb%8b/ HTTP/1.0" 200 33072 "http://yansublog.sinaapp.com/category/php/" "Mozilla/5.0 (Macintosh; Intel Mac OS X 10_9_1) AppleWebKit/537.36 (KHTML, like Gecko) Chrome/31.0.1650.63 Safari/537.36"
124.165.234.82 - - [30/Jan/2014:23:09:36 +0800] "GET / HTTP/1.0" 200 47324 "-" "Mozilla/5.0 (Macintosh; Intel Mac OS X 10_9_1) AppleWebKit/537.36 (KHTML, like Gecko) Chrome/31.0.1650.63 Safari/537.36"
124.165.234.82 - - [30/Jan/2014:23:09:38 +0800] "GET /2013/03/27/openstack%e7%9b%91%e6%8e%a7%e9%a1%b9%e7%9b%aeceilometer%e7%9a%84%e4%b8%80%e4%ba%9b%e6%9c%af%e8%af%ad/ HTTP/1.0" 200 23191 "http://yansublog.sinaapp.com/" "Mozilla/5.0 (Macintosh; Intel Mac OS X 10_9_1) AppleWebKit/537.36 (KHTML, like Gecko) Chrome/31.0.1650.63 Safari/537.36"
23.92.25.171 - - [30/Jan/2014:23:09:47 +0800] "GET /2013/03/27/openstack\xe7\x9b\x91\xe6\x8e\xa7\xe9\xa1\xb9\xe7\x9b\xaeceilometer\xe7\x9a\x84\xe4\xb8\x80\xe4\xba\x9b\xe6\x9c\xaf\xe8\xaf\xad/ HTTP/1.0" 200 23191 "-" "Leafbot/1.2 (+http://addleaf.com/)"
23.92.25.171 - - [30/Jan/2014:23:09:52 +0800] "GET /2013/03/27/openstack\xe7\x9b\x91\xe6\x8e\xa7\xe9\xa1\xb9\xe7\x9b\xaeceilometer\xe7\x9a\x84\xe4\xb8\x80\xe4\xba\x9b\xe6\x9c\xaf\xe8\xaf\xad/ HTTP/1.0" 200 23191 "-" "Leafbot/1.2 (+http://addleaf.com/)"
23.92.25.171 - - [30/Jan/2014:23:09:58 +0800] "GET /2013/03/27/openstack\xe7\x9b\x91\xe6\x8e\xa7\xe9\xa1\xb9\xe7\x9b\xaeceilometer\xe7\x9a\x84\xe4\xb8\x80\xe4\xba\x9b\xe6\x9c\xaf\xe8\xaf\xad/ HTTP/1.0" 200 23191 "-" "Leafbot/1.2 (+http://addleaf.com/)"
23.92.25.171 - - [30/Jan/2014:23:10:17 +0800] "GET /2013/03/27/openstack\xe7\x9b\x91\xe6\x8e\xa7\xe9\xa1\xb9\xe7\x9b\xaeceilometer\xe7\x9a\x84\xe4\xb8\x80\xe4\xba\x9b\xe6\x9c\xaf\xe8\xaf\xad/ HTTP/1.0" 200 23191 "-" "Leafbot/1.2 (+http://addleaf.com/)"
220.181.129.102 - - [30/Jan/2014:23:28:45 +0800] "POST /wp-cron.php?doing_wp_cron=1391095725.7568430900573730468750 HTTP/1.0" 200 - "-" "SAE/fetchurl-j3ozn01wx2 WordPress/3.4.1; http://yansublog.sinaapp.com"
183.60.215.29 - - [30/Jan/2014:23:28:45 +0800] "GET /sitemap-pt-post-2013-03.xml HTTP/1.0" 200 2904 "-" "Mozilla/5.0 (compatible; EasouSpider; +http://www.easou.com/search/spider.html)"
218.240.38.162 - - [30/Jan/2014:23:40:33 +0800] "GET /feed/ HTTP/1.0" 304 - "-" "Xianguo.com 1 Subscribers"
220.181.129.102 - - [30/Jan/2014:23:55:17 +0800] "POST /wp-cron.php?doing_wp_cron=1391097317.8121390342712402343750 HTTP/1.0" 200 - "-" "SAE/fetchurl-j3ozn01wx2 WordPress/3.4.1; http://yansublog.sinaapp.com"
101.226.33.180 - - [30/Jan/2014:23:55:17 +0800] "GET /feed/ HTTP/1.0" 304 - "-" "Mozilla/4.0 (compatible; Windows;)"
54.219.40.115 - - [30/Jan/2014:23:58:53 +0800] "GET /feed/ HTTP/1.0" 304 - "-" "Digg Feed Fetcher 1.0 (Mozilla/5.0 (Macintosh; Intel Mac OS X 10_7_1) AppleWebKit/534.48.3 (KHTML, like Gecko) Version/5.1 Safari/534.48.3)"
66.249.64.13 - - [31/Jan/2014:00:07:09 +0800] "GET /tag/horizon/ HTTP/1.0" 200 18360 "-" "Mozilla/5.0 (compatible; Googlebot/2.1; +http://www.google.com/bot.html)"
66.249.64.15 - - [31/Jan/2014:00:45:30 +0800] "GET /sitemap-pt-post-2012-11.xml HTTP/1.0" 200 1467 "-" "Mozilla/5.0 (compatible; Googlebot/2.1; +http://www.google.com/bot.html)"
220.181.129.93 - - [31/Jan/2014:01:39:25 +0800] "POST /wp-cron.php?doing_wp_cron=1391103565.0666210651397705078125 HTTP/1.0" 200 - "-" "SAE/fetchurl-j3ozn01wx2 WordPress/3.4.1; http://yansublog.sinaapp.com"
101.226.33.179 - - [31/Jan/2014:01:39:24 +0800] "GET /feed/ HTTP/1.0" 304 - "-" "Mozilla/4.0 (compatible; Windows;)"
220.181.129.93 - - [31/Jan/2014:02:17:53 +0800] "POST /wp-cron.php?doing_wp_cron=1391105873.7636749744415283203125 HTTP/1.0" 200 - "-" "SAE/fetchurl-j3ozn01wx2 WordPress/3.4.1; http://yansublog.sinaapp.com"
66.249.64.5 - - [31/Jan/2014:02:17:53 +0800] "GET /tag/session/ HTTP/1.0" 200 19153 "-" "Mozilla/5.0 (compatible; Googlebot/2.1; +http://www.google.com/bot.html)"
213.186.119.135 - - [31/Jan/2014:02:45:06 +0800] "GET /feed/ HTTP/1.0" 200 29584 "-" "AhrefsBot.Feeds v0.1; http://ahrefs.com/"
220.181.129.93 - - [31/Jan/2014:03:06:19 +0800] "POST /wp-cron.php?doing_wp_cron=1391108779.9503180980682373046875 HTTP/1.0" 200 - "-" "SAE/fetchurl-j3ozn01wx2 WordPress/3.4.1; http://yansublog.sinaapp.com"
66.249.64.14 - - [31/Jan/2014:03:06:19 +0800] "GET /tag/horizon/feed/ HTTP/1.0" 200 2278 "-" "Mozilla/5.0 (compatible; Googlebot/2.1; +http://www.google.com/bot.html)"
66.249.76.27 - - [31/Jan/2014:03:44:10 +0800] "GET /tag/ceilometer/ HTTP/1.0" 200 21550 "-" "Mozilla/5.0 (compatible; Googlebot/2.1; +http://www.google.com/bot.html)"
220.181.129.93 - - [31/Jan/2014:04:18:04 +0800] "POST /wp-cron.php?doing_wp_cron=1391113084.2794389724731445312500 HTTP/1.0" 200 - "-" "SAE/fetchurl-j3ozn01wx2 WordPress/3.4.1; http://yansublog.sinaapp.com"
66.249.64.5 - - [31/Jan/2014:04:18:04 +0800] "GET /2012/12/17/%E7%BB%99vmware%E4%B8%8B%E7%9A%84ubuntu-server%E5%85%B1%E4%BA%AB%E6%96%87%E4%BB%B6/ HTTP/1.0" 200 24023 "-" "Mozilla/5.0 (compatible; Googlebot/2.1; +http://www.google.com/bot.html)"
66.249.64.14 - - [31/Jan/2014:04:42:48 +0800] "GET /2012/11/25/%E8%BD%AC%E7%BF%BB%E8%AF%91%E5%85%B3%E4%BA%8Epython%E7%9A%84with%E5%A3%B0%E6%98%8E/ HTTP/1.0" 200 28705 "-" "Mozilla/5.0 (compatible; Googlebot/2.1; +http://www.google.com/bot.html)"
220.181.129.93 - - [31/Jan/2014:04:50:49 +0800] "POST /wp-cron.php?doing_wp_cron=1391115049.3980119228363037109375 HTTP/1.0" 200 - "-" "SAE/fetchurl-j3ozn01wx2 WordPress/3.4.1; http://yansublog.sinaapp.com"
54.241.42.166 - - [31/Jan/2014:04:50:49 +0800] "GET /feed/ HTTP/1.0" 304 - "-" "Digg Feed Fetcher 1.0 (Mozilla/5.0 (Macintosh; Intel Mac OS X 10_7_1) AppleWebKit/534.48.3 (KHTML, like Gecko) Version/5.1 Safari/534.48.3)"
66.249.64.5 - - [31/Jan/2014:05:04:36 +0800] "GET /2013/01/30/kanyun-server%E6%9C%8D%E5%8A%A1/ HTTP/1.0" 200 19974 "-" "Mozilla/5.0 (compatible; Googlebot/2.1; +http://www.google.com/bot.html)"
101.226.33.189 - - [31/Jan/2014:05:33:26 +0800] "GET /feed/ HTTP/1.0" 304 - "-" "Mozilla/4.0 (compatible; Windows;)"
220.181.129.102 - - [31/Jan/2014:06:27:46 +0800] "POST /wp-cron.php?doing_wp_cron=1391120866.3247570991516113281250 HTTP/1.0" 200 - "-" "SAE/fetchurl-j3ozn01wx2 WordPress/3.4.1; http://yansublog.sinaapp.com"
66.249.64.42 - - [31/Jan/2014:06:27:46 +0800] "GET /2012/09/19/php%E6%93%8D%E4%BD%9Csession%E7%9A%84%E5%8E%9F%E7%90%86%E5%8F%8A%E6%8F%90%E5%8D%87%E5%AE%89%E5%85%A8%E6%80%A7%E6%97%B6%E7%9A%84%E4%B8%80%E4%B8%AA%E9%97%AE%E9%A2%98/ HTTP/1.0" 200 30854 "-" "Mozilla/5.0 (iPhone; CPU iPhone OS 6_0 like Mac OS X) AppleWebKit/536.26 (KHTML, like Gecko) Version/6.0 Mobile/10A5376e Safari/8536.25 (compatible; Googlebot-Mobile/2.1; +http://www.google.com/bot.html)"
220.181.129.93 - - [31/Jan/2014:07:00:28 +0800] "POST /wp-cron.php?doing_wp_cron=1391122828.3353929519653320312500 HTTP/1.0" 200 - "-" "SAE/fetchurl-j3ozn01wx2 WordPress/3.4.1; http://yansublog.sinaapp.com"
66.249.64.15 - - [31/Jan/2014:07:00:28 +0800] "GET /tag/openstack/ HTTP/1.0" 200 46877 "-" "Mozilla/5.0 (compatible; Googlebot/2.1; +http://www.google.com/bot.html)"
218.240.38.162 - - [31/Jan/2014:07:20:21 +0800] "GET /feed/ HTTP/1.0" 304 - "-" "Xianguo.com 1 Subscribers"
220.181.129.102 - - [31/Jan/2014:07:50:51 +0800] "POST /wp-cron.php?doing_wp_cron=1391125851.9715819358825683593750 HTTP/1.0" 200 - "-" "SAE/fetchurl-j3ozn01wx2 WordPress/3.4.1; http://yansublog.sinaapp.com"
66.249.64.41 - - [31/Jan/2014:07:50:51 +0800] "GET /category/git/ HTTP/1.0" 200 17911 "-" "Mozilla/5.0 (compatible; Googlebot/2.1; +http://www.google.com/bot.html)"
66.249.64.42 - - [31/Jan/2014:08:39:00 +0800] "GET /tag/cookie/ HTTP/1.0" 200 19148 "-" "Mozilla/5.0 (compatible; Googlebot/2.1; +http://www.google.com/bot.html)"
220.181.129.102 - - [31/Jan/2014:09:01:21 +0800] "POST /wp-cron.php?doing_wp_cron=1391130081.9114580154418945312500 HTTP/1.0" 200 - "-" "SAE/fetchurl-j3ozn01wx2 WordPress/3.4.1; http://yansublog.sinaapp.com"
101.226.33.180 - - [31/Jan/2014:09:01:21 +0800] "GET /feed/ HTTP/1.0" 304 - "-" "Mozilla/4.0 (compatible; Windows;)"
184.72.5.127 - - [31/Jan/2014:09:21:45 +0800] "GET /feed/ HTTP/1.0" 304 - "-" "Digg Feed Fetcher 1.0 (Mozilla/5.0 (Macintosh; Intel Mac OS X 10_7_1) AppleWebKit/534.48.3 (KHTML, like Gecko) Version/5.1 Safari/534.48.3)"
182.118.22.208 - - [31/Jan/2014:09:32:06 +0800] "GET /robots.txt HTTP/1.0" 200 110 "http://yansublog.sinaapp.com/robots.txt" "Mozilla/5.0 (Windows; U; Windows NT 5.1; zh-CN; )  Firefox/1.5.0.11; 360Spider"
220.181.129.102 - - [31/Jan/2014:09:57:12 +0800] "POST /wp-cron.php?doing_wp_cron=1391133432.0080881118774414062500 HTTP/1.0" 200 - "-" "SAE/fetchurl-j3ozn01wx2 WordPress/3.4.1; http://yansublog.sinaapp.com"
218.240.38.162 - - [31/Jan/2014:09:57:11 +0800] "GET /feed/ HTTP/1.0" 304 - "-" "Xianguo.com 1 Subscribers"
66.249.64.15 - - [31/Jan/2014:10:26:19 +0800] "GET /tag/cli/ HTTP/1.0" 200 18068 "-" "Mozilla/5.0 (compatible; Googlebot/2.1; +http://www.google.com/bot.html)"
14.158.240.155 - - [31/Jan/2014:11:04:11 +0800] "GET /2013/03/20/%E8%99%9A%E6%8B%9F%E5%8C%96%E4%B8%8E%E4%BA%91%E8%AE%A1%E7%AE%97%E4%B8%ADkvmxenqemu%E7%9A%84%E5%8C%BA%E5%88%AB%E5%92%8C%E8%81%94%E7%B3%BB/ HTTP/1.0" 200 25189 "https://www.google.com.hk/" "Mozilla/5.0 (Windows NT 6.1) AppleWebKit/537.36 (KHTML, like Gecko) Chrome/32.0.1700.102 Safari/537.36"
220.181.129.102 - - [31/Jan/2014:11:04:12 +0800] "POST /wp-cron.php?doing_wp_cron=1391137452.1396169662475585937500 HTTP/1.0" 200 - "-" "SAE/fetchurl-j3ozn01wx2 WordPress/3.4.1; http://yansublog.sinaapp.com"
65.55.52.95 - - [31/Jan/2014:11:06:04 +0800] "GET /robots.txt HTTP/1.0" 200 110 "-" "Mozilla/5.0 (compatible; bingbot/2.0; +http://www.bing.com/bingbot.htm)"
65.55.52.95 - - [31/Jan/2014:11:08:29 +0800] "GET /2013/03/20/%E8%99%9A%E6%8B%9F%E5%8C%96%E4%B8%8E%E4%BA%91%E8%AE%A1%E7%AE%97%E4%B8%ADkvmxenqemu%E7%9A%84%E5%8C%BA%E5%88%AB%E5%92%8C%E8%81%94%E7%B3%BB/ HTTP/1.0" 200 25189 "-" "Mozilla/5.0 (compatible; bingbot/2.0; +http://www.bing.com/bingbot.htm)"
220.181.129.93 - - [31/Jan/2014:11:28:47 +0800] "POST /wp-cron.php?doing_wp_cron=1391138926.9972898960113525390625 HTTP/1.0" 200 - "-" "SAE/fetchurl-j3ozn01wx2 WordPress/3.4.1; http://yansublog.sinaapp.com"
213.186.119.135 - - [31/Jan/2014:11:28:46 +0800] "GET /feed/ HTTP/1.0" 200 52353 "-" "AhrefsBot.Feeds v0.1; http://ahrefs.com/"
220.181.129.93 - - [31/Jan/2014:12:46:16 +0800] "POST /wp-cron.php?doing_wp_cron=1391143576.2592239379882812500000 HTTP/1.0" 200 - "-" "SAE/fetchurl-j3ozn01wx2 WordPress/3.4.1; http://yansublog.sinaapp.com"
101.226.33.189 - - [31/Jan/2014:12:46:16 +0800] "GET /feed/ HTTP/1.0" 304 - "-" "Mozilla/4.0 (compatible; Windows;)"
220.181.129.93 - - [31/Jan/2014:13:29:55 +0800] "POST /wp-cron.php?doing_wp_cron=1391146195.3173120021820068359375 HTTP/1.0" 200 - "-" "SAE/fetchurl-j3ozn01wx2 WordPress/3.4.1; http://yansublog.sinaapp.com"
184.169.202.152 - - [31/Jan/2014:13:29:54 +0800] "GET /feed/ HTTP/1.0" 304 - "-" "Digg Feed Fetcher 1.0 (Mozilla/5.0 (Macintosh; Intel Mac OS X 10_7_1) AppleWebKit/534.48.3 (KHTML, like Gecko) Version/5.1 Safari/534.48.3)"
220.181.129.93 - - [31/Jan/2014:13:52:45 +0800] "POST /wp-cron.php?doing_wp_cron=1391147565.3523690700531005859375 HTTP/1.0" 200 - "-" "SAE/fetchurl-j3ozn01wx2 WordPress/3.4.1; http://yansublog.sinaapp.com"
106.120.173.126 - - [31/Jan/2014:13:52:45 +0800] "GET /robots.txt HTTP/1.0" 200 110 "-" "Sogou web spider/4.0(+http://www.sogou.com/docs/help/webmasters.htm#07)"
106.120.173.126 - - [31/Jan/2014:14:12:41 +0800] "GET /author/yansu0711/ HTTP/1.0" 200 47493 "-" "Sogou web spider/4.0(+http://www.sogou.com/docs/help/webmasters.htm#07)"
66.249.64.15 - - [31/Jan/2014:14:27:53 +0800] "GET /robots.txt HTTP/1.0" 200 110 "-" "Mozilla/5.0 (compatible; Googlebot/2.1; +http://www.google.com/bot.html)"
66.249.64.15 - - [31/Jan/2014:14:27:54 +0800] "GET /category/%E5%85%B6%E4%BB%96/ HTTP/1.0" 200 17858 "-" "Mozilla/5.0 (compatible; Googlebot/2.1; +http://www.google.com/bot.html)"
220.181.129.93 - - [31/Jan/2014:14:48:48 +0800] "POST /wp-cron.php?doing_wp_cron=1391150928.3791310787200927734375 HTTP/1.0" 200 - "-" "SAE/fetchurl-j3ozn01wx2 WordPress/3.4.1; http://yansublog.sinaapp.com"
101.226.33.180 - - [31/Jan/2014:14:48:48 +0800] "GET /feed/ HTTP/1.0" 304 - "-" "Mozilla/4.0 (compatible; Windows;)"
66.249.64.15 - - [31/Jan/2014:15:06:28 +0800] "GET /tag/ceilometer/feed/ HTTP/1.0" 200 12181 "-" "Mozilla/5.0 (compatible; Googlebot/2.1; +http://www.google.com/bot.html)"
220.181.129.102 - - [31/Jan/2014:17:13:23 +0800] "POST /wp-cron.php?doing_wp_cron=1391159603.5962200164794921875000 HTTP/1.0" 200 - "-" "SAE/fetchurl-j3ozn01wx2 WordPress/3.4.1; http://yansublog.sinaapp.com"
66.249.64.42 - - [31/Jan/2014:17:13:23 +0800] "GET /category/mysql/ HTTP/1.0" 200 17662 "-" "Mozilla/5.0 (compatible; Googlebot/2.1; +http://www.google.com/bot.html)"
66.249.64.41 - - [31/Jan/2014:17:37:51 +0800] "GET /page/3/ HTTP/1.0" 200 46654 "-" "Mozilla/5.0 (compatible; Googlebot/2.1; +http://www.google.com/bot.html)"
204.236.146.161 - - [31/Jan/2014:17:41:00 +0800] "GET /feed/ HTTP/1.0" 304 - "-" "Digg Feed Fetcher 1.0 (Mozilla/5.0 (Macintosh; Intel Mac OS X 10_7_1) AppleWebKit/534.48.3 (KHTML, like Gecko) Version/5.1 Safari/534.48.3)"
220.181.129.102 - - [31/Jan/2014:19:39:03 +0800] "POST /wp-cron.php?doing_wp_cron=1391168343.9063830375671386718750 HTTP/1.0" 200 - "-" "SAE/fetchurl-j3ozn01wx2 WordPress/3.4.1; http://yansublog.sinaapp.com"
101.226.33.171 - - [31/Jan/2014:19:39:03 +0800] "GET /feed/ HTTP/1.0" 304 - "-" "Mozilla/4.0 (compatible; Windows;)"
220.181.129.102 - - [31/Jan/2014:20:28:31 +0800] "POST /wp-cron.php?doing_wp_cron=1391171311.0812220573425292968750 HTTP/1.0" 200 - "-" "SAE/fetchurl-j3ozn01wx2 WordPress/3.4.1; http://yansublog.sinaapp.com"
213.186.119.135 - - [31/Jan/2014:20:28:30 +0800] "GET /feed/ HTTP/1.0" 200 14315 "-" "AhrefsBot.Feeds v0.1; http://ahrefs.com/"
220.181.129.102 - - [31/Jan/2014:22:13:48 +0800] "POST /wp-cron.php?doing_wp_cron=1391177628.9735109806060791015625 HTTP/1.0" 200 - "-" "SAE/fetchurl-j3ozn01wx2 WordPress/3.4.1; http://yansublog.sinaapp.com"
54.219.33.174 - - [31/Jan/2014:22:13:48 +0800] "GET /feed/ HTTP/1.0" 304 - "-" "Digg Feed Fetcher 1.0 (Mozilla/5.0 (Macintosh; Intel Mac OS X 10_7_1) AppleWebKit/534.48.3 (KHTML, like Gecko) Version/5.1 Safari/534.48.3)"
101.226.33.190 - - [31/Jan/2014:22:25:59 +0800] "GET /feed/ HTTP/1.0" 304 - "-" "Mozilla/4.0 (compatible; Windows;)"
220.181.129.93 - - [31/Jan/2014:23:16:01 +0800] "POST /wp-cron.php?doing_wp_cron=1391181361.9113750457763671875000 HTTP/1.0" 200 - "-" "SAE/fetchurl-j3ozn01wx2 WordPress/3.4.1; http://yansublog.sinaapp.com"
66.249.64.41 - - [31/Jan/2014:23:16:01 +0800] "GET /category/windows/ HTTP/1.0" 200 18327 "-" "Mozilla/5.0 (compatible; Googlebot/2.1; +http://www.google.com/bot.html)"
66.249.76.131 - - [31/Jan/2014:23:18:12 +0800] "GET /2013/03/27/openstack%E7%9B%91%E6%8E%A7%E9%A1%B9%E7%9B%AEceilometer%E7%9A%84%E4%B8%80%E4%BA%9B%E6%9C%AF%E8%AF%AD/ HTTP/1.0" 200 23191 "-" "DoCoMo/2.0 N905i(c100;TB;W24H16) (compatible; Googlebot-Mobile/2.1; +http://www.google.com/bot.html)"
220.181.129.93 - - [31/Jan/2014:23:59:40 +0800] "POST /wp-cron.php?doing_wp_cron=1391183980.6770219802856445312500 HTTP/1.0" 200 - "-" "SAE/fetchurl-j3ozn01wx2 WordPress/3.4.1; http://yansublog.sinaapp.com"
101.226.33.171 - - [31/Jan/2014:23:59:40 +0800] "GET /feed/ HTTP/1.0" 304 - "-" "Mozilla/4.0 (compatible; Windows;)"
220.181.129.93 - - [01/Feb/2014:01:05:38 +0800] "POST /wp-cron.php?doing_wp_cron=1391187938.6533179283142089843750 HTTP/1.0" 200 - "-" "SAE/fetchurl-j3ozn01wx2 WordPress/3.4.1; http://yansublog.sinaapp.com"
66.249.64.42 - - [01/Feb/2014:01:05:38 +0800] "GET /2013/03/21/openstack-ceilometer%E7%AE%80%E4%BB%8B/ HTTP/1.0" 200 25308 "-" "SAMSUNG-SGH-E250/1.0 Profile/MIDP-2.0 Configuration/CLDC-1.1 UP.Browser/6.2.3.3.c.1.101 (GUI) MMP/2.0 (compatible; Googlebot-Mobile/2.1; +http://www.google.com/bot.html)"
218.240.38.162 - - [01/Feb/2014:01:22:56 +0800] "GET /feed/ HTTP/1.0" 304 - "-" "Xianguo.com 1 Subscribers"
220.181.129.102 - - [01/Feb/2014:02:23:34 +0800] "POST /wp-cron.php?doing_wp_cron=1391192614.6364390850067138671875 HTTP/1.0" 200 - "-" "SAE/fetchurl-j3ozn01wx2 WordPress/3.4.1; http://yansublog.sinaapp.com"
101.226.33.179 - - [01/Feb/2014:02:23:34 +0800] "GET /feed/ HTTP/1.0" 304 - "-" "Mozilla/4.0 (compatible; Windows;)"
220.181.129.102 - - [01/Feb/2014:02:48:32 +0800] "POST /wp-cron.php?doing_wp_cron=1391194112.6464190483093261718750 HTTP/1.0" 200 - "-" "SAE/fetchurl-j3ozn01wx2 WordPress/3.4.1; http://yansublog.sinaapp.com"
204.236.145.218 - - [01/Feb/2014:02:48:32 +0800] "GET /feed/ HTTP/1.0" 304 - "-" "Digg Feed Fetcher 1.0 (Mozilla/5.0 (Macintosh; Intel Mac OS X 10_7_1) AppleWebKit/534.48.3 (KHTML, like Gecko) Version/5.1 Safari/534.48.3)"
220.181.129.93 - - [01/Feb/2014:03:59:37 +0800] "POST /wp-cron.php?doing_wp_cron=1391198377.4618289470672607421875 HTTP/1.0" 200 - "-" "SAE/fetchurl-j3ozn01wx2 WordPress/3.4.1; http://yansublog.sinaapp.com"
218.240.38.162 - - [01/Feb/2014:03:59:37 +0800] "GET /feed/ HTTP/1.0" 304 - "-" "Xianguo.com 1 Subscribers"
220.181.129.102 - - [01/Feb/2014:04:58:21 +0800] "POST /wp-cron.php?doing_wp_cron=1391201901.0202450752258300781250 HTTP/1.0" 200 - "-" "SAE/fetchurl-j3ozn01wx2 WordPress/3.4.1; http://yansublog.sinaapp.com"
66.249.64.5 - - [01/Feb/2014:04:58:20 +0800] "GET /category/%E5%85%B6%E4%BB%96/feed/ HTTP/1.0" 200 7637 "-" "Mozilla/5.0 (compatible; Googlebot/2.1; +http://www.google.com/bot.html)"
66.249.64.13 - - [01/Feb/2014:05:14:12 +0800] "GET /sitemap-pt-post-2013-03.xml HTTP/1.0" 200 2900 "-" "Mozilla/5.0 (compatible; Googlebot/2.1; +http://www.google.com/bot.html)"
213.186.119.135 - - [01/Feb/2014:05:22:08 +0800] "GET /feed/ HTTP/1.0" 200 24656 "-" "AhrefsBot.Feeds v0.1; http://ahrefs.com/"
220.181.129.93 - - [01/Feb/2014:06:30:33 +0800] "POST /wp-cron.php?doing_wp_cron=1391207433.5982379913330078125000 HTTP/1.0" 200 - "-" "SAE/fetchurl-j3ozn01wx2 WordPress/3.4.1; http://yansublog.sinaapp.com"
183.60.215.119 - - [01/Feb/2014:06:30:33 +0800] "GET /sitemap-misc.xml HTTP/1.0" 200 902 "-" "Mozilla/5.0 (Windows NT 6.1; rv:16.0) Gecko/20100101 Firefox/16.0"
218.240.38.162 - - [01/Feb/2014:06:38:28 +0800] "GET /feed/ HTTP/1.0" 304 - "-" "Xianguo.com 1 Subscribers"
220.181.129.102 - - [01/Feb/2014:07:02:40 +0800] "POST /wp-cron.php?doing_wp_cron=1391209360.5985538959503173828125 HTTP/1.0" 200 - "-" "SAE/fetchurl-j3ozn01wx2 WordPress/3.4.1; http://yansublog.sinaapp.com"
54.215.29.126 - - [01/Feb/2014:07:02:40 +0800] "GET /feed/ HTTP/1.0" 304 - "-" "Digg Feed Fetcher 1.0 (Mozilla/5.0 (Macintosh; Intel Mac OS X 10_7_1) AppleWebKit/534.48.3 (KHTML, like Gecko) Version/5.1 Safari/534.48.3)"
220.181.129.102 - - [01/Feb/2014:09:24:56 +0800] "POST /wp-cron.php?doing_wp_cron=1391217896.2895400524139404296875 HTTP/1.0" 200 - "-" "SAE/fetchurl-j3ozn01wx2 WordPress/3.4.1; http://yansublog.sinaapp.com"
218.240.38.162 - - [01/Feb/2014:09:24:56 +0800] "GET /feed/ HTTP/1.0" 200 61688 "-" "Xianguo.com 1 Subscribers"
66.249.64.15 - - [01/Feb/2014:09:44:35 +0800] "GET /sitemap-pt-post-2012-09.xml HTTP/1.0" 200 2038 "-" "Mozilla/5.0 (compatible; Googlebot/2.1; +http://www.google.com/bot.html)"
220.181.129.93 - - [01/Feb/2014:10:18:47 +0800] "POST /wp-cron.php?doing_wp_cron=1391221127.9535379409790039062500 HTTP/1.0" 200 - "-" "SAE/fetchurl-j3ozn01wx2 WordPress/3.4.1; http://yansublog.sinaapp.com"
101.226.33.190 - - [01/Feb/2014:10:18:47 +0800] "GET /feed/ HTTP/1.0" 304 - "-" "Mozilla/4.0 (compatible; Windows;)"
220.181.129.102 - - [01/Feb/2014:11:07:44 +0800] "POST /wp-cron.php?doing_wp_cron=1391224064.9435150623321533203125 HTTP/1.0" 200 - "-" "SAE/fetchurl-j3ozn01wx2 WordPress/3.4.1; http://yansublog.sinaapp.com"
54.241.218.191 - - [01/Feb/2014:11:07:44 +0800] "GET /feed/ HTTP/1.0" 304 - "-" "Digg Feed Fetcher 1.0 (Mozilla/5.0 (Macintosh; Intel Mac OS X 10_7_1) AppleWebKit/534.48.3 (KHTML, like Gecko) Version/5.1 Safari/534.48.3)"
220.181.129.102 - - [01/Feb/2014:11:36:40 +0800] "POST /wp-cron.php?doing_wp_cron=1391225800.3967170715332031250000 HTTP/1.0" 200 - "-" "SAE/fetchurl-j3ozn01wx2 WordPress/3.4.1; http://yansublog.sinaapp.com"
