115.45.194.17 - - [01/Feb/2014:11:36:40 +0800] "GET /2012/11/09/emacs%E5%88%A9%E7%94%A8org2blog%E5%86%99%E5%8D%9A%E5%AE%A2/ HTTP/1.0" 200 28009 "https://www.google.com.hk/" "Mozilla/5.0 (X11; Linux x86_64) AppleWebKit/537.36 (KHTML, like Gecko) Chrome/32.0.1700.77 Safari/537.36"
66.249.64.41 - - [01/Feb/2014:13:10:24 +0800] "GET /sitemap-pt-post-2013-03.xml HTTP/1.0" 200 2900 "-" "Mozilla/5.0 (compatible; Googlebot/2.1; +http://www.google.com/bot.html)"
220.181.129.102 - - [01/Feb/2014:13:10:24 +0800] "POST /wp-cron.php?doing_wp_cron=1391231424.3432281017303466796875 HTTP/1.0" 200 - "-" "SAE/fetchurl-j3ozn01wx2 WordPress/3.4.1; http://yansublog.sinaapp.com"
66.249.64.41 - - [01/Feb/2014:13:11:09 +0800] "GET /tag/markdown/ HTTP/1.0" 200 17817 "-" "Mozilla/5.0 (compatible; Googlebot/2.1; +http://www.google.com/bot.html)"
220.181.129.93 - - [01/Feb/2014:14:20:57 +0800] "POST /wp-cron.php?doing_wp_cron=1391235657.4082689285278320312500 HTTP/1.0" 200 - "-" "SAE/fetchurl-j3ozn01wx2 WordPress/3.4.1; http://yansublog.sinaapp.com"
213.186.119.135 - - [01/Feb/2014:14:20:57 +0800] "GET /feed/ HTTP/1.0" 200 14315 "-" "AhrefsBot.Feeds v0.1; http://ahrefs.com/"
220.181.129.102 - - [01/Feb/2014:15:04:39 +0800] "POST /wp-cron.php?doing_wp_cron=1391238279.5419299602508544921875 HTTP/1.0" 200 - "-" "SAE/fetchurl-j3ozn01wx2 WordPress/3.4.1; http://yansublog.sinaapp.com"
204.236.145.76 - - [01/Feb/2014:15:04:39 +0800] "GET /feed/ HTTP/1.0" 304 - "-" "Digg Feed Fetcher 1.0 (Mozilla/5.0 (Macintosh; Intel Mac OS X 10_7_1) AppleWebKit/534.48.3 (KHTML, like Gecko) Version/5.1 Safari/534.48.3)"
101.226.33.188 - - [01/Feb/2014:15:12:06 +0800] "GET /feed/ HTTP/1.0" 304 - "-" "Mozilla/4.0 (compatible; Windows;)"
220.181.129.93 - - [01/Feb/2014:16:05:45 +0800] "POST /wp-cron.php?doing_wp_cron=1391241945.8336110115051269531250 HTTP/1.0" 200 - "-" "SAE/fetchurl-j3ozn01wx2 WordPress/3.4.1; http://yansublog.sinaapp.com"
218.240.38.162 - - [01/Feb/2014:16:05:45 +0800] "GET /feed/ HTTP/1.0" 304 - "-" "Xianguo.com 1 Subscribers"
101.226.33.190 - - [01/Feb/2014:16:52:33 +0800] "GET /feed/ HTTP/1.0" 304 - "-" "Mozilla/4.0 (compatible; Windows;)"
220.181.129.93 - - [01/Feb/2014:16:52:33 +0800] "POST /wp-cron.php?doing_wp_cron=1391244753.4241058826446533203125 HTTP/1.0" 200 - "-" "SAE/fetchurl-j3ozn01wx2 WordPress/3.4.1; http://yansublog.sinaapp.com"
66.249.64.5 - - [01/Feb/2014:17:41:15 +0800] "GET /robots.txt HTTP/1.0" 200 110 "-" "Mozilla/5.0 (compatible; Googlebot/2.1; +http://www.google.com/bot.html)"
66.249.64.5 - - [01/Feb/2014:17:41:16 +0800] "GET /2013/01/13/%E9%83%A8%E7%BD%B2openstack%E7%9B%91%E6%8E%A7%E7%A8%8B%E5%BA%8Fkanyun/ HTTP/1.0" 200 23714 "-" "Mozilla/5.0 (iPhone; CPU iPhone OS 6_0 like Mac OS X) AppleWebKit/536.26 (KHTML, like Gecko) Version/6.0 Mobile/10A5376e Safari/8536.25 (compatible; Googlebot-Mobile/2.1; +http://www.google.com/bot.html)"
220.181.129.102 - - [01/Feb/2014:19:08:02 +0800] "POST /wp-cron.php?doing_wp_cron=1391252882.6304409503936767578125 HTTP/1.0" 200 - "-" "SAE/fetchurl-j3ozn01wx2 WordPress/3.4.1; http://yansublog.sinaapp.com"
184.169.234.190 - - [01/Feb/2014:19:08:02 +0800] "GET /feed/ HTTP/1.0" 304 - "-" "Digg Feed Fetcher 1.0 (Mozilla/5.0 (Macintosh; Intel Mac OS X 10_7_1) AppleWebKit/534.48.3 (KHTML, like Gecko) Version/5.1 Safari/534.48.3)"
220.181.129.102 - - [01/Feb/2014:20:18:51 +0800] "POST /wp-cron.php?doing_wp_cron=1391257131.4063589572906494140625 HTTP/1.0" 200 - "-" "SAE/fetchurl-j3ozn01wx2 WordPress/3.4.1; http://yansublog.sinaapp.com"
157.55.32.86 - - [01/Feb/2014:20:18:51 +0800] "GET /robots.txt HTTP/1.0" 200 110 "-" "Mozilla/5.0 (compatible; bingbot/2.0; +http://www.bing.com/bingbot.htm)"
220.181.129.102 - - [01/Feb/2014:21:02:15 +0800] "POST /wp-cron.php?doing_wp_cron=1391259735.7365460395812988281250 HTTP/1.0" 200 - "-" "SAE/fetchurl-j3ozn01wx2 WordPress/3.4.1; http://yansublog.sinaapp.com"
101.226.33.179 - - [01/Feb/2014:21:02:15 +0800] "GET /feed/ HTTP/1.0" 304 - "-" "Mozilla/4.0 (compatible; Windows;)"
220.181.129.93 - - [01/Feb/2014:22:49:46 +0800] "POST /wp-cron.php?doing_wp_cron=1391266186.1411569118499755859375 HTTP/1.0" 200 - "-" "SAE/fetchurl-j3ozn01wx2 WordPress/3.4.1; http://yansublog.sinaapp.com"
157.55.32.86 - - [01/Feb/2014:22:49:45 +0800] "GET / HTTP/1.0" 200 47324 "-" "Mozilla/5.0 (compatible; bingbot/2.0; +http://www.bing.com/bingbot.htm)"
184.169.234.190 - - [01/Feb/2014:23:16:33 +0800] "GET /feed/ HTTP/1.0" 304 - "-" "Digg Feed Fetcher 1.0 (Mozilla/5.0 (Macintosh; Intel Mac OS X 10_7_1) AppleWebKit/534.48.3 (KHTML, like Gecko) Version/5.1 Safari/534.48.3)"
213.186.119.135 - - [01/Feb/2014:23:20:37 +0800] "GET /feed/ HTTP/1.0" 200 38502 "-" "AhrefsBot.Feeds v0.1; http://ahrefs.com/"
220.181.129.93 - - [01/Feb/2014:23:40:06 +0800] "POST /wp-cron.php?doing_wp_cron=1391269206.1805019378662109375000 HTTP/1.0" 200 - "-" "SAE/fetchurl-j3ozn01wx2 WordPress/3.4.1; http://yansublog.sinaapp.com"
101.226.33.182 - - [01/Feb/2014:23:40:05 +0800] "GET /feed/ HTTP/1.0" 304 - "-" "Mozilla/4.0 (compatible; Windows;)"
220.181.129.102 - - [01/Feb/2014:23:48:37 +0800] "POST /wp-cron.php?doing_wp_cron=1391269717.0655400753021240234375 HTTP/1.0" 200 - "-" "SAE/fetchurl-j3ozn01wx2 WordPress/3.4.1; http://yansublog.sinaapp.com"
218.240.38.162 - - [01/Feb/2014:23:48:36 +0800] "GET /feed/ HTTP/1.0" 304 - "-" "Xianguo.com 1 Subscribers"
66.249.84.73 - - [02/Feb/2014:00:38:25 +0800] "GET / HTTP/1.0" 200 47324 "-" "Mozilla/5.0 (Windows NT 6.1; rv:6.0) Gecko/20110814 Firefox/6.0 Google favicon"
220.181.129.102 - - [02/Feb/2014:00:53:24 +0800] "POST /wp-cron.php?doing_wp_cron=1391273604.6104919910430908203125 HTTP/1.0" 200 - "-" "SAE/fetchurl-j3ozn01wx2 WordPress/3.4.1; http://yansublog.sinaapp.com"
66.249.76.127 - - [02/Feb/2014:00:53:24 +0800] "GET /2013/01/16/git%E5%88%9B%E5%BB%BA%E8%BF%9C%E7%A8%8B%E5%BA%93/ HTTP/1.0" 200 21275 "-" "DoCoMo/2.0 N905i(c100;TB;W24H16) (compatible; Googlebot-Mobile/2.1; +http://www.google.com/bot.html)"
101.226.33.179 - - [02/Feb/2014:01:25:16 +0800] "GET /feed/ HTTP/1.0" 304 - "-" "Mozilla/4.0 (compatible; Windows;)"
220.181.129.93 - - [02/Feb/2014:02:20:21 +0800] "POST /wp-cron.php?doing_wp_cron=1391278821.9138228893280029296875 HTTP/1.0" 200 - "-" "SAE/fetchurl-j3ozn01wx2 WordPress/3.4.1; http://yansublog.sinaapp.com"
218.240.38.162 - - [02/Feb/2014:02:20:21 +0800] "GET /feed/ HTTP/1.0" 304 - "-" "Xianguo.com 1 Subscribers"
66.249.64.5 - - [02/Feb/2014:03:23:58 +0800] "GET /2013/03/25/linux%E4%B8%8B%E5%BC%80%E5%90%AFlibvirtd%E7%9A%84tcp%E7%9B%91%E6%8E%A7/ HTTP/1.0" 200 21128 "-" "SAMSUNG-SGH-E250/1.0 Profile/MIDP-2.0 Configuration/CLDC-1.1 UP.Browser/6.2.3.3.c.1.101 (GUI) MMP/2.0 (compatible; Googlebot-Mobile/2.1; +http://www.google.com/bot.html)"
220.181.129.102 - - [02/Feb/2014:03:23:58 +0800] "POST /wp-cron.php?doing_wp_cron=1391282638.5010271072387695312500 HTTP/1.0" 200 - "-" "SAE/fetchurl-j3ozn01wx2 WordPress/3.4.1; http://yansublog.sinaapp.com"
54.219.229.10 - - [02/Feb/2014:03:27:09 +0800] "GET /feed/ HTTP/1.0" 304 - "-" "Digg Feed Fetcher 1.0 (Mozilla/5.0 (Macintosh; Intel Mac OS X 10_7_1) AppleWebKit/534.48.3 (KHTML, like Gecko) Version/5.1 Safari/534.48.3)"
220.181.129.93 - - [02/Feb/2014:04:05:30 +0800] "POST /wp-cron.php?doing_wp_cron=1391285130.9456210136413574218750 HTTP/1.0" 200 - "-" "SAE/fetchurl-j3ozn01wx2 WordPress/3.4.1; http://yansublog.sinaapp.com"
101.226.33.182 - - [02/Feb/2014:04:05:30 +0800] "GET /feed/ HTTP/1.0" 304 - "-" "Mozilla/4.0 (compatible; Windows;)"
220.181.129.102 - - [02/Feb/2014:05:02:43 +0800] "POST /wp-cron.php?doing_wp_cron=1391288563.7634348869323730468750 HTTP/1.0" 200 - "-" "SAE/fetchurl-j3ozn01wx2 WordPress/3.4.1; http://yansublog.sinaapp.com"
66.249.76.139 - - [02/Feb/2014:05:02:43 +0800] "GET /tag/git-2/ HTTP/1.0" 200 17872 "-" "DoCoMo/2.0 N905i(c100;TB;W24H16) (compatible; Googlebot-Mobile/2.1; +http://www.google.com/bot.html)"
66.249.64.41 - - [02/Feb/2014:05:07:09 +0800] "GET /sitemap-pt-post-2013-06.xml HTTP/1.0" 200 993 "-" "Mozilla/5.0 (compatible; Googlebot/2.1; +http://www.google.com/bot.html)"
66.249.64.42 - - [02/Feb/2014:05:13:10 +0800] "GET /tag/kanyun/ HTTP/1.0" 200 26982 "-" "Mozilla/5.0 (iPhone; CPU iPhone OS 6_0 like Mac OS X) AppleWebKit/536.26 (KHTML, like Gecko) Version/6.0 Mobile/10A5376e Safari/8536.25 (compatible; Googlebot-Mobile/2.1; +http://www.google.com/bot.html)"
65.55.213.243 - - [02/Feb/2014:05:47:17 +0800] "GET /robots.txt HTTP/1.0" 200 110 "-" "msnbot/2.0b (+http://search.msn.com/msnbot.htm)"
65.55.213.243 - - [02/Feb/2014:05:47:17 +0800] "GET /sitemap.xml HTTP/1.0" 200 1861 "-" "msnbot/2.0b (+http://search.msn.com/msnbot.htm)"
65.55.213.243 - - [02/Feb/2014:05:47:18 +0800] "GET /robots.txt HTTP/1.0" 200 110 "-" "msnbot/2.0b (+http://search.msn.com/msnbot.htm)"
65.55.213.243 - - [02/Feb/2014:05:47:19 +0800] "GET /sitemap-misc.xml HTTP/1.0" 200 903 "-" "msnbot/2.0b (+http://search.msn.com/msnbot.htm)"
65.55.213.243 - - [02/Feb/2014:05:47:20 +0800] "GET /sitemap-pt-post-2013-06.xml HTTP/1.0" 200 993 "-" "msnbot/2.0b (+http://search.msn.com/msnbot.htm)"
65.55.213.243 - - [02/Feb/2014:05:47:22 +0800] "GET /sitemap-pt-post-2013-03.xml HTTP/1.0" 200 2902 "-" "msnbot/2.0b (+http://search.msn.com/msnbot.htm)"
65.55.213.243 - - [02/Feb/2014:05:47:23 +0800] "GET /sitemap-pt-post-2013-02.xml HTTP/1.0" 200 1263 "-" "msnbot/2.0b (+http://search.msn.com/msnbot.htm)"
65.55.213.243 - - [02/Feb/2014:05:47:24 +0800] "GET /sitemap-pt-post-2013-01.xml HTTP/1.0" 200 2330 "-" "msnbot/2.0b (+http://search.msn.com/msnbot.htm)"
65.55.213.246 - - [02/Feb/2014:05:47:24 +0800] "GET /sitemap-pt-post-2012-12.xml HTTP/1.0" 200 2532 "-" "msnbot/2.0b (+http://search.msn.com/msnbot.htm)"
65.55.213.246 - - [02/Feb/2014:05:47:25 +0800] "GET /sitemap-pt-post-2012-11.xml HTTP/1.0" 200 1463 "-" "msnbot/2.0b (+http://search.msn.com/msnbot.htm)"
65.55.213.246 - - [02/Feb/2014:05:47:26 +0800] "GET /sitemap-pt-post-2012-09.xml HTTP/1.0" 200 2035 "-" "msnbot/2.0b (+http://search.msn.com/msnbot.htm)"
220.181.129.93 - - [02/Feb/2014:07:02:44 +0800] "POST /wp-cron.php?doing_wp_cron=1391295764.6196401119232177734375 HTTP/1.0" 200 - "-" "SAE/fetchurl-j3ozn01wx2 WordPress/3.4.1; http://yansublog.sinaapp.com"
66.249.64.5 - - [02/Feb/2014:07:02:44 +0800] "GET /sitemap-pt-post-2013-01.xml HTTP/1.0" 200 2331 "-" "Mozilla/5.0 (compatible; Googlebot/2.1; +http://www.google.com/bot.html)"
101.226.33.174 - - [02/Feb/2014:07:15:07 +0800] "GET /feed/ HTTP/1.0" 304 - "-" "Mozilla/4.0 (compatible; Windows;)"
184.169.202.152 - - [02/Feb/2014:07:30:34 +0800] "GET /feed/ HTTP/1.0" 304 - "-" "Digg Feed Fetcher 1.0 (Mozilla/5.0 (Macintosh; Intel Mac OS X 10_7_1) AppleWebKit/534.48.3 (KHTML, like Gecko) Version/5.1 Safari/534.48.3)"
220.181.129.102 - - [02/Feb/2014:08:20:14 +0800] "POST /wp-cron.php?doing_wp_cron=1391300414.9810709953308105468750 HTTP/1.0" 200 - "-" "SAE/fetchurl-j3ozn01wx2 WordPress/3.4.1; http://yansublog.sinaapp.com"
66.249.64.41 - - [02/Feb/2014:08:20:14 +0800] "GET /2013/03/20/%E8%99%9A%E6%8B%9F%E5%8C%96%E4%B8%8E%E4%BA%91%E8%AE%A1%E7%AE%97%E4%B8%ADkvmxenqemu%E7%9A%84%E5%8C%BA%E5%88%AB%E5%92%8C%E8%81%94%E7%B3%BB/ HTTP/1.0" 200 25189 "-" "Mozilla/5.0 (compatible; Googlebot/2.1; +http://www.google.com/bot.html)"
213.186.119.135 - - [02/Feb/2014:08:23:33 +0800] "GET /feed/ HTTP/1.0" 200 61472 "-" "AhrefsBot.Feeds v0.1; http://ahrefs.com/"
101.226.33.189 - - [02/Feb/2014:08:36:35 +0800] "GET /feed/ HTTP/1.0" 304 - "-" "Mozilla/4.0 (compatible; Windows;)"
220.181.129.93 - - [02/Feb/2014:08:55:41 +0800] "POST /wp-cron.php?doing_wp_cron=1391302541.1697480678558349609375 HTTP/1.0" 200 - "-" "SAE/fetchurl-j3ozn01wx2 WordPress/3.4.1; http://yansublog.sinaapp.com"
157.56.229.189 - - [02/Feb/2014:08:55:40 +0800] "GET /robots.txt HTTP/1.0" 200 110 "-" "Mozilla/5.0 (compatible; bingbot/2.0; +http://www.bing.com/bingbot.htm)"
157.56.229.189 - - [02/Feb/2014:08:58:29 +0800] "GET /2013/03/27/openstack%e7%9b%91%e6%8e%a7%e9%a1%b9%e7%9b%aeceilometer%e7%9a%84%e4%b8%80%e4%ba%9b%e6%9c%af%e8%af%ad/ HTTP/1.0" 200 23191 "-" "Mozilla/5.0 (compatible; bingbot/2.0; +http://www.bing.com/bingbot.htm)"
220.181.129.93 - - [02/Feb/2014:10:43:43 +0800] "POST /wp-cron.php?doing_wp_cron=1391309023.8904991149902343750000 HTTP/1.0" 200 - "-" "SAE/fetchurl-j3ozn01wx2 WordPress/3.4.1; http://yansublog.sinaapp.com"
101.226.33.189 - - [02/Feb/2014:10:43:43 +0800] "GET /feed/ HTTP/1.0" 304 - "-" "Mozilla/4.0 (compatible; Windows;)"
220.181.129.102 - - [02/Feb/2014:11:37:03 +0800] "POST /wp-cron.php?doing_wp_cron=1391312223.6993849277496337890625 HTTP/1.0" 200 - "-" "SAE/fetchurl-j3ozn01wx2 WordPress/3.4.1; http://yansublog.sinaapp.com"
184.169.230.240 - - [02/Feb/2014:11:37:03 +0800] "GET /feed/ HTTP/1.0" 304 - "-" "Digg Feed Fetcher 1.0 (Mozilla/5.0 (Macintosh; Intel Mac OS X 10_7_1) AppleWebKit/534.48.3 (KHTML, like Gecko) Version/5.1 Safari/534.48.3)"
218.240.38.162 - - [02/Feb/2014:12:55:33 +0800] "GET /feed/ HTTP/1.0" 304 - "-" "Xianguo.com 1 Subscribers"
220.181.129.102 - - [02/Feb/2014:12:55:34 +0800] "POST /wp-cron.php?doing_wp_cron=1391316934.0420050621032714843750 HTTP/1.0" 200 - "-" "SAE/fetchurl-j3ozn01wx2 WordPress/3.4.1; http://yansublog.sinaapp.com"
101.226.33.171 - - [02/Feb/2014:13:17:27 +0800] "GET /feed/ HTTP/1.0" 304 - "-" "Mozilla/4.0 (compatible; Windows;)"
66.249.64.41 - - [02/Feb/2014:13:19:11 +0800] "GET / HTTP/1.0" 200 47324 "-" "Mozilla/5.0 (compatible; Googlebot/2.1; +http://www.google.com/bot.html)"
66.249.64.41 - - [02/Feb/2014:13:32:20 +0800] "GET /wp-login.php HTTP/1.0" 200 3262 "-" "Mozilla/5.0 (compatible; Googlebot/2.1; +http://www.google.com/bot.html)"
220.181.129.93 - - [02/Feb/2014:14:29:10 +0800] "POST /wp-cron.php?doing_wp_cron=1391322550.6899709701538085937500 HTTP/1.0" 200 - "-" "SAE/fetchurl-j3ozn01wx2 WordPress/3.4.1; http://yansublog.sinaapp.com"
66.249.64.13 - - [02/Feb/2014:14:29:10 +0800] "GET /feed/ HTTP/1.0" 200 29578 "-" "Mozilla/5.0 (compatible; Googlebot/2.1; +http://www.google.com/bot.html)"
220.181.129.102 - - [02/Feb/2014:15:28:49 +0800] "POST /wp-cron.php?doing_wp_cron=1391326129.0900099277496337890625 HTTP/1.0" 200 - "-" "SAE/fetchurl-j3ozn01wx2 WordPress/3.4.1; http://yansublog.sinaapp.com"
101.226.33.174 - - [02/Feb/2014:15:28:48 +0800] "GET /feed/ HTTP/1.0" 304 - "-" "Mozilla/4.0 (compatible; Windows;)"
50.18.85.84 - - [02/Feb/2014:15:37:15 +0800] "GET /feed/ HTTP/1.0" 304 - "-" "Digg Feed Fetcher 1.0 (Mozilla/5.0 (Macintosh; Intel Mac OS X 10_7_1) AppleWebKit/534.48.3 (KHTML, like Gecko) Version/5.1 Safari/534.48.3)"
220.181.129.93 - - [02/Feb/2014:16:44:15 +0800] "POST /wp-cron.php?doing_wp_cron=1391330655.1999580860137939453125 HTTP/1.0" 200 - "-" "SAE/fetchurl-j3ozn01wx2 WordPress/3.4.1; http://yansublog.sinaapp.com"
66.249.76.123 - - [02/Feb/2014:16:44:14 +0800] "GET /2013/03/21/vnc%E5%92%8C%E8%BF%9C%E7%A8%8B%E6%A1%8C%E9%9D%A2%E7%9A%84%E5%8C%BA%E5%88%AB/ HTTP/1.0" 200 20838 "-" "Mozilla/5.0 (iPhone; CPU iPhone OS 6_0 like Mac OS X) AppleWebKit/536.26 (KHTML, like Gecko) Version/6.0 Mobile/10A5376e Safari/8536.25 (compatible; Googlebot-Mobile/2.1; +http://www.google.com/bot.html)"
220.181.129.102 - - [02/Feb/2014:17:21:45 +0800] "POST /wp-cron.php?doing_wp_cron=1391332905.1843149662017822265625 HTTP/1.0" 200 - "-" "SAE/fetchurl-j3ozn01wx2 WordPress/3.4.1; http://yansublog.sinaapp.com"
213.186.119.135 - - [02/Feb/2014:17:21:45 +0800] "GET /feed/ HTTP/1.0" 200 42946 "-" "AhrefsBot.Feeds v0.1; http://ahrefs.com/"
220.181.129.93 - - [02/Feb/2014:19:24:02 +0800] "POST /wp-cron.php?doing_wp_cron=1391340242.5982251167297363281250 HTTP/1.0" 200 - "-" "SAE/fetchurl-j3ozn01wx2 WordPress/3.4.1; http://yansublog.sinaapp.com"
183.60.215.30 - - [02/Feb/2014:19:24:02 +0800] "GET /sitemap-pt-post-2013-02.xml HTTP/1.0" 200 1265 "-" "Mozilla/5.0 (compatible; EasouSpider; +http://www.easou.com/search/spider.html)"
54.215.63.119 - - [02/Feb/2014:19:43:22 +0800] "GET /feed/ HTTP/1.0" 304 - "-" "Digg Feed Fetcher 1.0 (Mozilla/5.0 (Macintosh; Intel Mac OS X 10_7_1) AppleWebKit/534.48.3 (KHTML, like Gecko) Version/5.1 Safari/534.48.3)"
220.181.129.93 - - [02/Feb/2014:20:02:30 +0800] "POST /wp-cron.php?doing_wp_cron=1391342550.8784749507904052734375 HTTP/1.0" 200 - "-" "SAE/fetchurl-j3ozn01wx2 WordPress/3.4.1; http://yansublog.sinaapp.com"
66.249.64.5 - - [02/Feb/2014:20:02:29 +0800] "GET /robots.txt HTTP/1.0" 200 110 "-" "Mozilla/5.0 (compatible; Googlebot/2.1; +http://www.google.com/bot.html)"
66.249.64.5 - - [02/Feb/2014:20:02:32 +0800] "GET /sitemap-pt-post-2012-12.xml HTTP/1.0" 200 2536 "-" "Mozilla/5.0 (compatible; Googlebot/2.1; +http://www.google.com/bot.html)"
220.181.129.93 - - [02/Feb/2014:20:32:25 +0800] "POST /wp-cron.php?doing_wp_cron=1391344345.2902541160583496093750 HTTP/1.0" 200 - "-" "SAE/fetchurl-j3ozn01wx2 WordPress/3.4.1; http://yansublog.sinaapp.com"
218.240.38.162 - - [02/Feb/2014:20:32:24 +0800] "GET /feed/ HTTP/1.0" 304 - "-" "Xianguo.com 1 Subscribers"
101.226.33.189 - - [02/Feb/2014:20:36:44 +0800] "GET /feed/ HTTP/1.0" 304 - "-" "Mozilla/4.0 (compatible; Windows;)"
220.181.129.102 - - [02/Feb/2014:22:01:28 +0800] "POST /wp-cron.php?doing_wp_cron=1391349688.5307259559631347656250 HTTP/1.0" 200 - "-" "SAE/fetchurl-j3ozn01wx2 WordPress/3.4.1; http://yansublog.sinaapp.com"
101.226.33.182 - - [02/Feb/2014:22:01:28 +0800] "GET /feed/ HTTP/1.0" 304 - "-" "Mozilla/4.0 (compatible; Windows;)"
220.181.129.102 - - [02/Feb/2014:23:06:43 +0800] "POST /wp-cron.php?doing_wp_cron=1391353603.9256958961486816406250 HTTP/1.0" 200 - "-" "SAE/fetchurl-j3ozn01wx2 WordPress/3.4.1; http://yansublog.sinaapp.com"
218.240.38.162 - - [02/Feb/2014:23:06:43 +0800] "GET /feed/ HTTP/1.0" 304 - "-" "Xianguo.com 1 Subscribers"
220.181.129.93 - - [02/Feb/2014:23:56:37 +0800] "POST /wp-cron.php?doing_wp_cron=1391356597.4314169883728027343750 HTTP/1.0" 200 - "-" "SAE/fetchurl-j3ozn01wx2 WordPress/3.4.1; http://yansublog.sinaapp.com"
54.219.1.191 - - [02/Feb/2014:23:56:37 +0800] "GET /feed/ HTTP/1.0" 304 - "-" "Digg Feed Fetcher 1.0 (Mozilla/5.0 (Macintosh; Intel Mac OS X 10_7_1) AppleWebKit/534.48.3 (KHTML, like Gecko) Version/5.1 Safari/534.48.3)"
220.181.129.93 - - [03/Feb/2014:00:51:39 +0800] "POST /wp-cron.php?doing_wp_cron=1391359899.4134860038757324218750 HTTP/1.0" 200 - "-" "SAE/fetchurl-j3ozn01wx2 WordPress/3.4.1; http://yansublog.sinaapp.com"
66.249.76.1 - - [03/Feb/2014:00:51:39 +0800] "GET /2013/03/25/linux%E4%B8%8B%E5%BC%80%E5%90%AFlibvirtd%E7%9A%84tcp%E7%9B%91%E6%8E%A7/ HTTP/1.0" 200 21128 "-" "DoCoMo/2.0 N905i(c100;TB;W24H16) (compatible; Googlebot-Mobile/2.1; +http://www.google.com/bot.html)"
66.249.64.15 - - [03/Feb/2014:01:22:28 +0800] "GET /2013/03/19/%E5%9C%A8%E8%99%9A%E6%8B%9F%E6%9C%BA%E5%8D%95%E6%9C%BA%E9%83%A8%E7%BD%B2openstack/ HTTP/1.0" 200 22652 "-" "SAMSUNG-SGH-E250/1.0 Profile/MIDP-2.0 Configuration/CLDC-1.1 UP.Browser/6.2.3.3.c.1.101 (GUI) MMP/2.0 (compatible; Googlebot-Mobile/2.1; +http://www.google.com/bot.html)"
218.240.38.162 - - [03/Feb/2014:01:34:26 +0800] "GET /feed/ HTTP/1.0" 200 61558 "-" "Xianguo.com 1 Subscribers"
110.177.6.191 - - [03/Feb/2014:01:42:09 +0800] "GET /2012/11/09/emacs%E5%88%A9%E7%94%A8org2blog%E5%86%99%E5%8D%9A%E5%AE%A2/ HTTP/1.0" 200 28009 "https://www.google.com/" "Mozilla/5.0 (X11; Linux x86_64) AppleWebKit/537.36 (KHTML, like Gecko) Ubuntu Chromium/32.0.1700.102 Chrome/32.0.1700.102 Safari/537.36"
220.181.129.93 - - [03/Feb/2014:02:25:07 +0800] "POST /wp-cron.php?doing_wp_cron=1391365506.9889760017395019531250 HTTP/1.0" 200 - "-" "SAE/fetchurl-j3ozn01wx2 WordPress/3.4.1; http://yansublog.sinaapp.com"
213.186.119.135 - - [03/Feb/2014:02:25:06 +0800] "GET /feed/ HTTP/1.0" 200 61442 "-" "AhrefsBot.Feeds v0.1; http://ahrefs.com/"
101.226.33.190 - - [03/Feb/2014:02:34:31 +0800] "GET /feed/ HTTP/1.0" 304 - "-" "Mozilla/4.0 (compatible; Windows;)"
220.181.129.93 - - [03/Feb/2014:03:07:21 +0800] "POST /wp-cron.php?doing_wp_cron=1391368041.5634970664978027343750 HTTP/1.0" 200 - "-" "SAE/fetchurl-j3ozn01wx2 WordPress/3.4.1; http://yansublog.sinaapp.com"
66.249.64.42 - - [03/Feb/2014:03:07:21 +0800] "GET /tag/rdp/ HTTP/1.0" 200 18105 "-" "Mozilla/5.0 (compatible; Googlebot/2.1; +http://www.google.com/bot.html)"
101.226.33.190 - - [03/Feb/2014:03:08:26 +0800] "GET /feed/ HTTP/1.0" 304 - "-" "Mozilla/4.0 (compatible; Windows;)"
66.249.64.13 - - [03/Feb/2014:03:36:27 +0800] "GET /tag/markdown/feed/ HTTP/1.0" 200 7775 "-" "Mozilla/5.0 (compatible; Googlebot/2.1; +http://www.google.com/bot.html)"
220.181.129.93 - - [03/Feb/2014:04:09:12 +0800] "POST /wp-cron.php?doing_wp_cron=1391371752.2825610637664794921875 HTTP/1.0" 200 - "-" "SAE/fetchurl-j3ozn01wx2 WordPress/3.4.1; http://yansublog.sinaapp.com"
184.72.5.127 - - [03/Feb/2014:04:09:12 +0800] "GET /feed/ HTTP/1.0" 304 - "-" "Digg Feed Fetcher 1.0 (Mozilla/5.0 (Macintosh; Intel Mac OS X 10_7_1) AppleWebKit/534.48.3 (KHTML, like Gecko) Version/5.1 Safari/534.48.3)"
66.249.64.15 - - [03/Feb/2014:04:30:48 +0800] "GET /2012/09/19/php%E6%93%8D%E4%BD%9Csession%E7%9A%84%E5%8E%9F%E7%90%86%E5%8F%8A%E6%8F%90%E5%8D%87%E5%AE%89%E5%85%A8%E6%80%A7%E6%97%B6%E7%9A%84%E4%B8%80%E4%B8%AA%E9%97%AE%E9%A2%98/ HTTP/1.0" 200 30854 "-" "Mozilla/5.0 (iPhone; CPU iPhone OS 6_0 like Mac OS X) AppleWebKit/536.26 (KHTML, like Gecko) Version/6.0 Mobile/10A5376e Safari/8536.25 (compatible; Googlebot-Mobile/2.1; +http://www.google.com/bot.html)"
220.181.129.102 - - [03/Feb/2014:05:23:48 +0800] "POST /wp-cron.php?doing_wp_cron=1391376228.4964048862457275390625 HTTP/1.0" 200 - "-" "SAE/fetchurl-j3ozn01wx2 WordPress/3.4.1; http://yansublog.sinaapp.com"
101.226.33.180 - - [03/Feb/2014:05:23:48 +0800] "GET /feed/ HTTP/1.0" 304 - "-" "Mozilla/4.0 (compatible; Windows;)"
220.181.129.93 - - [03/Feb/2014:05:50:26 +0800] "POST /wp-cron.php?doing_wp_cron=1391377826.8226881027221679687500 HTTP/1.0" 200 - "-" "SAE/fetchurl-j3ozn01wx2 WordPress/3.4.1; http://yansublog.sinaapp.com"
66.249.64.13 - - [03/Feb/2014:05:50:26 +0800] "GET /sitemap-pt-post-2013-01.xml HTTP/1.0" 200 2330 "-" "Mozilla/5.0 (compatible; Googlebot/2.1; +http://www.google.com/bot.html)"
220.181.129.93 - - [03/Feb/2014:06:56:53 +0800] "POST /wp-cron.php?doing_wp_cron=1391381813.0640749931335449218750 HTTP/1.0" 200 - "-" "SAE/fetchurl-j3ozn01wx2 WordPress/3.4.1; http://yansublog.sinaapp.com"
106.120.173.126 - - [03/Feb/2014:06:56:53 +0800] "GET /robots.txt HTTP/1.0" 200 110 "-" "Sogou web spider/4.0(+http://www.sogou.com/docs/help/webmasters.htm#07)"
5.10.83.45 - - [03/Feb/2014:06:57:46 +0800] "GET /tag/libvirt/ HTTP/1.0" 200 18149 "-" "Mozilla/5.0 (compatible; AhrefsBot/5.0; +http://ahrefs.com/robot/)"
106.120.173.126 - - [03/Feb/2014:07:28:45 +0800] "GET /author/yansu0711/page/2/ HTTP/1.0" 200 45906 "-" "Sogou web spider/4.0(+http://www.sogou.com/docs/help/webmasters.htm#07)"
220.181.129.102 - - [03/Feb/2014:07:48:38 +0800] "POST /wp-cron.php?doing_wp_cron=1391384918.5332970619201660156250 HTTP/1.0" 200 - "-" "SAE/fetchurl-j3ozn01wx2 WordPress/3.4.1; http://yansublog.sinaapp.com"
101.226.33.179 - - [03/Feb/2014:07:48:38 +0800] "GET /feed/ HTTP/1.0" 304 - "-" "Mozilla/4.0 (compatible; Windows;)"
128.227.238.14 - - [03/Feb/2014:08:08:16 +0800] "GET /2013/03/20/%E8%99%9A%E6%8B%9F%E5%8C%96%E4%B8%8E%E4%BA%91%E8%AE%A1%E7%AE%97%E4%B8%ADkvmxenqemu%E7%9A%84%E5%8C%BA%E5%88%AB%E5%92%8C%E8%81%94%E7%B3%BB/ HTTP/1.0" 200 25189 "https://www.google.com/" "Mozilla/5.0 (Windows NT 6.1; WOW64) AppleWebKit/537.36 (KHTML, like Gecko) Chrome/32.0.1700.102 Safari/537.36"
5.10.83.2 - - [03/Feb/2014:08:12:58 +0800] "GET /2013/03/27/openstack%E7%9B%91%E6%8E%A7%E9%A1%B9%E7%9B%AEceilometer%E7%9A%84%E4%B8%80%E4%BA%9B%E6%9C%AF%E8%AF%AD/ HTTP/1.0" 200 23191 "-" "Mozilla/5.0 (compatible; AhrefsBot/5.0; +http://ahrefs.com/robot/)"
54.241.218.191 - - [03/Feb/2014:08:16:33 +0800] "GET /feed/ HTTP/1.0" 304 - "-" "Digg Feed Fetcher 1.0 (Mozilla/5.0 (Macintosh; Intel Mac OS X 10_7_1) AppleWebKit/534.48.3 (KHTML, like Gecko) Version/5.1 Safari/534.48.3)"
220.181.129.102 - - [03/Feb/2014:08:49:27 +0800] "POST /wp-cron.php?doing_wp_cron=1391388567.0810389518737792968750 HTTP/1.0" 200 - "-" "SAE/fetchurl-j3ozn01wx2 WordPress/3.4.1; http://yansublog.sinaapp.com"
131.253.24.61 - - [03/Feb/2014:08:49:26 +0800] "GET /2013/01/13/%E9%83%A8%E7%BD%B2openstack%E7%9B%91%E6%8E%A7%E7%A8%8B%E5%BA%8Fkanyun/ HTTP/1.0" 200 23714 "-" "Mozilla/5.0 (compatible; MSIE 9.0; Windows NT 6.1; Trident/5.0;  WOW64;  Trident/5.0)"
101.226.33.171 - - [03/Feb/2014:09:13:04 +0800] "GET /feed/ HTTP/1.0" 304 - "-" "Mozilla/4.0 (compatible; Windows;)"
5.10.83.59 - - [03/Feb/2014:09:45:06 +0800] "GET /tag/vnc/ HTTP/1.0" 200 18105 "-" "Mozilla/5.0 (compatible; AhrefsBot/5.0; +http://ahrefs.com/robot/)"
220.181.129.102 - - [03/Feb/2014:10:48:08 +0800] "POST /wp-cron.php?doing_wp_cron=1391395688.7928359508514404296875 HTTP/1.0" 200 - "-" "SAE/fetchurl-j3ozn01wx2 WordPress/3.4.1; http://yansublog.sinaapp.com"
27.151.139.198 - - [03/Feb/2014:10:48:08 +0800] "GET /2013/03/19/%E5%9C%A8%E8%99%9A%E6%8B%9F%E6%9C%BA%E5%8D%95%E6%9C%BA%E9%83%A8%E7%BD%B2openstack/ HTTP/1.0" 200 22652 "http://www.google.com.hk/url?sa=t&rct=j&q=Fusion+DevStack&source=web&cd=9&cad=rja&ved=0CFMQFjAI&url=%68%74%74%70%3a%2f%2f%79%61%6e%73%75%62%6c%6f%67%2e%73%69%6e%61%61%70%70%2e%63%6f%6d%2f%32%30%31%33%2f%30%33%2f%31%39%2f%25%45%35%25%39%43%25%41%38%25%45%38%25%39%39%25%39%41%25%45%36%25%38%42%25%39%46%25%45%36%25%39%43%25%42%41%25%45%35%25%38%44%25%39%35%25%45%36%25%39%43%25%42%41%25%45%39%25%38%33%25%41%38%25%45%37%25%42%44%25%42%32%6f%70%65%6e%73%74%61%63%6b%2f&ei=VAPvUrLbNqTziAeN7oGQCw&usg=AFQjCNFJDXsGVxm8tRrSX0wP1orlEjxmAw" "Mozilla/5.0 (Macintosh; Intel Mac OS X 10_9_1) AppleWebKit/537.73.11 (KHTML, like Gecko) Version/7.0.1 Safari/537.73.11"
27.151.139.198 - - [03/Feb/2014:10:51:42 +0800] "GET /category/openstack/ HTTP/1.0" 200 46925 "-" "Mozilla/5.0 (Macintosh; Intel Mac OS X 10_9_1) AppleWebKit/537.73.11 (KHTML, like Gecko) Version/7.0.1 Safari/537.73.11"
27.151.139.198 - - [03/Feb/2014:10:51:54 +0800] "GET /2013/03/20/%e8%99%9a%e6%8b%9f%e5%8c%96%e4%b8%8e%e4%ba%91%e8%ae%a1%e7%ae%97%e4%b8%adkvmxenqemu%e7%9a%84%e5%8c%ba%e5%88%ab%e5%92%8c%e8%81%94%e7%b3%bb/ HTTP/1.0" 200 25189 "-" "Mozilla/5.0 (Macintosh; Intel Mac OS X 10_9_1) AppleWebKit/537.73.11 (KHTML, like Gecko) Version/7.0.1 Safari/537.73.11"
5.10.83.39 - - [03/Feb/2014:10:56:21 +0800] "GET /category/%E6%9C%AA%E5%88%86%E7%B1%BB/ HTTP/1.0" 200 17726 "-" "Mozilla/5.0 (compatible; AhrefsBot/5.0; +http://ahrefs.com/robot/)"
66.249.64.41 - - [03/Feb/2014:11:07:20 +0800] "GET /sitemap-pt-post-2013-02.xml HTTP/1.0" 200 1264 "-" "Mozilla/5.0 (compatible; Googlebot/2.1; +http://www.google.com/bot.html)"
213.186.119.135 - - [03/Feb/2014:11:23:06 +0800] "GET /feed/ HTTP/1.0" 200 14315 "-" "AhrefsBot.Feeds v0.1; http://ahrefs.com/"
220.181.129.93 - - [03/Feb/2014:11:56:18 +0800] "POST /wp-cron.php?doing_wp_cron=1391399778.7797958850860595703125 HTTP/1.0" 200 - "-" "SAE/fetchurl-j3ozn01wx2 WordPress/3.4.1; http://yansublog.sinaapp.com"
66.249.64.14 - - [03/Feb/2014:11:56:18 +0800] "GET /tag/svn/ HTTP/1.0" 200 18143 "-" "Mozilla/5.0 (compatible; Googlebot/2.1; +http://www.google.com/bot.html)"
101.226.33.180 - - [03/Feb/2014:11:58:38 +0800] "GET /feed/ HTTP/1.0" 304 - "-" "Mozilla/4.0 (compatible; Windows;)"
218.240.38.162 - - [03/Feb/2014:12:02:13 +0800] "GET /feed/ HTTP/1.0" 304 - "-" "Xianguo.com 1 Subscribers"
54.219.117.220 - - [03/Feb/2014:12:21:02 +0800] "GET /feed/ HTTP/1.0" 304 - "-" "Digg Feed Fetcher 1.0 (Mozilla/5.0 (Macintosh; Intel Mac OS X 10_7_1) AppleWebKit/534.48.3 (KHTML, like Gecko) Version/5.1 Safari/534.48.3)"
220.181.129.93 - - [03/Feb/2014:14:12:51 +0800] "POST /wp-cron.php?doing_wp_cron=1391407971.7054491043090820312500 HTTP/1.0" 200 - "-" "SAE/fetchurl-j3ozn01wx2 WordPress/3.4.1; http://yansublog.sinaapp.com"
27.151.139.198 - - [03/Feb/2014:14:12:51 +0800] "GET /2013/03/19/%E5%9C%A8%E8%99%9A%E6%8B%9F%E6%9C%BA%E5%8D%95%E6%9C%BA%E9%83%A8%E7%BD%B2openstack/ HTTP/1.0" 200 22652 "http://www.google.com.hk/url?sa=t&rct=j&q=Fusion+DevStack&source=web&cd=9&cad=rja&ved=0CFMQFjAI&url=%68%74%74%70%3a%2f%2f%79%61%6e%73%75%62%6c%6f%67%2e%73%69%6e%61%61%70%70%2e%63%6f%6d%2f%32%30%31%33%2f%30%33%2f%31%39%2f%25%45%35%25%39%43%25%41%38%25%45%38%25%39%39%25%39%41%25%45%36%25%38%42%25%39%46%25%45%36%25%39%43%25%42%41%25%45%35%25%38%44%25%39%35%25%45%36%25%39%43%25%42%41%25%45%39%25%38%33%25%41%38%25%45%37%25%42%44%25%42%32%6f%70%65%6e%73%74%61%63%6b%2f&ei=VAPvUrLbNqTziAeN7oGQCw&usg=AFQjCNFJDXsGVxm8tRrSX0wP1orlEjxmAw" "Mozilla/5.0 (Macintosh; Intel Mac OS X 10_9_1) AppleWebKit/537.73.11 (KHTML, like Gecko) Version/7.0.1 Safari/537.73.11"
27.151.139.198 - - [03/Feb/2014:14:19:05 +0800] "GET /2013/03/19/%E5%9C%A8%E8%99%9A%E6%8B%9F%E6%9C%BA%E5%8D%95%E6%9C%BA%E9%83%A8%E7%BD%B2openstack/ HTTP/1.0" 200 22652 "-" "Mozilla/5.0 (Macintosh; Intel Mac OS X 10_9_1) AppleWebKit/537.73.11 (KHTML, like Gecko) Version/7.0.1 Safari/537.73.11"
220.181.129.102 - - [03/Feb/2014:14:57:09 +0800] "POST /wp-cron.php?doing_wp_cron=1391410629.3307690620422363281250 HTTP/1.0" 200 - "-" "SAE/fetchurl-j3ozn01wx2 WordPress/3.4.1; http://yansublog.sinaapp.com"
101.226.33.187 - - [03/Feb/2014:14:57:09 +0800] "GET /feed/ HTTP/1.0" 304 - "-" "Mozilla/4.0 (compatible; Windows;)"
220.181.129.102 - - [03/Feb/2014:16:35:32 +0800] "POST /wp-cron.php?doing_wp_cron=1391416532.9863240718841552734375 HTTP/1.0" 200 - "-" "SAE/fetchurl-j3ozn01wx2 WordPress/3.4.1; http://yansublog.sinaapp.com"
184.169.193.248 - - [03/Feb/2014:16:35:32 +0800] "GET /feed/ HTTP/1.0" 304 - "-" "Digg Feed Fetcher 1.0 (Mozilla/5.0 (Macintosh; Intel Mac OS X 10_7_1) AppleWebKit/534.48.3 (KHTML, like Gecko) Version/5.1 Safari/534.48.3)"
220.181.129.102 - - [03/Feb/2014:16:50:59 +0800] "POST /wp-cron.php?doing_wp_cron=1391417459.5408999919891357421875 HTTP/1.0" 200 - "-" "SAE/fetchurl-j3ozn01wx2 WordPress/3.4.1; http://yansublog.sinaapp.com"
101.226.33.174 - - [03/Feb/2014:16:50:59 +0800] "GET /feed/ HTTP/1.0" 304 - "-" "Mozilla/4.0 (compatible; Windows;)"
66.249.64.14 - - [03/Feb/2014:17:05:22 +0800] "GET /2013/03/27/openstack%E7%9B%91%E6%8E%A7%E9%A1%B9%E7%9B%AEceilometer%E7%9A%84%E4%B8%80%E4%BA%9B%E6%9C%AF%E8%AF%AD/ HTTP/1.0" 200 23191 "-" "Mozilla/5.0 (iPhone; CPU iPhone OS 6_0 like Mac OS X) AppleWebKit/536.26 (KHTML, like Gecko) Version/6.0 Mobile/10A5376e Safari/8536.25 (compatible; Googlebot-Mobile/2.1; +http://www.google.com/bot.html)"
106.120.173.126 - - [03/Feb/2014:17:28:09 +0800] "GET /author/yansu0711/page/3/ HTTP/1.0" 200 46855 "-" "Sogou web spider/4.0(+http://www.sogou.com/docs/help/webmasters.htm#07)"
101.226.33.179 - - [03/Feb/2014:18:50:27 +0800] "GET /feed/ HTTP/1.0" 304 - "-" "Mozilla/4.0 (compatible; Windows;)"
220.181.129.93 - - [03/Feb/2014:18:50:28 +0800] "POST /wp-cron.php?doing_wp_cron=1391424628.3592000007629394531250 HTTP/1.0" 200 - "-" "SAE/fetchurl-j3ozn01wx2 WordPress/3.4.1; http://yansublog.sinaapp.com"
5.10.83.11 - - [03/Feb/2014:19:07:54 +0800] "GET /category/php/ HTTP/1.0" 200 28255 "-" "Mozilla/5.0 (compatible; AhrefsBot/5.0; +http://ahrefs.com/robot/)"
220.181.129.93 - - [03/Feb/2014:19:53:35 +0800] "POST /wp-cron.php?doing_wp_cron=1391428415.1829071044921875000000 HTTP/1.0" 200 - "-" "SAE/fetchurl-j3ozn01wx2 WordPress/3.4.1; http://yansublog.sinaapp.com"
218.240.38.162 - - [03/Feb/2014:19:53:35 +0800] "GET /feed/ HTTP/1.0" 304 - "-" "Xianguo.com 1 Subscribers"
220.181.129.102 - - [03/Feb/2014:20:13:37 +0800] "POST /wp-cron.php?doing_wp_cron=1391429617.4418189525604248046875 HTTP/1.0" 200 - "-" "SAE/fetchurl-j3ozn01wx2 WordPress/3.4.1; http://yansublog.sinaapp.com"
66.249.84.73 - - [03/Feb/2014:20:13:37 +0800] "GET / HTTP/1.0" 200 47324 "-" "Mozilla/5.0 (Windows NT 6.1; rv:6.0) Gecko/20110814 Firefox/6.0 Google favicon"
27.151.139.198 - - [03/Feb/2014:20:21:34 +0800] "GET /category/openstack/ HTTP/1.0" 200 46925 "-" "Mozilla/5.0 (Macintosh; Intel Mac OS X 10_9_1) AppleWebKit/537.73.11 (KHTML, like Gecko) Version/7.0.1 Safari/537.73.11"
27.151.139.198 - - [03/Feb/2014:20:21:45 +0800] "GET /2013/03/19/%e5%9c%a8%e8%99%9a%e6%8b%9f%e6%9c%ba%e5%8d%95%e6%9c%ba%e9%83%a8%e7%bd%b2openstack/ HTTP/1.0" 200 22652 "http://yansublog.sinaapp.com/category/openstack/" "Mozilla/5.0 (Macintosh; Intel Mac OS X 10_9_1) AppleWebKit/537.73.11 (KHTML, like Gecko) Version/7.0.1 Safari/537.73.11"
213.186.119.135 - - [03/Feb/2014:20:32:09 +0800] "GET /feed/ HTTP/1.0" 200 14315 "-" "AhrefsBot.Feeds v0.1; http://ahrefs.com/"
220.181.129.102 - - [03/Feb/2014:20:59:26 +0800] "POST /wp-cron.php?doing_wp_cron=1391432366.6609790325164794921875 HTTP/1.0" 200 - "-" "SAE/fetchurl-j3ozn01wx2 WordPress/3.4.1; http://yansublog.sinaapp.com"
27.151.139.198 - - [03/Feb/2014:20:59:26 +0800] "GET /2013/01/13/%E9%83%A8%E7%BD%B2openstack%E7%9B%91%E6%8E%A7%E7%A8%8B%E5%BA%8Fkanyun/ HTTP/1.0" 200 23714 "http://app.wumii.com/ext/redirect?url=http%3A%2F%2Fyansublog.sinaapp.com%2F2013%2F01%2F13%2F%25E9%2583%25A8%25E7%25BD%25B2openstack%25E7%259B%2591%25E6%258E%25A7%25E7%25A8%258B%25E5%25BA%258Fkanyun%2F&ts=1391432365935&from=http%3A%2F%2Fyansublog.sinaapp.com%2F2013%2F03%2F19%2F%25E5%259C%25A8%25E8%2599%259A%25E6%258B%259F%25E6%259C%25BA%25E5%258D%2595%25E6%259C%25BA%25E9%2583%25A8%25E7%25BD%25B2openstack%2F&ref=relatedItems" "Mozilla/5.0 (Macintosh; Intel Mac OS X 10_9_1) AppleWebKit/537.73.11 (KHTML, like Gecko) Version/7.0.1 Safari/537.73.11"
27.151.139.198 - - [03/Feb/2014:20:59:41 +0800] "GET /2013/03/19/%e5%9c%a8%e8%99%9a%e6%8b%9f%e6%9c%ba%e5%8d%95%e6%9c%ba%e9%83%a8%e7%bd%b2openstack/ HTTP/1.0" 200 22652 "http://yansublog.sinaapp.com/category/openstack/" "Mozilla/5.0 (Macintosh; Intel Mac OS X 10_9_1) AppleWebKit/537.73.11 (KHTML, like Gecko) Version/7.0.1 Safari/537.73.11"
54.219.246.6 - - [03/Feb/2014:20:59:49 +0800] "GET /feed/ HTTP/1.0" 304 - "-" "Digg Feed Fetcher 1.0 (Mozilla/5.0 (Macintosh; Intel Mac OS X 10_7_1) AppleWebKit/534.48.3 (KHTML, like Gecko) Version/5.1 Safari/534.48.3)"
101.226.33.190 - - [03/Feb/2014:20:59:58 +0800] "GET /feed/ HTTP/1.0" 304 - "-" "Mozilla/4.0 (compatible; Windows;)"
220.181.129.102 - - [03/Feb/2014:21:38:01 +0800] "POST /wp-cron.php?doing_wp_cron=1391434681.7527561187744140625000 HTTP/1.0" 200 - "-" "SAE/fetchurl-j3ozn01wx2 WordPress/3.4.1; http://yansublog.sinaapp.com"
66.249.64.14 - - [03/Feb/2014:21:38:01 +0800] "GET /robots.txt HTTP/1.0" 200 110 "-" "Mozilla/5.0 (compatible; Googlebot/2.1; +http://www.google.com/bot.html)"
66.249.76.149 - - [03/Feb/2014:21:38:02 +0800] "GET /2013/03/19/%E5%9C%A8%E8%99%9A%E6%8B%9F%E6%9C%BA%E5%8D%95%E6%9C%BA%E9%83%A8%E7%BD%B2openstack/ HTTP/1.0" 200 22652 "-" "DoCoMo/2.0 N905i(c100;TB;W24H16) (compatible; Googlebot-Mobile/2.1; +http://www.google.com/bot.html)"
220.181.129.93 - - [03/Feb/2014:22:22:05 +0800] "POST /wp-cron.php?doing_wp_cron=1391437325.1646850109100341796875 HTTP/1.0" 200 - "-" "SAE/fetchurl-j3ozn01wx2 WordPress/3.4.1; http://yansublog.sinaapp.com"
5.10.83.23 - - [03/Feb/2014:22:22:04 +0800] "GET /category/linux/ HTTP/1.0" 200 37447 "-" "Mozilla/5.0 (compatible; AhrefsBot/5.0; +http://ahrefs.com/robot/)"
218.240.38.162 - - [03/Feb/2014:22:26:45 +0800] "GET /feed/ HTTP/1.0" 304 - "-" "Xianguo.com 1 Subscribers"
220.181.129.93 - - [03/Feb/2014:22:58:25 +0800] "POST /wp-cron.php?doing_wp_cron=1391439505.0615630149841308593750 HTTP/1.0" 200 - "-" "SAE/fetchurl-j3ozn01wx2 WordPress/3.4.1; http://yansublog.sinaapp.com"
5.10.83.59 - - [03/Feb/2014:22:58:24 +0800] "GET /2012/12/31/sae%E4%B8%8B%E7%9A%84python%E5%BC%80%E5%8F%91%E9%83%A8%E7%BD%B2%E5%92%8C%E4%B8%80%E4%B8%AA%E7%AE%80%E5%8D%95%E4%BE%8B%E5%AD%90/ HTTP/1.0" 200 45185 "-" "Mozilla/5.0 (compatible; AhrefsBot/5.0; +http://ahrefs.com/robot/)"
220.181.129.102 - - [04/Feb/2014:00:21:22 +0800] "POST /wp-cron.php?doing_wp_cron=1391444482.3667550086975097656250 HTTP/1.0" 200 - "-" "SAE/fetchurl-j3ozn01wx2 WordPress/3.4.1; http://yansublog.sinaapp.com"
5.10.83.21 - - [04/Feb/2014:00:21:22 +0800] "GET /tag/ceilometer/ HTTP/1.0" 200 21550 "-" "Mozilla/5.0 (compatible; AhrefsBot/5.0; +http://ahrefs.com/robot/)"
5.10.83.21 - - [04/Feb/2014:00:39:15 +0800] "GET /category/javascript/ HTTP/1.0" 200 21462 "-" "Mozilla/5.0 (compatible; AhrefsBot/5.0; +http://ahrefs.com/robot/)"
220.181.129.102 - - [04/Feb/2014:00:51:05 +0800] "POST /wp-cron.php?doing_wp_cron=1391446265.9168229103088378906250 HTTP/1.0" 200 - "-" "SAE/fetchurl-j3ozn01wx2 WordPress/3.4.1; http://yansublog.sinaapp.com"
218.240.38.162 - - [04/Feb/2014:00:51:05 +0800] "GET /feed/ HTTP/1.0" 304 - "-" "Xianguo.com 1 Subscribers"
101.226.33.179 - - [04/Feb/2014:01:11:06 +0800] "GET /feed/ HTTP/1.0" 304 - "-" "Mozilla/4.0 (compatible; Windows;)"
184.72.14.182 - - [04/Feb/2014:01:36:29 +0800] "GET /feed/ HTTP/1.0" 304 - "-" "Digg Feed Fetcher 1.0 (Mozilla/5.0 (Macintosh; Intel Mac OS X 10_7_1) AppleWebKit/534.48.3 (KHTML, like Gecko) Version/5.1 Safari/534.48.3)"
220.181.129.93 - - [04/Feb/2014:01:52:55 +0800] "POST /wp-cron.php?doing_wp_cron=1391449975.6771929264068603515625 HTTP/1.0" 200 - "-" "SAE/fetchurl-j3ozn01wx2 WordPress/3.4.1; http://yansublog.sinaapp.com"
66.249.64.15 - - [04/Feb/2014:01:52:55 +0800] "GET /2013/03/20/%E8%B0%83%E8%AF%95%E5%92%8C%E4%BF%AE%E6%94%B9openstack%E4%B8%AD%E7%9A%84horizon%E9%83%A8%E5%88%86/ HTTP/1.0" 200 21748 "-" "SAMSUNG-SGH-E250/1.0 Profile/MIDP-2.0 Configuration/CLDC-1.1 UP.Browser/6.2.3.3.c.1.101 (GUI) MMP/2.0 (compatible; Googlebot-Mobile/2.1; +http://www.google.com/bot.html)"
220.181.129.102 - - [04/Feb/2014:03:08:33 +0800] "POST /wp-cron.php?doing_wp_cron=1391454513.9787240028381347656250 HTTP/1.0" 200 - "-" "SAE/fetchurl-j3ozn01wx2 WordPress/3.4.1; http://yansublog.sinaapp.com"
66.249.64.5 - - [04/Feb/2014:03:08:33 +0800] "GET /2013/03/20/%E8%B0%83%E8%AF%95%E5%92%8C%E4%BF%AE%E6%94%B9openstack%E4%B8%AD%E7%9A%84horizon%E9%83%A8%E5%88%86/ HTTP/1.0" 200 21748 "-" "Mozilla/5.0 (compatible; Googlebot/2.1; +http://www.google.com/bot.html)"
106.120.173.126 - - [04/Feb/2014:03:32:47 +0800] "GET /category/linux/ HTTP/1.0" 200 37447 "-" "Sogou web spider/4.0(+http://www.sogou.com/docs/help/webmasters.htm#07)"
220.181.129.102 - - [04/Feb/2014:03:54:07 +0800] "POST /wp-cron.php?doing_wp_cron=1391457247.8223268985748291015625 HTTP/1.0" 200 - "-" "SAE/fetchurl-j3ozn01wx2 WordPress/3.4.1; http://yansublog.sinaapp.com"
101.226.33.190 - - [04/Feb/2014:03:54:07 +0800] "GET /feed/ HTTP/1.0" 304 - "-" "Mozilla/4.0 (compatible; Windows;)"
66.249.64.42 - - [04/Feb/2014:03:59:43 +0800] "GET /2013/03/21/vnc%E5%92%8C%E8%BF%9C%E7%A8%8B%E6%A1%8C%E9%9D%A2%E7%9A%84%E5%8C%BA%E5%88%AB/ HTTP/1.0" 200 20838 "-" "Mozilla/5.0 (compatible; Googlebot/2.1; +http://www.google.com/bot.html)"
66.249.64.13 - - [04/Feb/2014:04:12:51 +0800] "GET /2013/01/30/openstack%E7%9B%91%E6%8E%A7%E7%A8%8B%E5%BA%8Fkanyun%E7%9A%84%E9%83%A8%E7%BD%B2/ HTTP/1.0" 200 24974 "-" "Mozilla/5.0 (iPhone; CPU iPhone OS 6_0 like Mac OS X) AppleWebKit/536.26 (KHTML, like Gecko) Version/6.0 Mobile/10A5376e Safari/8536.25 (compatible; Googlebot-Mobile/2.1; +http://www.google.com/bot.html)"
5.10.83.11 - - [04/Feb/2014:04:20:35 +0800] "GET /2013/03/20/%E8%99%9A%E6%8B%9F%E5%8C%96%E4%B8%8E%E4%BA%91%E8%AE%A1%E7%AE%97%E4%B8%ADkvmxenqemu%E7%9A%84%E5%8C%BA%E5%88%AB%E5%92%8C%E8%81%94%E7%B3%BB/ HTTP/1.0" 200 25189 "-" "Mozilla/5.0 (compatible; AhrefsBot/5.0; +http://ahrefs.com/robot/)"
220.181.129.93 - - [04/Feb/2014:04:58:18 +0800] "POST /wp-cron.php?doing_wp_cron=1391461098.1807448863983154296875 HTTP/1.0" 200 - "-" "SAE/fetchurl-j3ozn01wx2 WordPress/3.4.1; http://yansublog.sinaapp.com"
204.107.128.48 - - [04/Feb/2014:04:58:18 +0800] "GET /robots.txt HTTP/1.0" 200 110 "-" "Mozilla/5.0 (compatible; MJ12bot/v1.4.4; http://www.majestic12.co.uk/bot.php?+)"
204.107.128.48 - - [04/Feb/2014:04:58:20 +0800] "GET / HTTP/1.0" 200 47324 "-" "Mozilla/5.0 (compatible; MJ12bot/v1.4.4; http://www.majestic12.co.uk/bot.php?+)"
204.107.128.48 - - [04/Feb/2014:04:58:26 +0800] "GET /2013/01/16/git%E5%88%9B%E5%BB%BA%E8%BF%9C%E7%A8%8B%E5%BA%93 HTTP/1.0" 301 - "-" "Mozilla/5.0 (compatible; MJ12bot/v1.4.4; http://www.majestic12.co.uk/bot.php?+)"
204.107.128.48 - - [04/Feb/2014:04:58:30 +0800] "GET /2013/01/16/git%E5%88%9B%E5%BB%BA%E8%BF%9C%E7%A8%8B%E5%BA%93/ HTTP/1.0" 200 21275 "-" "Mozilla/5.0 (compatible; MJ12bot/v1.4.4; http://www.majestic12.co.uk/bot.php?+)"
204.107.128.48 - - [04/Feb/2014:04:58:35 +0800] "GET /feed HTTP/1.0" 301 - "-" "Mozilla/5.0 (compatible; MJ12bot/v1.4.4; http://www.majestic12.co.uk/bot.php?+)"
204.107.128.48 - - [04/Feb/2014:04:58:37 +0800] "GET /feed/ HTTP/1.0" 200 32539 "-" "Mozilla/5.0 (compatible; MJ12bot/v1.4.4; http://www.majestic12.co.uk/bot.php?+)"
66.249.64.41 - - [04/Feb/2014:05:03:45 +0800] "GET /comments/feed/ HTTP/1.0" 404 853 "-" "Mozilla/5.0 (compatible; Googlebot/2.1; +http://www.google.com/bot.html)"
101.226.33.187 - - [04/Feb/2014:05:31:33 +0800] "GET /feed/ HTTP/1.0" 304 - "-" "Mozilla/4.0 (compatible; Windows;)"
66.249.64.5 - - [04/Feb/2014:05:32:45 +0800] "GET /2013/03/20/%E8%99%9A%E6%8B%9F%E5%8C%96%E4%B8%8E%E4%BA%91%E8%AE%A1%E7%AE%97%E4%B8%ADkvmxenqemu%E7%9A%84%E5%8C%BA%E5%88%AB%E5%92%8C%E8%81%94%E7%B3%BB/ HTTP/1.0" 200 25189 "-" "Mozilla/5.0 (compatible; Googlebot/2.1; +http://www.google.com/bot.html)"
213.186.119.135 - - [04/Feb/2014:05:33:43 +0800] "GET /feed/ HTTP/1.0" 200 32539 "-" "AhrefsBot.Feeds v0.1; http://ahrefs.com/"
220.181.129.93 - - [04/Feb/2014:06:01:43 +0800] "POST /wp-cron.php?doing_wp_cron=1391464903.6918179988861083984375 HTTP/1.0" 200 - "-" "SAE/fetchurl-j3ozn01wx2 WordPress/3.4.1; http://yansublog.sinaapp.com"
218.240.38.162 - - [04/Feb/2014:06:01:43 +0800] "GET /feed/ HTTP/1.0" 304 - "-" "Xianguo.com 1 Subscribers"
54.241.101.211 - - [04/Feb/2014:06:06:32 +0800] "GET /feed/ HTTP/1.0" 304 - "-" "Digg Feed Fetcher 1.0 (Mozilla/5.0 (Macintosh; Intel Mac OS X 10_7_1) AppleWebKit/534.48.3 (KHTML, like Gecko) Version/5.1 Safari/534.48.3)"
66.249.64.13 - - [04/Feb/2014:06:11:23 +0800] "GET /2012/11/08/openstack-nova%E5%86%85%E9%83%A8%E6%9C%BA%E5%88%B6/ HTTP/1.0" 200 33521 "-" "Mozilla/5.0 (compatible; Googlebot/2.1; +http://www.google.com/bot.html)"
182.118.25.215 - - [04/Feb/2014:06:21:47 +0800] "GET /2013/03/21/vnc%E5%92%8C%E8%BF%9C%E7%A8%8B%E6%A1%8C%E9%9D%A2%E7%9A%84%E5%8C%BA%E5%88%AB/ HTTP/1.0" 200 20838 "http://yansublog.sinaapp.com/2013/03/21/vnc%E5%92%8C%E8%BF%9C%E7%A8%8B%E6%A1%8C%E9%9D%A2%E7%9A%84%E5%8C%BA%E5%88%AB/" "Mozilla/5.0 (Windows; U; Windows NT 5.1; zh-CN; )  Firefox/1.5.0.11; 360Spider"
5.10.83.23 - - [04/Feb/2014:06:26:16 +0800] "GET /tag/org-mode/ HTTP/1.0" 200 18265 "-" "Mozilla/5.0 (compatible; AhrefsBot/5.0; +http://ahrefs.com/robot/)"
220.181.129.93 - - [04/Feb/2014:07:04:40 +0800] "POST /wp-cron.php?doing_wp_cron=1391468680.1810259819030761718750 HTTP/1.0" 200 - "-" "SAE/fetchurl-j3ozn01wx2 WordPress/3.4.1; http://yansublog.sinaapp.com"
180.153.233.209 - - [04/Feb/2014:07:04:40 +0800] "GET /tag/git-2/ HTTP/1.0" 200 17872 "http://yansublog.sinaapp.com/tag/git-2/" "Mozilla/5.0 (Windows; U; Windows NT 5.1; zh-CN; rv:1.8.0.11) Firefox/1.5.0.11;"
101.226.33.179 - - [04/Feb/2014:07:43:02 +0800] "GET /feed/ HTTP/1.0" 304 - "-" "Mozilla/4.0 (compatible; Windows;)"
220.181.129.102 - - [04/Feb/2014:08:04:45 +0800] "POST /wp-cron.php?doing_wp_cron=1391472285.1362819671630859375000 HTTP/1.0" 200 - "-" "SAE/fetchurl-j3ozn01wx2 WordPress/3.4.1; http://yansublog.sinaapp.com"
5.10.83.98 - - [04/Feb/2014:08:04:44 +0800] "GET /feed/ HTTP/1.0" 200 41206 "-" "Mozilla/5.0 (compatible; AhrefsBot/5.0; +http://ahrefs.com/robot/)"
66.249.64.5 - - [04/Feb/2014:08:12:28 +0800] "GET /tag/sae/ HTTP/1.0" 200 18573 "-" "Mozilla/5.0 (compatible; Googlebot/2.1; +http://www.google.com/bot.html)"
66.249.64.41 - - [04/Feb/2014:08:32:20 +0800] "GET /tag/kanyun/ HTTP/1.0" 200 26982 "-" "Mozilla/5.0 (compatible; Googlebot/2.1; +http://www.google.com/bot.html)"
66.249.64.15 - - [04/Feb/2014:08:43:47 +0800] "GET /2013/01/30/kanyun%E7%9A%84api-client%E5%91%BD%E4%BB%A4/ HTTP/1.0" 200 21209 "-" "Mozilla/5.0 (compatible; Googlebot/2.1; +http://www.google.com/bot.html)"
220.181.129.93 - - [04/Feb/2014:08:50:57 +0800] "POST /wp-cron.php?doing_wp_cron=1391475057.2956531047821044921875 HTTP/1.0" 200 - "-" "SAE/fetchurl-j3ozn01wx2 WordPress/3.4.1; http://yansublog.sinaapp.com"
5.10.83.17 - - [04/Feb/2014:08:50:57 +0800] "GET /2013/03/25/linux%E4%B8%8B%E5%BC%80%E5%90%AFlibvirtd%E7%9A%84tcp%E7%9B%91%E6%8E%A7/ HTTP/1.0" 200 21128 "-" "Mozilla/5.0 (compatible; AhrefsBot/5.0; +http://ahrefs.com/robot/)"
66.249.64.41 - - [04/Feb/2014:08:53:35 +0800] "GET /tag/cli/ HTTP/1.0" 200 18068 "-" "Mozilla/5.0 (compatible; Googlebot/2.1; +http://www.google.com/bot.html)"
101.226.33.187 - - [04/Feb/2014:09:18:03 +0800] "GET /feed/ HTTP/1.0" 304 - "-" "Mozilla/4.0 (compatible; Windows;)"
66.249.64.15 - - [04/Feb/2014:10:17:46 +0800] "GET /2013/03/25/linux%E4%B8%8B%E5%BC%80%E5%90%AFlibvirtd%E7%9A%84tcp%E7%9B%91%E6%8E%A7/ HTTP/1.0" 200 21128 "-" "Mozilla/5.0 (compatible; Googlebot/2.1; +http://www.google.com/bot.html)"
220.181.129.102 - - [04/Feb/2014:10:17:46 +0800] "POST /wp-cron.php?doing_wp_cron=1391480266.6691260337829589843750 HTTP/1.0" 200 - "-" "SAE/fetchurl-j3ozn01wx2 WordPress/3.4.1; http://yansublog.sinaapp.com"
54.219.42.81 - - [04/Feb/2014:10:27:37 +0800] "GET /feed/ HTTP/1.0" 304 - "-" "Digg Feed Fetcher 1.0 (Mozilla/5.0 (Macintosh; Intel Mac OS X 10_7_1) AppleWebKit/534.48.3 (KHTML, like Gecko) Version/5.1 Safari/534.48.3)"
5.10.83.45 - - [04/Feb/2014:10:40:18 +0800] "GET /tag/vmware/ HTTP/1.0" 200 18258 "-" "Mozilla/5.0 (compatible; AhrefsBot/5.0; +http://ahrefs.com/robot/)"
220.181.129.93 - - [04/Feb/2014:11:17:32 +0800] "POST /wp-cron.php?doing_wp_cron=1391483852.1227788925170898437500 HTTP/1.0" 200 - "-" "SAE/fetchurl-j3ozn01wx2 WordPress/3.4.1; http://yansublog.sinaapp.com"
66.249.64.14 - - [04/Feb/2014:11:17:31 +0800] "GET /2013/01/30/kanyun-worker%E5%8E%9F%E7%90%86/ HTTP/1.0" 200 21366 "-" "Mozilla/5.0 (compatible; Googlebot/2.1; +http://www.google.com/bot.html)"
220.181.129.93 - - [04/Feb/2014:11:38:43 +0800] "POST /wp-cron.php?doing_wp_cron=1391485123.9952440261840820312500 HTTP/1.0" 200 - "-" "SAE/fetchurl-j3ozn01wx2 WordPress/3.4.1; http://yansublog.sinaapp.com"
66.249.64.13 - - [04/Feb/2014:11:38:43 +0800] "GET /tag/php/ HTTP/1.0" 200 28212 "-" "Mozilla/5.0 (compatible; Googlebot/2.1; +http://www.google.com/bot.html)"
220.181.129.102 - - [04/Feb/2014:12:05:01 +0800] "POST /wp-cron.php?doing_wp_cron=1391486701.0164051055908203125000 HTTP/1.0" 200 - "-" "SAE/fetchurl-j3ozn01wx2 WordPress/3.4.1; http://yansublog.sinaapp.com"
101.226.33.190 - - [04/Feb/2014:12:05:00 +0800] "GET /feed/ HTTP/1.0" 304 - "-" "Mozilla/4.0 (compatible; Windows;)"
220.181.129.93 - - [04/Feb/2014:13:39:04 +0800] "POST /wp-cron.php?doing_wp_cron=1391492344.6580181121826171875000 HTTP/1.0" 200 - "-" "SAE/fetchurl-j3ozn01wx2 WordPress/3.4.1; http://yansublog.sinaapp.com"
182.118.25.241 - - [04/Feb/2014:13:39:04 +0800] "GET /robots.txt HTTP/1.0" 200 110 "http://1.yansublog.sinaapp.com/robots.txt" "Mozilla/5.0 (Windows; U; Windows NT 5.1; zh-CN; )  Firefox/1.5.0.11; 360Spider"
220.181.129.93 - - [04/Feb/2014:13:54:23 +0800] "POST /wp-cron.php?doing_wp_cron=1391493263.5107030868530273437500 HTTP/1.0" 200 - "-" "SAE/fetchurl-j3ozn01wx2 WordPress/3.4.1; http://yansublog.sinaapp.com"
218.240.38.162 - - [04/Feb/2014:13:54:23 +0800] "GET /feed/ HTTP/1.0" 304 - "-" "Xianguo.com 1 Subscribers"
101.226.33.189 - - [04/Feb/2014:14:25:10 +0800] "GET /feed/ HTTP/1.0" 304 - "-" "Mozilla/4.0 (compatible; Windows;)"
213.186.119.135 - - [04/Feb/2014:14:31:40 +0800] "GET /feed/ HTTP/1.0" 200 32539 "-" "AhrefsBot.Feeds v0.1; http://ahrefs.com/"
5.10.83.11 - - [04/Feb/2014:14:37:52 +0800] "GET /2012/09/22/echoprintprint_rvar_dump%E7%9A%84%E5%8C%BA%E5%88%AB/ HTTP/1.0" 200 24897 "-" "Mozilla/5.0 (compatible; AhrefsBot/5.0; +http://ahrefs.com/robot/)"
66.249.64.13 - - [04/Feb/2014:14:46:30 +0800] "GET /tag/git-2/ HTTP/1.0" 200 17872 "-" "Mozilla/5.0 (compatible; Googlebot/2.1; +http://www.google.com/bot.html)"
66.249.76.24 - - [04/Feb/2014:16:16:09 +0800] "GET /tag/kanyun/ HTTP/1.0" 200 26982 "-" "Mozilla/5.0 (iPhone; CPU iPhone OS 6_0 like Mac OS X) AppleWebKit/536.26 (KHTML, like Gecko) Version/6.0 Mobile/10A5376e Safari/8536.25 (compatible; Googlebot-Mobile/2.1; +http://www.google.com/bot.html)"
220.181.129.93 - - [04/Feb/2014:16:16:10 +0800] "POST /wp-cron.php?doing_wp_cron=1391501770.4118630886077880859375 HTTP/1.0" 200 - "-" "SAE/fetchurl-j3ozn01wx2 WordPress/3.4.1; http://yansublog.sinaapp.com"
218.240.38.162 - - [04/Feb/2014:16:44:52 +0800] "GET /feed/ HTTP/1.0" 200 36748 "-" "Xianguo.com 1 Subscribers"
220.181.129.93 - - [04/Feb/2014:17:22:04 +0800] "POST /wp-cron.php?doing_wp_cron=1391505724.8285870552062988281250 HTTP/1.0" 200 - "-" "SAE/fetchurl-j3ozn01wx2 WordPress/3.4.1; http://yansublog.sinaapp.com"
120.33.144.25 - - [04/Feb/2014:17:22:04 +0800] "GET /2013/01/13/%E9%83%A8%E7%BD%B2openstack%E7%9B%91%E6%8E%A7%E7%A8%8B%E5%BA%8Fkanyun/ HTTP/1.0" 200 23714 "-" "Mozilla/5.0 (Macintosh; Intel Mac OS X 10_9_1) AppleWebKit/537.73.11 (KHTML, like Gecko) Version/7.0.1 Safari/537.73.11"
120.33.144.25 - - [04/Feb/2014:17:22:17 +0800] "GET /?s=devstack&submit=Search HTTP/1.0" 200 18244 "http://yansublog.sinaapp.com/2013/01/13/%E9%83%A8%E7%BD%B2openstack%E7%9B%91%E6%8E%A7%E7%A8%8B%E5%BA%8Fkanyun/" "Mozilla/5.0 (Macintosh; Intel Mac OS X 10_9_1) AppleWebKit/537.73.11 (KHTML, like Gecko) Version/7.0.1 Safari/537.73.11"
120.33.144.25 - - [04/Feb/2014:17:22:19 +0800] "GET /2013/03/19/%e5%9c%a8%e8%99%9a%e6%8b%9f%e6%9c%ba%e5%8d%95%e6%9c%ba%e9%83%a8%e7%bd%b2openstack/ HTTP/1.0" 200 22652 "http://yansublog.sinaapp.com/?s=devstack&submit=Search" "Mozilla/5.0 (Macintosh; Intel Mac OS X 10_9_1) AppleWebKit/537.73.11 (KHTML, like Gecko) Version/7.0.1 Safari/537.73.11"
5.10.83.11 - - [04/Feb/2014:17:22:59 +0800] "GET /category/python/ HTTP/1.0" 200 21772 "-" "Mozilla/5.0 (compatible; AhrefsBot/5.0; +http://ahrefs.com/robot/)"
101.226.33.189 - - [04/Feb/2014:17:45:09 +0800] "GET /feed/ HTTP/1.0" 304 - "-" "Mozilla/4.0 (compatible; Windows;)"
