207.182.143.242 - - [25/Jan/2014:07:43:48 +0800] "GET /2013/03/21/vnc%E5%92%8C%E8%BF%9C%E7%A8%8B%E6%A1%8C%E9%9D%A2%E7%9A%84%E5%8C%BA%E5%88%AB HTTP/1.0" 301 - "-" "niki-bot"
207.182.143.242 - - [25/Jan/2014:07:43:49 +0800] "GET /2012/11/09/emacs%E5%88%A9%E7%94%A8org2blog%E5%86%99%E5%8D%9A%E5%AE%A2 HTTP/1.0" 301 - "-" "niki-bot"
207.182.143.242 - - [25/Jan/2014:07:44:01 +0800] "GET /2012/11/09/emacs%E5%88%A9%E7%94%A8org2blog%E5%86%99%E5%8D%9A%E5%AE%A2/ HTTP/1.0" 200 28009 "-" "niki-bot"
207.182.143.242 - - [25/Jan/2014:07:44:04 +0800] "GET /2013/03/21/vnc%E5%92%8C%E8%BF%9C%E7%A8%8B%E6%A1%8C%E9%9D%A2%E7%9A%84%E5%8C%BA%E5%88%AB/ HTTP/1.0" 200 20838 "-" "niki-bot"
207.182.143.242 - - [25/Jan/2014:07:44:31 +0800] "GET / HTTP/1.0" 200 47324 "-" "niki-bot"
220.181.129.93 - - [25/Jan/2014:08:30:15 +0800] "POST /wp-cron.php?doing_wp_cron=1390609815.0049479007720947265625 HTTP/1.0" 200 - "-" "SAE/fetchurl-j3ozn01wx2 WordPress/3.4.1; http://yansublog.sinaapp.com"
14.145.141.125 - - [25/Jan/2014:08:30:14 +0800] "GET /2013/03/20/%E8%99%9A%E6%8B%9F%E5%8C%96%E4%B8%8E%E4%BA%91%E8%AE%A1%E7%AE%97%E4%B8%ADkvmxenqemu%E7%9A%84%E5%8C%BA%E5%88%AB%E5%92%8C%E8%81%94%E7%B3%BB/ HTTP/1.0" 200 25189 "http://www.google.com.hk/url?sa=t&rct=j&q=app+%E8%99%9A%E6%8B%9F%E5%8C%96+kvm&source=web&cd=10&ved=0CEgQFjAJ&url=%68%74%74%70%3a%2f%2f%79%61%6e%73%75%62%6c%6f%67%2e%73%69%6e%61%61%70%70%2e%63%6f%6d%2f%32%30%31%33%2f%30%33%2f%32%30%2f%25%45%38%25%39%39%25%39%41%25%45%36%25%38%42%25%39%46%25%45%35%25%38%43%25%39%36%25%45%34%25%42%38%25%38%45%25%45%34%25%42%41%25%39%31%25%45%38%25%41%45%25%41%31%25%45%37%25%41%45%25%39%37%25%45%34%25%42%38%25%41%44%6b%76%6d%78%65%6e%71%65%6d%75%25%45%37%25%39%41%25%38%34%25%45%35%25%38%43%25%42%41%25%45%35%25%38%38%25%41%42%25%45%35%25%39%32%25%38%43%25%45%38%25%38%31%25%39%34%25%45%37%25%42%33%25%42%42%2f&ei=PQHjUvjgPPGwiQewoIDoAg&usg=AFQjCNGRzSvFdIB2mz5EstycKM0Z1oYVKQ" "Mozilla/5.0 (iPad; CPU OS 6_0_1 like Mac OS X) AppleWebKit/536.26 (KHTML, like Gecko) Version/6.0 Mobile/10A523 Safari/8536.25"
220.181.129.93 - - [25/Jan/2014:09:03:45 +0800] "POST /wp-cron.php?doing_wp_cron=1390611825.2951691150665283203125 HTTP/1.0" 200 - "-" "SAE/fetchurl-j3ozn01wx2 WordPress/3.4.1; http://yansublog.sinaapp.com"
101.226.33.172 - - [25/Jan/2014:09:03:45 +0800] "GET /feed/ HTTP/1.0" 304 - "-" "Mozilla/4.0 (compatible; Windows;)"
204.236.153.140 - - [25/Jan/2014:09:16:21 +0800] "GET /feed/ HTTP/1.0" 304 - "-" "Digg Feed Fetcher 1.0 (Mozilla/5.0 (Macintosh; Intel Mac OS X 10_7_1) AppleWebKit/534.48.3 (KHTML, like Gecko) Version/5.1 Safari/534.48.3)"
220.181.129.93 - - [25/Jan/2014:10:27:56 +0800] "POST /wp-cron.php?doing_wp_cron=1390616876.9468710422515869140625 HTTP/1.0" 200 - "-" "SAE/fetchurl-j3ozn01wx2 WordPress/3.4.1; http://yansublog.sinaapp.com"
66.249.64.41 - - [25/Jan/2014:10:27:56 +0800] "GET /sitemap-pt-post-2013-02.xml HTTP/1.0" 200 1265 "-" "Mozilla/5.0 (compatible; Googlebot/2.1; +http://www.google.com/bot.html)"
220.181.129.102 - - [25/Jan/2014:11:11:56 +0800] "POST /wp-cron.php?doing_wp_cron=1390619516.7632930278778076171875 HTTP/1.0" 200 - "-" "SAE/fetchurl-j3ozn01wx2 WordPress/3.4.1; http://yansublog.sinaapp.com"
101.226.33.187 - - [25/Jan/2014:11:11:56 +0800] "GET /feed/ HTTP/1.0" 304 - "-" "Mozilla/4.0 (compatible; Windows;)"
178.79.172.152 - - [25/Jan/2014:11:17:22 +0800] "GET /2013/03/27/openstack%E7%9B%91%E6%8E%A7%E9%A1%B9%E7%9B%AEceilometer%E7%9A%84%E4%B8%80%E4%BA%9B%E6%9C%AF%E8%AF%AD/ HTTP/1.0" 200 23191 "-" "Mozilla/5.0 (X11; U; Linux i686; en-US; rv:1.8.1.12) Gecko/20080210 Firefox/2.0.0.1"
213.186.119.135 - - [25/Jan/2014:11:24:17 +0800] "GET /feed/ HTTP/1.0" 200 20206 "-" "AhrefsBot.Feeds v0.1; http://ahrefs.com/"
220.181.129.102 - - [25/Jan/2014:12:05:57 +0800] "POST /wp-cron.php?doing_wp_cron=1390622757.0721940994262695312500 HTTP/1.0" 200 - "-" "SAE/fetchurl-j3ozn01wx2 WordPress/3.4.1; http://yansublog.sinaapp.com"
218.240.38.162 - - [25/Jan/2014:12:05:56 +0800] "GET /feed/ HTTP/1.0" 304 - "-" "Xianguo.com 1 Subscribers"
101.226.33.174 - - [25/Jan/2014:12:34:31 +0800] "GET /feed/ HTTP/1.0" 304 - "-" "Mozilla/4.0 (compatible; Windows;)"
54.241.42.114 - - [25/Jan/2014:13:26:33 +0800] "GET /feed/ HTTP/1.0" 304 - "-" "Digg Feed Fetcher 1.0 (Mozilla/5.0 (Macintosh; Intel Mac OS X 10_7_1) AppleWebKit/534.48.3 (KHTML, like Gecko) Version/5.1 Safari/534.48.3)"
220.181.129.102 - - [25/Jan/2014:13:26:33 +0800] "POST /wp-cron.php?doing_wp_cron=1390627593.7513980865478515625000 HTTP/1.0" 200 - "-" "SAE/fetchurl-j3ozn01wx2 WordPress/3.4.1; http://yansublog.sinaapp.com"
106.120.173.126 - - [25/Jan/2014:13:48:49 +0800] "GET /2012/11/09/emacs%e5%88%a9%e7%94%a8org2blog%e5%86%99%e5%8d%9a%e5%ae%a2/ HTTP/1.0" 200 28009 "-" "Sogou web spider/4.0(+http://www.sogou.com/docs/help/webmasters.htm#07)"
220.181.129.102 - - [25/Jan/2014:13:48:49 +0800] "POST /wp-cron.php?doing_wp_cron=1390628929.4369149208068847656250 HTTP/1.0" 200 - "-" "SAE/fetchurl-j3ozn01wx2 WordPress/3.4.1; http://yansublog.sinaapp.com"
218.240.38.162 - - [25/Jan/2014:14:42:30 +0800] "GET /feed/ HTTP/1.0" 304 - "-" "Xianguo.com 1 Subscribers"
220.181.129.93 - - [25/Jan/2014:14:53:12 +0800] "POST /wp-cron.php?doing_wp_cron=1390632792.0034248828887939453125 HTTP/1.0" 200 - "-" "SAE/fetchurl-j3ozn01wx2 WordPress/3.4.1; http://yansublog.sinaapp.com"
66.249.84.61 - - [25/Jan/2014:14:53:11 +0800] "GET / HTTP/1.0" 200 47324 "-" "Mozilla/5.0 (Windows NT 6.1; rv:6.0) Gecko/20110814 Firefox/6.0 Google favicon"
220.181.129.102 - - [25/Jan/2014:16:04:19 +0800] "POST /wp-cron.php?doing_wp_cron=1390637059.9356880187988281250000 HTTP/1.0" 200 - "-" "SAE/fetchurl-j3ozn01wx2 WordPress/3.4.1; http://yansublog.sinaapp.com"
101.226.33.190 - - [25/Jan/2014:16:04:19 +0800] "GET /feed/ HTTP/1.0" 304 - "-" "Mozilla/4.0 (compatible; Windows;)"
106.120.173.126 - - [25/Jan/2014:16:56:56 +0800] "GET /category/ceilometer/ HTTP/1.0" 200 18615 "-" "Sogou web spider/4.0(+http://www.sogou.com/docs/help/webmasters.htm#07)"
220.181.129.102 - - [25/Jan/2014:16:56:56 +0800] "POST /wp-cron.php?doing_wp_cron=1390640216.3628599643707275390625 HTTP/1.0" 200 - "-" "SAE/fetchurl-j3ozn01wx2 WordPress/3.4.1; http://yansublog.sinaapp.com"
218.240.38.162 - - [25/Jan/2014:17:22:28 +0800] "GET /feed/ HTTP/1.0" 304 - "-" "Xianguo.com 1 Subscribers"
54.219.92.142 - - [25/Jan/2014:17:34:45 +0800] "GET /feed/ HTTP/1.0" 304 - "-" "Digg Feed Fetcher 1.0 (Mozilla/5.0 (Macintosh; Intel Mac OS X 10_7_1) AppleWebKit/534.48.3 (KHTML, like Gecko) Version/5.1 Safari/534.48.3)"
101.226.33.180 - - [25/Jan/2014:17:35:35 +0800] "GET /feed/ HTTP/1.0" 304 - "-" "Mozilla/4.0 (compatible; Windows;)"
220.181.129.102 - - [25/Jan/2014:19:53:42 +0800] "POST /wp-cron.php?doing_wp_cron=1390650822.8190670013427734375000 HTTP/1.0" 200 - "-" "SAE/fetchurl-j3ozn01wx2 WordPress/3.4.1; http://yansublog.sinaapp.com"
208.115.113.91 - - [25/Jan/2014:19:53:42 +0800] "GET /robots.txt HTTP/1.0" 200 110 "-" "Mozilla/5.0 (compatible; Ezooms/1.0; help@moz.com)"
66.249.64.41 - - [25/Jan/2014:20:07:28 +0800] "GET /2013/03/19/%E5%9C%A8%E8%99%9A%E6%8B%9F%E6%9C%BA%E5%8D%95%E6%9C%BA%E9%83%A8%E7%BD%B2openstack/ HTTP/1.0" 200 22652 "-" "Mozilla/5.0 (iPhone; CPU iPhone OS 6_0 like Mac OS X) AppleWebKit/536.26 (KHTML, like Gecko) Version/6.0 Mobile/10A5376e Safari/8536.25 (compatible; Googlebot-Mobile/2.1; +http://www.google.com/bot.html)"
220.181.129.102 - - [25/Jan/2014:20:28:55 +0800] "POST /wp-cron.php?doing_wp_cron=1390652935.3892669677734375000000 HTTP/1.0" 200 - "-" "SAE/fetchurl-j3ozn01wx2 WordPress/3.4.1; http://yansublog.sinaapp.com"
213.186.119.135 - - [25/Jan/2014:20:28:55 +0800] "GET /feed/ HTTP/1.0" 200 42966 "-" "AhrefsBot.Feeds v0.1; http://ahrefs.com/"
208.115.113.91 - - [25/Jan/2014:20:32:29 +0800] "GET /2012/12/17/%E7%BB%99vmware%E4%B8%8B%E7%9A%84ubuntu-server%E5%85%B1%E4%BA%AB%E6%96%87%E4%BB%B6/ HTTP/1.0" 200 24023 "-" "Mozilla/5.0 (compatible; Ezooms/1.0; help@moz.com)"
220.181.129.93 - - [25/Jan/2014:21:49:17 +0800] "POST /wp-cron.php?doing_wp_cron=1390657757.5931780338287353515625 HTTP/1.0" 200 - "-" "SAE/fetchurl-j3ozn01wx2 WordPress/3.4.1; http://yansublog.sinaapp.com"
54.219.245.139 - - [25/Jan/2014:21:49:17 +0800] "GET /feed/ HTTP/1.0" 304 - "-" "Digg Feed Fetcher 1.0 (Mozilla/5.0 (Macintosh; Intel Mac OS X 10_7_1) AppleWebKit/534.48.3 (KHTML, like Gecko) Version/5.1 Safari/534.48.3)"
218.240.38.162 - - [25/Jan/2014:22:23:33 +0800] "GET /feed/ HTTP/1.0" 304 - "-" "Xianguo.com 1 Subscribers"
66.249.76.4 - - [25/Jan/2014:22:40:05 +0800] "GET /2013/03/20/%E8%B0%83%E8%AF%95%E5%92%8C%E4%BF%AE%E6%94%B9openstack%E4%B8%AD%E7%9A%84horizon%E9%83%A8%E5%88%86/ HTTP/1.0" 200 21748 "-" "DoCoMo/2.0 N905i(c100;TB;W24H16) (compatible; Googlebot-Mobile/2.1; +http://www.google.com/bot.html)"
101.226.33.172 - - [25/Jan/2014:22:41:16 +0800] "GET /feed/ HTTP/1.0" 304 - "-" "Mozilla/4.0 (compatible; Windows;)"
101.226.33.188 - - [26/Jan/2014:00:37:01 +0800] "GET /feed/ HTTP/1.0" 304 - "-" "Mozilla/4.0 (compatible; Windows;)"
220.181.129.102 - - [26/Jan/2014:00:37:02 +0800] "POST /wp-cron.php?doing_wp_cron=1390667822.3317420482635498046875 HTTP/1.0" 200 - "-" "SAE/fetchurl-j3ozn01wx2 WordPress/3.4.1; http://yansublog.sinaapp.com"
220.181.129.102 - - [26/Jan/2014:02:01:37 +0800] "POST /wp-cron.php?doing_wp_cron=1390672897.8777000904083251953125 HTTP/1.0" 200 - "-" "SAE/fetchurl-j3ozn01wx2 WordPress/3.4.1; http://yansublog.sinaapp.com"
204.236.146.161 - - [26/Jan/2014:02:01:37 +0800] "GET /feed/ HTTP/1.0" 304 - "-" "Digg Feed Fetcher 1.0 (Mozilla/5.0 (Macintosh; Intel Mac OS X 10_7_1) AppleWebKit/534.48.3 (KHTML, like Gecko) Version/5.1 Safari/534.48.3)"
220.181.129.102 - - [26/Jan/2014:03:21:37 +0800] "POST /wp-cron.php?doing_wp_cron=1390677697.5516850948333740234375 HTTP/1.0" 200 - "-" "SAE/fetchurl-j3ozn01wx2 WordPress/3.4.1; http://yansublog.sinaapp.com"
218.240.38.162 - - [26/Jan/2014:03:21:37 +0800] "GET /feed/ HTTP/1.0" 304 - "-" "Xianguo.com 1 Subscribers"
101.226.33.187 - - [26/Jan/2014:03:34:58 +0800] "GET /feed/ HTTP/1.0" 304 - "-" "Mozilla/4.0 (compatible; Windows;)"
220.181.129.102 - - [26/Jan/2014:04:28:19 +0800] "POST /wp-cron.php?doing_wp_cron=1390681699.2087700366973876953125 HTTP/1.0" 200 - "-" "SAE/fetchurl-j3ozn01wx2 WordPress/3.4.1; http://yansublog.sinaapp.com"
157.55.34.168 - - [26/Jan/2014:04:28:19 +0800] "GET /robots.txt HTTP/1.0" 200 110 "-" "Mozilla/5.0 (compatible; bingbot/2.0; +http://www.bing.com/bingbot.htm)"
220.181.129.102 - - [26/Jan/2014:05:17:01 +0800] "POST /wp-cron.php?doing_wp_cron=1390684621.4811060428619384765625 HTTP/1.0" 200 - "-" "SAE/fetchurl-j3ozn01wx2 WordPress/3.4.1; http://yansublog.sinaapp.com"
101.226.33.174 - - [26/Jan/2014:05:17:01 +0800] "GET /feed/ HTTP/1.0" 304 - "-" "Mozilla/4.0 (compatible; Windows;)"
213.186.119.135 - - [26/Jan/2014:05:25:56 +0800] "GET /feed/ HTTP/1.0" 200 14315 "-" "AhrefsBot.Feeds v0.1; http://ahrefs.com/"
220.181.129.93 - - [26/Jan/2014:05:53:08 +0800] "POST /wp-cron.php?doing_wp_cron=1390686788.7114980220794677734375 HTTP/1.0" 200 - "-" "SAE/fetchurl-j3ozn01wx2 WordPress/3.4.1; http://yansublog.sinaapp.com"
157.55.34.168 - - [26/Jan/2014:05:53:08 +0800] "GET /2013/03/25/%e6%9c%8d%e5%8a%a1%e5%99%a8%e8%87%aa%e5%8a%a8%e5%8c%96%e9%83%a8%e7%bd%b2%e5%8f%8a%e8%bf%90%e7%bb%b4%e5%b8%b8%e8%a7%81%e5%b7%a5%e5%85%b7/ HTTP/1.0" 200 23392 "-" "Mozilla/5.0 (compatible; bingbot/2.0; +http://www.bing.com/bingbot.htm)"
218.240.38.162 - - [26/Jan/2014:05:59:58 +0800] "GET /feed/ HTTP/1.0" 304 - "-" "Xianguo.com 1 Subscribers"
54.219.71.126 - - [26/Jan/2014:06:10:00 +0800] "GET /feed/ HTTP/1.0" 304 - "-" "Digg Feed Fetcher 1.0 (Mozilla/5.0 (Macintosh; Intel Mac OS X 10_7_1) AppleWebKit/534.48.3 (KHTML, like Gecko) Version/5.1 Safari/534.48.3)"
66.249.64.42 - - [26/Jan/2014:06:47:28 +0800] "GET /robots.txt HTTP/1.0" 200 110 "-" "Mozilla/5.0 (compatible; Googlebot/2.1; +http://www.google.com/bot.html)"
66.249.64.42 - - [26/Jan/2014:06:47:29 +0800] "GET /sitemap-misc.xml HTTP/1.0" 200 905 "-" "Mozilla/5.0 (compatible; Googlebot/2.1; +http://www.google.com/bot.html)"
220.181.129.93 - - [26/Jan/2014:07:06:36 +0800] "POST /wp-cron.php?doing_wp_cron=1390691196.6284720897674560546875 HTTP/1.0" 200 - "-" "SAE/fetchurl-j3ozn01wx2 WordPress/3.4.1; http://yansublog.sinaapp.com"
66.249.64.13 - - [26/Jan/2014:07:06:36 +0800] "GET /tag/kanyun/ HTTP/1.0" 200 26982 "-" "Mozilla/5.0 (iPhone; CPU iPhone OS 6_0 like Mac OS X) AppleWebKit/536.26 (KHTML, like Gecko) Version/6.0 Mobile/10A5376e Safari/8536.25 (compatible; Googlebot-Mobile/2.1; +http://www.google.com/bot.html)"
220.181.129.102 - - [26/Jan/2014:08:14:36 +0800] "POST /wp-cron.php?doing_wp_cron=1390695276.5128180980682373046875 HTTP/1.0" 200 - "-" "SAE/fetchurl-j3ozn01wx2 WordPress/3.4.1; http://yansublog.sinaapp.com"
66.249.76.14 - - [26/Jan/2014:08:14:36 +0800] "GET /tag/emacs/ HTTP/1.0" 200 18249 "-" "DoCoMo/2.0 N905i(c100;TB;W24H16) (compatible; Googlebot-Mobile/2.1; +http://www.google.com/bot.html)"
218.240.38.162 - - [26/Jan/2014:08:38:31 +0800] "GET /feed/ HTTP/1.0" 304 - "-" "Xianguo.com 1 Subscribers"
220.181.129.102 - - [26/Jan/2014:09:43:15 +0800] "POST /wp-cron.php?doing_wp_cron=1390700595.4624149799346923828125 HTTP/1.0" 200 - "-" "SAE/fetchurl-j3ozn01wx2 WordPress/3.4.1; http://yansublog.sinaapp.com"
101.226.33.189 - - [26/Jan/2014:09:43:15 +0800] "GET /feed/ HTTP/1.0" 304 - "-" "Mozilla/4.0 (compatible; Windows;)"
220.181.129.93 - - [26/Jan/2014:10:16:02 +0800] "POST /wp-cron.php?doing_wp_cron=1390702562.6326820850372314453125 HTTP/1.0" 200 - "-" "SAE/fetchurl-j3ozn01wx2 WordPress/3.4.1; http://yansublog.sinaapp.com"
54.241.42.166 - - [26/Jan/2014:10:16:02 +0800] "GET /feed/ HTTP/1.0" 304 - "-" "Digg Feed Fetcher 1.0 (Mozilla/5.0 (Macintosh; Intel Mac OS X 10_7_1) AppleWebKit/534.48.3 (KHTML, like Gecko) Version/5.1 Safari/534.48.3)"
220.181.129.93 - - [26/Jan/2014:11:02:01 +0800] "POST /wp-cron.php?doing_wp_cron=1390705321.8711569309234619140625 HTTP/1.0" 200 - "-" "SAE/fetchurl-j3ozn01wx2 WordPress/3.4.1; http://yansublog.sinaapp.com"
101.226.33.188 - - [26/Jan/2014:11:02:01 +0800] "GET /feed/ HTTP/1.0" 304 - "-" "Mozilla/4.0 (compatible; Windows;)"
220.181.129.102 - - [26/Jan/2014:13:26:10 +0800] "POST /wp-cron.php?doing_wp_cron=1390713970.9104959964752197265625 HTTP/1.0" 200 - "-" "SAE/fetchurl-j3ozn01wx2 WordPress/3.4.1; http://yansublog.sinaapp.com"
101.226.33.179 - - [26/Jan/2014:13:26:10 +0800] "GET /feed/ HTTP/1.0" 304 - "-" "Mozilla/4.0 (compatible; Windows;)"
54.219.11.26 - - [26/Jan/2014:14:20:14 +0800] "GET /feed/ HTTP/1.0" 304 - "-" "Digg Feed Fetcher 1.0 (Mozilla/5.0 (Macintosh; Intel Mac OS X 10_7_1) AppleWebKit/534.48.3 (KHTML, like Gecko) Version/5.1 Safari/534.48.3)"
220.181.129.93 - - [26/Jan/2014:14:20:14 +0800] "POST /wp-cron.php?doing_wp_cron=1390717214.9596118927001953125000 HTTP/1.0" 200 - "-" "SAE/fetchurl-j3ozn01wx2 WordPress/3.4.1; http://yansublog.sinaapp.com"
213.186.119.135 - - [26/Jan/2014:14:28:52 +0800] "GET /feed/ HTTP/1.0" 200 20156 "-" "AhrefsBot.Feeds v0.1; http://ahrefs.com/"
220.181.129.93 - - [26/Jan/2014:14:53:23 +0800] "POST /wp-cron.php?doing_wp_cron=1390719203.4190039634704589843750 HTTP/1.0" 200 - "-" "SAE/fetchurl-j3ozn01wx2 WordPress/3.4.1; http://yansublog.sinaapp.com"
123.125.71.94 - - [26/Jan/2014:14:53:23 +0800] "GET /robots.txt HTTP/1.0" 200 110 "-" "Mozilla/5.0 (compatible; Baiduspider/2.0; +http://www.baidu.com/search/spider.html)"
115.200.239.222 - - [26/Jan/2014:16:23:12 +0800] "GET / HTTP/1.0" 200 47324 "http://yansu.org/2013/04/22/wordpress-to-jekyll.html" "Mozilla/5.0 (X11; Linux i686) AppleWebKit/537.36 (KHTML, like Gecko) Chrome/31.0.1650.63 Safari/537.36"
220.181.129.93 - - [26/Jan/2014:16:23:12 +0800] "POST /wp-cron.php?doing_wp_cron=1390724592.2686879634857177734375 HTTP/1.0" 200 - "-" "SAE/fetchurl-j3ozn01wx2 WordPress/3.4.1; http://yansublog.sinaapp.com"
115.200.239.222 - - [26/Jan/2014:16:26:25 +0800] "GET /page/2/ HTTP/1.0" 200 45705 "http://yansublog.sinaapp.com/" "Mozilla/5.0 (X11; Linux i686) AppleWebKit/537.36 (KHTML, like Gecko) Chrome/31.0.1650.63 Safari/537.36"
115.200.239.222 - - [26/Jan/2014:16:26:35 +0800] "GET /2013/02/25/win7%e5%bf%ab%e9%80%9f%e6%89%93%e5%bc%80%e5%ba%94%e7%94%a8%e7%a8%8b%e5%ba%8f%e6%88%96%e6%96%87%e4%bb%b6/ HTTP/1.0" 200 26397 "http://yansublog.sinaapp.com/" "Mozilla/5.0 (X11; Linux i686) AppleWebKit/537.36 (KHTML, like Gecko) Chrome/31.0.1650.63 Safari/537.36"
101.226.33.190 - - [26/Jan/2014:16:35:14 +0800] "GET /feed/ HTTP/1.0" 304 - "-" "Mozilla/4.0 (compatible; Windows;)"
220.181.129.102 - - [26/Jan/2014:17:20:11 +0800] "POST /wp-cron.php?doing_wp_cron=1390728011.6658620834350585937500 HTTP/1.0" 200 - "-" "SAE/fetchurl-j3ozn01wx2 WordPress/3.4.1; http://yansublog.sinaapp.com"
66.249.64.41 - - [26/Jan/2014:17:20:11 +0800] "GET /2012/09/27/js%E4%B8%AD%E9%98%B2%E6%AD%A2%E6%B5%8F%E8%A7%88%E5%99%A8%E5%B1%8F%E8%94%BDwindow-open/ HTTP/1.0" 200 24214 "-" "Mozilla/5.0 (compatible; Googlebot/2.1; +http://www.google.com/bot.html)"
220.181.129.102 - - [26/Jan/2014:18:41:22 +0800] "POST /wp-cron.php?doing_wp_cron=1390732882.9720718860626220703125 HTTP/1.0" 200 - "-" "SAE/fetchurl-j3ozn01wx2 WordPress/3.4.1; http://yansublog.sinaapp.com"
204.236.190.162 - - [26/Jan/2014:18:41:22 +0800] "GET /feed/ HTTP/1.0" 304 - "-" "Digg Feed Fetcher 1.0 (Mozilla/5.0 (Macintosh; Intel Mac OS X 10_7_1) AppleWebKit/534.48.3 (KHTML, like Gecko) Version/5.1 Safari/534.48.3)"
220.181.129.93 - - [26/Jan/2014:18:56:49 +0800] "POST /wp-cron.php?doing_wp_cron=1390733809.7404348850250244140625 HTTP/1.0" 200 - "-" "SAE/fetchurl-j3ozn01wx2 WordPress/3.4.1; http://yansublog.sinaapp.com"
218.240.38.162 - - [26/Jan/2014:18:56:49 +0800] "GET /feed/ HTTP/1.0" 304 - "-" "Xianguo.com 1 Subscribers"
68.180.224.228 - - [26/Jan/2014:18:57:08 +0800] "GET /robots.txt HTTP/1.0" 200 110 "-" "Mozilla/5.0 (compatible; Yahoo! Slurp; http://help.yahoo.com/help/us/ysearch/slurp"
68.180.224.228 - - [26/Jan/2014:18:57:09 +0800] "GET /2013/03/20/%E8%99%9A%E6%8B%9F%E5%8C%96%E4%B8%8E%E4%BA%91%E8%AE%A1%E7%AE%97%E4%B8%ADkvmxenqemu%E7%9A%84%E5%8C%BA%E5%88%AB%E5%92%8C%E8%81%94%E7%B3%BB/ HTTP/1.0" 200 25189 "-" "Mozilla/5.0 (compatible; Yahoo! Slurp; http://help.yahoo.com/help/us/ysearch/slurp)"
66.249.64.15 - - [26/Jan/2014:19:34:10 +0800] "GET /2013/01/30/kanyun-worker%E5%8E%9F%E7%90%86/ HTTP/1.0" 200 21366 "-" "Mozilla/5.0 (iPhone; CPU iPhone OS 6_0 like Mac OS X) AppleWebKit/536.26 (KHTML, like Gecko) Version/6.0 Mobile/10A5376e Safari/8536.25 (compatible; Googlebot-Mobile/2.1; +http://www.google.com/bot.html)"
220.181.129.102 - - [26/Jan/2014:19:55:10 +0800] "POST /wp-cron.php?doing_wp_cron=1390737310.6741249561309814453125 HTTP/1.0" 200 - "-" "SAE/fetchurl-j3ozn01wx2 WordPress/3.4.1; http://yansublog.sinaapp.com"
208.115.113.91 - - [26/Jan/2014:19:55:10 +0800] "GET /robots.txt HTTP/1.0" 200 110 "-" "Mozilla/5.0 (compatible; Ezooms/1.0; help@moz.com)"
101.226.33.174 - - [26/Jan/2014:20:02:36 +0800] "GET /feed/ HTTP/1.0" 304 - "-" "Mozilla/4.0 (compatible; Windows;)"
220.181.129.102 - - [26/Jan/2014:20:35:45 +0800] "POST /wp-cron.php?doing_wp_cron=1390739745.9074859619140625000000 HTTP/1.0" 200 - "-" "SAE/fetchurl-j3ozn01wx2 WordPress/3.4.1; http://yansublog.sinaapp.com"
208.115.113.91 - - [26/Jan/2014:20:35:45 +0800] "GET / HTTP/1.0" 200 47324 "-" "Mozilla/5.0 (compatible; Ezooms/1.0; help@moz.com)"
183.60.215.118 - - [26/Jan/2014:20:45:32 +0800] "GET /sitemap.xml HTTP/1.0" 200 1864 "-" "Mozilla/5.0 (Windows NT 6.1; rv:16.0) Gecko/20100101 Firefox/16.0"
220.181.129.93 - - [26/Jan/2014:21:18:49 +0800] "POST /wp-cron.php?doing_wp_cron=1390742329.8633449077606201171875 HTTP/1.0" 200 - "-" "SAE/fetchurl-j3ozn01wx2 WordPress/3.4.1; http://yansublog.sinaapp.com"
101.226.33.190 - - [26/Jan/2014:21:18:49 +0800] "GET /feed/ HTTP/1.0" 304 - "-" "Mozilla/4.0 (compatible; Windows;)"
220.181.129.102 - - [26/Jan/2014:23:07:57 +0800] "POST /wp-cron.php?doing_wp_cron=1390748877.0041370391845703125000 HTTP/1.0" 200 - "-" "SAE/fetchurl-j3ozn01wx2 WordPress/3.4.1; http://yansublog.sinaapp.com"
204.236.162.60 - - [26/Jan/2014:23:07:56 +0800] "GET /feed/ HTTP/1.0" 304 - "-" "Digg Feed Fetcher 1.0 (Mozilla/5.0 (Macintosh; Intel Mac OS X 10_7_1) AppleWebKit/534.48.3 (KHTML, like Gecko) Version/5.1 Safari/534.48.3)"
178.79.172.153 - - [26/Jan/2014:23:25:42 +0800] "GET /2013/03/27/openstack%E7%9B%91%E6%8E%A7%E9%A1%B9%E7%9B%AEceilometer%E7%9A%84%E4%B8%80%E4%BA%9B%E6%9C%AF%E8%AF%AD/ HTTP/1.0" 200 23191 "-" "Mozilla/5.0 (X11; U; Linux i686; en-US; rv:1.8.1.12) Gecko/20080210 Firefox/2.0.0.1"
220.181.129.102 - - [26/Jan/2014:23:31:30 +0800] "POST /wp-cron.php?doing_wp_cron=1390750290.3062989711761474609375 HTTP/1.0" 200 - "-" "SAE/fetchurl-j3ozn01wx2 WordPress/3.4.1; http://yansublog.sinaapp.com"
213.186.119.135 - - [26/Jan/2014:23:31:30 +0800] "GET /feed/ HTTP/1.0" 200 52304 "-" "AhrefsBot.Feeds v0.1; http://ahrefs.com/"
220.181.129.102 - - [27/Jan/2014:00:59:18 +0800] "POST /wp-cron.php?doing_wp_cron=1390755558.5345270633697509765625 HTTP/1.0" 200 - "-" "SAE/fetchurl-j3ozn01wx2 WordPress/3.4.1; http://yansublog.sinaapp.com"
66.249.76.121 - - [27/Jan/2014:00:59:18 +0800] "GET /2013/03/25/%E6%9C%8D%E5%8A%A1%E5%99%A8%E8%87%AA%E5%8A%A8%E5%8C%96%E9%83%A8%E7%BD%B2%E5%8F%8A%E8%BF%90%E7%BB%B4%E5%B8%B8%E8%A7%81%E5%B7%A5%E5%85%B7/ HTTP/1.0" 200 23392 "-" "DoCoMo/2.0 N905i(c100;TB;W24H16) (compatible; Googlebot-Mobile/2.1; +http://www.google.com/bot.html)"
101.226.33.171 - - [27/Jan/2014:01:27:08 +0800] "GET /feed/ HTTP/1.0" 304 - "-" "Mozilla/4.0 (compatible; Windows;)"
220.181.129.93 - - [27/Jan/2014:02:29:31 +0800] "POST /wp-cron.php?doing_wp_cron=1390760971.8360950946807861328125 HTTP/1.0" 200 - "-" "SAE/fetchurl-j3ozn01wx2 WordPress/3.4.1; http://yansublog.sinaapp.com"
218.240.38.162 - - [27/Jan/2014:02:29:31 +0800] "GET /feed/ HTTP/1.0" 200 42972 "-" "Xianguo.com 1 Subscribers"
220.181.129.93 - - [27/Jan/2014:03:47:42 +0800] "POST /wp-cron.php?doing_wp_cron=1390765662.3527040481567382812500 HTTP/1.0" 200 - "-" "SAE/fetchurl-j3ozn01wx2 WordPress/3.4.1; http://yansublog.sinaapp.com"
101.226.33.174 - - [27/Jan/2014:03:47:41 +0800] "GET /feed/ HTTP/1.0" 304 - "-" "Mozilla/4.0 (compatible; Windows;)"
220.181.129.93 - - [27/Jan/2014:03:49:42 +0800] "POST /wp-cron.php?doing_wp_cron=1390765782.5159320831298828125000 HTTP/1.0" 200 - "-" "SAE/fetchurl-j3ozn01wx2 WordPress/3.4.1; http://yansublog.sinaapp.com"
54.219.4.70 - - [27/Jan/2014:03:49:42 +0800] "GET /feed/ HTTP/1.0" 304 - "-" "Digg Feed Fetcher 1.0 (Mozilla/5.0 (Macintosh; Intel Mac OS X 10_7_1) AppleWebKit/534.48.3 (KHTML, like Gecko) Version/5.1 Safari/534.48.3)"
183.60.213.7 - - [27/Jan/2014:03:51:34 +0800] "GET /sitemap-pt-post-2013-01.xml HTTP/1.0" 200 2334 "-" "Mozilla/5.0 (compatible; EasouSpider; +http://www.easou.com/search/spider.html)"
66.249.64.14 - - [27/Jan/2014:04:15:47 +0800] "GET /wp-login.php HTTP/1.0" 200 3262 "-" "Mozilla/5.0 (compatible; Googlebot/2.1; +http://www.google.com/bot.html)"
217.69.133.252 - - [27/Jan/2014:04:30:31 +0800] "GET /robots.txt HTTP/1.0" 200 110 "-" "Mozilla/5.0 (compatible; Linux x86_64; Mail.RU_Bot/2.0; +http://go.mail.ru/help/robots)"
217.69.133.252 - - [27/Jan/2014:04:30:33 +0800] "GET / HTTP/1.0" 301 - "-" "Mozilla/5.0 (compatible; Linux x86_64; Mail.RU_Bot/2.0; +http://go.mail.ru/help/robots)"
217.69.133.21 - - [27/Jan/2014:04:30:38 +0800] "GET /robots.txt HTTP/1.0" 200 110 "-" "Mozilla/5.0 (compatible; Linux x86_64; Mail.RU_Bot/2.0; +http://go.mail.ru/help/robots)"
217.69.133.250 - - [27/Jan/2014:04:30:40 +0800] "GET / HTTP/1.0" 200 47324 "-" "Mozilla/5.0 (compatible; Linux x86_64; Mail.RU_Bot/2.0; +http://go.mail.ru/help/robots)"
220.181.129.93 - - [27/Jan/2014:05:05:27 +0800] "POST /wp-cron.php?doing_wp_cron=1390770327.4869289398193359375000 HTTP/1.0" 200 - "-" "SAE/fetchurl-j3ozn01wx2 WordPress/3.4.1; http://yansublog.sinaapp.com"
218.240.38.162 - - [27/Jan/2014:05:05:27 +0800] "GET /feed/ HTTP/1.0" 304 - "-" "Xianguo.com 1 Subscribers"
66.249.76.128 - - [27/Jan/2014:05:10:58 +0800] "GET /category/javascript/ HTTP/1.0" 200 21462 "-" "DoCoMo/2.0 N905i(c100;TB;W24H16) (compatible; Googlebot-Mobile/2.1; +http://www.google.com/bot.html)"
220.181.129.102 - - [27/Jan/2014:06:56:11 +0800] "POST /wp-cron.php?doing_wp_cron=1390776971.4843308925628662109375 HTTP/1.0" 200 - "-" "SAE/fetchurl-j3ozn01wx2 WordPress/3.4.1; http://yansublog.sinaapp.com"
66.249.76.76 - - [27/Jan/2014:06:56:11 +0800] "GET /robots.txt HTTP/1.0" 200 110 "-" "Mozilla/5.0 (compatible; Googlebot/2.1; +http://www.google.com/bot.html)"
66.249.64.15 - - [27/Jan/2014:06:56:12 +0800] "GET /2012/09/19/php%E6%93%8D%E4%BD%9Csession%E7%9A%84%E5%8E%9F%E7%90%86%E5%8F%8A%E6%8F%90%E5%8D%87%E5%AE%89%E5%85%A8%E6%80%A7%E6%97%B6%E7%9A%84%E4%B8%80%E4%B8%AA%E9%97%AE%E9%A2%98/ HTTP/1.0" 200 30854 "-" "Mozilla/5.0 (iPhone; CPU iPhone OS 6_0 like Mac OS X) AppleWebKit/536.26 (KHTML, like Gecko) Version/6.0 Mobile/10A5376e Safari/8536.25 (compatible; Googlebot-Mobile/2.1; +http://www.google.com/bot.html)"
101.226.33.171 - - [27/Jan/2014:07:01:27 +0800] "GET /feed/ HTTP/1.0" 304 - "-" "Mozilla/4.0 (compatible; Windows;)"
218.240.38.162 - - [27/Jan/2014:07:44:15 +0800] "GET /feed/ HTTP/1.0" 304 - "-" "Xianguo.com 1 Subscribers"
220.181.129.102 - - [27/Jan/2014:08:22:19 +0800] "POST /wp-cron.php?doing_wp_cron=1390782139.3751571178436279296875 HTTP/1.0" 200 - "-" "SAE/fetchurl-j3ozn01wx2 WordPress/3.4.1; http://yansublog.sinaapp.com"
213.186.119.135 - - [27/Jan/2014:08:22:19 +0800] "GET /feed/ HTTP/1.0" 200 20156 "-" "AhrefsBot.Feeds v0.1; http://ahrefs.com/"
54.219.213.237 - - [27/Jan/2014:08:26:11 +0800] "GET /feed/ HTTP/1.0" 304 - "-" "Digg Feed Fetcher 1.0 (Mozilla/5.0 (Macintosh; Intel Mac OS X 10_7_1) AppleWebKit/534.48.3 (KHTML, like Gecko) Version/5.1 Safari/534.48.3)"
220.181.129.93 - - [27/Jan/2014:09:25:55 +0800] "POST /wp-cron.php?doing_wp_cron=1390785955.7262361049652099609375 HTTP/1.0" 200 - "-" "SAE/fetchurl-j3ozn01wx2 WordPress/3.4.1; http://yansublog.sinaapp.com"
66.249.64.14 - - [27/Jan/2014:09:25:55 +0800] "GET /sitemap-pt-post-2012-09.xml HTTP/1.0" 200 2039 "-" "Mozilla/5.0 (compatible; Googlebot/2.1; +http://www.google.com/bot.html)"
123.150.4.162 - - [27/Jan/2014:09:33:33 +0800] "GET /2013/03/27/openstack%E7%9B%91%E6%8E%A7%E9%A1%B9%E7%9B%AEceilometer%E7%9A%84%E4%B8%80%E4%BA%9B%E6%9C%AF%E8%AF%AD/ HTTP/1.0" 200 23191 "https://www.google.com.hk/" "Mozilla/5.0 (Windows NT 6.1; WOW64) AppleWebKit/537.36 (KHTML, like Gecko) Chrome/32.0.1700.76 Safari/537.36"
124.207.8.210 - - [27/Jan/2014:09:43:32 +0800] "GET /2013/01/30/openstack%E7%9B%91%E6%8E%A7%E7%A8%8B%E5%BA%8Fkanyun%E7%9A%84%E9%83%A8%E7%BD%B2/ HTTP/1.0" 200 24974 "-" "Mozilla/5.0 (Windows NT 6.1; WOW64; rv:26.0) Gecko/20100101 Firefox/26.0"
220.181.129.93 - - [27/Jan/2014:09:49:41 +0800] "POST /wp-cron.php?doing_wp_cron=1390787381.6859159469604492187500 HTTP/1.0" 200 - "-" "SAE/fetchurl-j3ozn01wx2 WordPress/3.4.1; http://yansublog.sinaapp.com"
124.207.8.210 - - [27/Jan/2014:09:49:41 +0800] "GET /2013/01/30/kanyun-worker%E5%8E%9F%E7%90%86/ HTTP/1.0" 200 21366 "-" "Mozilla/5.0 (Windows NT 6.1; WOW64; rv:26.0) Gecko/20100101 Firefox/26.0"
124.207.8.210 - - [27/Jan/2014:09:52:29 +0800] "GET /2013/01/30/openstack%E7%9B%91%E6%8E%A7%E7%A8%8B%E5%BA%8Fkanyun%E7%9A%84%E9%83%A8%E7%BD%B2/ HTTP/1.0" 200 24974 "http://app.wumii.com/ext/redirect?url=http%3A%2F%2Fyansublog.sinaapp.com%2F2013%2F01%2F30%2Fopenstack%25E7%259B%2591%25E6%258E%25A7%25E7%25A8%258B%25E5%25BA%258Fkanyun%25E7%259A%2584%25E9%2583%25A8%25E7%25BD%25B2%2F&ts=1390787547480&from=http%3A%2F%2Fyansublog.sinaapp.com%2F2013%2F01%2F30%2Fkanyun-worker%25E5%258E%259F%25E7%2590%2586%2F&ref=relatedItems" "Mozilla/5.0 (Windows NT 6.1; WOW64; rv:26.0) Gecko/20100101 Firefox/26.0"
124.207.8.210 - - [27/Jan/2014:09:52:30 +0800] "GET /2013/01/30/kanyun-server%E6%9C%8D%E5%8A%A1/ HTTP/1.0" 200 19974 "http://app.wumii.com/ext/redirect?url=http%3A%2F%2Fyansublog.sinaapp.com%2F2013%2F01%2F30%2Fkanyun-server%25E6%259C%258D%25E5%258A%25A1%2F&ts=1390787549048&from=http%3A%2F%2Fyansublog.sinaapp.com%2F2013%2F01%2F30%2Fkanyun-worker%25E5%258E%259F%25E7%2590%2586%2F&ref=relatedItems" "Mozilla/5.0 (Windows NT 6.1; WOW64; rv:26.0) Gecko/20100101 Firefox/26.0"
124.207.8.210 - - [27/Jan/2014:09:52:32 +0800] "GET /2013/01/13/%E9%83%A8%E7%BD%B2openstack%E7%9B%91%E6%8E%A7%E7%A8%8B%E5%BA%8Fkanyun/ HTTP/1.0" 200 23714 "http://app.wumii.com/ext/redirect?url=http%3A%2F%2Fyansublog.sinaapp.com%2F2013%2F01%2F13%2F%25E9%2583%25A8%25E7%25BD%25B2openstack%25E7%259B%2591%25E6%258E%25A7%25E7%25A8%258B%25E5%25BA%258Fkanyun%2F&ts=1390787550208&from=http%3A%2F%2Fyansublog.sinaapp.com%2F2013%2F01%2F30%2Fkanyun-worker%25E5%258E%259F%25E7%2590%2586%2F&ref=relatedItems" "Mozilla/5.0 (Windows NT 6.1; WOW64; rv:26.0) Gecko/20100101 Firefox/26.0"
124.207.8.210 - - [27/Jan/2014:09:52:33 +0800] "GET /2013/01/30/kanyun%E7%9A%84api-client%E5%91%BD%E4%BB%A4/ HTTP/1.0" 200 21209 "http://app.wumii.com/ext/redirect?url=http%3A%2F%2Fyansublog.sinaapp.com%2F2013%2F01%2F30%2Fkanyun%25E7%259A%2584api-client%25E5%2591%25BD%25E4%25BB%25A4%2F&ts=1390787551471&from=http%3A%2F%2Fyansublog.sinaapp.com%2F2013%2F01%2F30%2Fkanyun-worker%25E5%258E%259F%25E7%2590%2586%2F&ref=relatedItems" "Mozilla/5.0 (Windows NT 6.1; WOW64; rv:26.0) Gecko/20100101 Firefox/26.0"
124.207.8.210 - - [27/Jan/2014:10:04:26 +0800] "GET /category/linux/ HTTP/1.0" 200 37447 "http://yansublog.sinaapp.com/2013/01/30/openstack%E7%9B%91%E6%8E%A7%E7%A8%8B%E5%BA%8Fkanyun%E7%9A%84%E9%83%A8%E7%BD%B2/" "Mozilla/5.0 (Windows NT 6.1; WOW64; rv:26.0) Gecko/20100101 Firefox/26.0"
124.207.8.210 - - [27/Jan/2014:10:04:29 +0800] "GET /category/openstack/ HTTP/1.0" 200 46925 "http://yansublog.sinaapp.com/category/linux/" "Mozilla/5.0 (Windows NT 6.1; WOW64; rv:26.0) Gecko/20100101 Firefox/26.0"
124.207.8.210 - - [27/Jan/2014:10:04:41 +0800] "GET /2013/03/20/%e8%b0%83%e8%af%95%e5%92%8c%e4%bf%ae%e6%94%b9openstack%e4%b8%ad%e7%9a%84horizon%e9%83%a8%e5%88%86/ HTTP/1.0" 200 21748 "http://yansublog.sinaapp.com/category/openstack/" "Mozilla/5.0 (Windows NT 6.1; WOW64; rv:26.0) Gecko/20100101 Firefox/26.0"
101.226.33.179 - - [27/Jan/2014:10:10:22 +0800] "GET /feed/ HTTP/1.0" 304 - "-" "Mozilla/4.0 (compatible; Windows;)"
219.133.0.1 - - [27/Jan/2014:10:44:32 +0800] "GET /2013/03/19/%E5%9C%A8%E8%99%9A%E6%8B%9F%E6%9C%BA%E5%8D%95%E6%9C%BA%E9%83%A8%E7%BD%B2openstack/ HTTP/1.0" 200 22652 "http://www.google.com.hk/url?sa=t&rct=j&q=devstack+%E6%97%A0%E6%B3%95%E5%88%9B%E5%BB%BA%E8%99%9A%E6%8B%9F%E6%9C%BA&source=web&cd=15&ved=0CEgQFjAEOAo&url=%68%74%74%70%3a%2f%2f%79%61%6e%73%75%62%6c%6f%67%2e%73%69%6e%61%61%70%70%2e%63%6f%6d%2f%32%30%31%33%2f%30%33%2f%31%39%2f%25%45%35%25%39%43%25%41%38%25%45%38%25%39%39%25%39%41%25%45%36%25%38%42%25%39%46%25%45%36%25%39%43%25%42%41%25%45%35%25%38%44%25%39%35%25%45%36%25%39%43%25%42%41%25%45%39%25%38%33%25%41%38%25%45%37%25%42%44%25%42%32%6f%70%65%6e%73%74%61%63%6b%2f&ei=2MflUr3aDqiOiAeCz4EY&usg=AFQjCNFJDXsGVxm8tRrSX0wP1orlEjxmAw" "Mozilla/5.0 (compatible; MSIE 9.0; Windows NT 6.1; Trident/5.0; BOIE9;ZHCN; SE 2.X MetaSr 1.0)"
219.133.0.1 - - [27/Jan/2014:10:44:32 +0800] "GET / HTTP/1.0" 200 47324 "-" "Mozilla/5.0 (Windows NT 6.1) AppleWebKit/537.36 (KHTML, like Gecko) Chrome/28.0.1500.95 Safari/537.36 SE 2.X MetaSr 1.0"
220.181.129.93 - - [27/Jan/2014:11:20:13 +0800] "POST /wp-cron.php?doing_wp_cron=1390792812.9798150062561035156250 HTTP/1.0" 200 - "-" "SAE/fetchurl-j3ozn01wx2 WordPress/3.4.1; http://yansublog.sinaapp.com"
157.55.32.87 - - [27/Jan/2014:11:20:12 +0800] "GET /robots.txt HTTP/1.0" 200 110 "-" "Mozilla/5.0 (compatible; bingbot/2.0; +http://www.bing.com/bingbot.htm)"
157.55.32.87 - - [27/Jan/2014:11:23:15 +0800] "GET /2013/02/25/win7%e5%bf%ab%e9%80%9f%e6%89%93%e5%bc%80%e5%ba%94%e7%94%a8%e7%a8%8b%e5%ba%8f%e6%88%96%e6%96%87%e4%bb%b6/ HTTP/1.0" 200 26397 "-" "Mozilla/5.0 (compatible; bingbot/2.0; +http://www.bing.com/bingbot.htm)"
101.226.33.189 - - [27/Jan/2014:11:32:37 +0800] "GET /feed/ HTTP/1.0" 304 - "-" "Mozilla/4.0 (compatible; Windows;)"
220.181.129.102 - - [27/Jan/2014:11:32:37 +0800] "POST /wp-cron.php?doing_wp_cron=1390793557.4602708816528320312500 HTTP/1.0" 200 - "-" "SAE/fetchurl-j3ozn01wx2 WordPress/3.4.1; http://yansublog.sinaapp.com"
220.181.129.93 - - [27/Jan/2014:12:54:33 +0800] "POST /wp-cron.php?doing_wp_cron=1390798473.8862218856811523437500 HTTP/1.0" 200 - "-" "SAE/fetchurl-j3ozn01wx2 WordPress/3.4.1; http://yansublog.sinaapp.com"
54.215.63.119 - - [27/Jan/2014:12:54:33 +0800] "GET /feed/ HTTP/1.0" 304 - "-" "Digg Feed Fetcher 1.0 (Mozilla/5.0 (Macintosh; Intel Mac OS X 10_7_1) AppleWebKit/534.48.3 (KHTML, like Gecko) Version/5.1 Safari/534.48.3)"
218.240.38.162 - - [27/Jan/2014:13:00:05 +0800] "GET /feed/ HTTP/1.0" 304 - "-" "Xianguo.com 1 Subscribers"
220.181.129.93 - - [27/Jan/2014:13:56:33 +0800] "POST /wp-cron.php?doing_wp_cron=1390802193.5836079120635986328125 HTTP/1.0" 200 - "-" "SAE/fetchurl-j3ozn01wx2 WordPress/3.4.1; http://yansublog.sinaapp.com"
182.118.20.225 - - [27/Jan/2014:13:56:33 +0800] "GET /robots.txt HTTP/1.0" 200 110 "http://1.yansublog.sinaapp.com/robots.txt" "Mozilla/5.0 (Windows; U; Windows NT 5.1; zh-CN; )  Firefox/1.5.0.11; 360Spider"
101.226.33.174 - - [27/Jan/2014:14:41:59 +0800] "GET /feed/ HTTP/1.0" 304 - "-" "Mozilla/4.0 (compatible; Windows;)"
220.181.129.102 - - [27/Jan/2014:14:56:57 +0800] "POST /wp-cron.php?doing_wp_cron=1390805817.0970480442047119140625 HTTP/1.0" 200 - "-" "SAE/fetchurl-j3ozn01wx2 WordPress/3.4.1; http://yansublog.sinaapp.com"
115.236.70.162 - - [27/Jan/2014:14:56:56 +0800] "GET /2013/03/20/%E8%99%9A%E6%8B%9F%E5%8C%96%E4%B8%8E%E4%BA%91%E8%AE%A1%E7%AE%97%E4%B8%ADkvmxenqemu%E7%9A%84%E5%8C%BA%E5%88%AB%E5%92%8C%E8%81%94%E7%B3%BB/ HTTP/1.0" 200 25189 "http://www.google.com.hk/url?sa=t&rct=j&q=xen%20kvm&source=web&cd=48&ved=0CHQQFjAHOCg&url=%68%74%74%70%3a%2f%2f%79%61%6e%73%75%62%6c%6f%67%2e%73%69%6e%61%61%70%70%2e%63%6f%6d%2f%32%30%31%33%2f%30%33%2f%32%30%2f%25%45%38%25%39%39%25%39%41%25%45%36%25%38%42%25%39%46%25%45%35%25%38%43%25%39%36%25%45%34%25%42%38%25%38%45%25%45%34%25%42%41%25%39%31%25%45%38%25%41%45%25%41%31%25%45%37%25%41%45%25%39%37%25%45%34%25%42%38%25%41%44%6b%76%6d%78%65%6e%71%65%6d%75%25%45%37%25%39%41%25%38%34%25%45%35%25%38%43%25%42%41%25%45%35%25%38%38%25%41%42%25%45%35%25%39%32%25%38%43%25%45%38%25%38%31%25%39%34%25%45%37%25%42%33%25%42%42%2f&ei=8QLmUr-2Aqa9iAexuYGIBA&usg=AFQjCNGRzSvFdIB2mz5EstycKM0Z1oYVKQ&bvm=bv.59930103,d.aGc&cad=rjt" "Mozilla/5.0 (X11; Linux i686) AppleWebKit/537.36 (KHTML, like Gecko) Chrome/32.0.1700.77 Safari/537.36"
220.181.129.102 - - [27/Jan/2014:16:18:29 +0800] "POST /wp-cron.php?doing_wp_cron=1390810709.0900349617004394531250 HTTP/1.0" 200 - "-" "SAE/fetchurl-j3ozn01wx2 WordPress/3.4.1; http://yansublog.sinaapp.com"
101.226.33.174 - - [27/Jan/2014:16:18:28 +0800] "GET /feed/ HTTP/1.0" 304 - "-" "Mozilla/4.0 (compatible; Windows;)"
220.181.129.102 - - [27/Jan/2014:17:26:10 +0800] "POST /wp-cron.php?doing_wp_cron=1390814770.2145469188690185546875 HTTP/1.0" 200 - "-" "SAE/fetchurl-j3ozn01wx2 WordPress/3.4.1; http://yansublog.sinaapp.com"
213.186.119.135 - - [27/Jan/2014:17:26:09 +0800] "GET /feed/ HTTP/1.0" 200 29602 "-" "AhrefsBot.Feeds v0.1; http://ahrefs.com/"
184.72.12.137 - - [27/Jan/2014:17:29:08 +0800] "GET /feed/ HTTP/1.0" 304 - "-" "Digg Feed Fetcher 1.0 (Mozilla/5.0 (Macintosh; Intel Mac OS X 10_7_1) AppleWebKit/534.48.3 (KHTML, like Gecko) Version/5.1 Safari/534.48.3)"
220.181.129.93 - - [27/Jan/2014:18:15:47 +0800] "POST /wp-cron.php?doing_wp_cron=1390817747.1185159683227539062500 HTTP/1.0" 200 - "-" "SAE/fetchurl-j3ozn01wx2 WordPress/3.4.1; http://yansublog.sinaapp.com"
218.240.38.162 - - [27/Jan/2014:18:15:46 +0800] "GET /feed/ HTTP/1.0" 304 - "-" "Xianguo.com 1 Subscribers"
101.226.33.182 - - [27/Jan/2014:18:28:03 +0800] "GET /feed/ HTTP/1.0" 304 - "-" "Mozilla/4.0 (compatible; Windows;)"
220.181.129.102 - - [27/Jan/2014:19:15:20 +0800] "POST /wp-cron.php?doing_wp_cron=1390821320.7319428920745849609375 HTTP/1.0" 200 - "-" "SAE/fetchurl-j3ozn01wx2 WordPress/3.4.1; http://yansublog.sinaapp.com"
66.249.64.5 - - [27/Jan/2014:19:15:20 +0800] "GET /tag/kanyun/ HTTP/1.0" 200 26982 "-" "Mozilla/5.0 (iPhone; CPU iPhone OS 6_0 like Mac OS X) AppleWebKit/536.26 (KHTML, like Gecko) Version/6.0 Mobile/10A5376e Safari/8536.25 (compatible; Googlebot-Mobile/2.1; +http://www.google.com/bot.html)"
220.181.129.93 - - [27/Jan/2014:20:18:21 +0800] "POST /wp-cron.php?doing_wp_cron=1390825101.1996951103210449218750 HTTP/1.0" 200 - "-" "SAE/fetchurl-j3ozn01wx2 WordPress/3.4.1; http://yansublog.sinaapp.com"
66.249.64.13 - - [27/Jan/2014:20:18:20 +0800] "GET /2013/03/20/%E8%99%9A%E6%8B%9F%E5%8C%96%E4%B8%8E%E4%BA%91%E8%AE%A1%E7%AE%97%E4%B8%ADkvmxenqemu%E7%9A%84%E5%8C%BA%E5%88%AB%E5%92%8C%E8%81%94%E7%B3%BB/ HTTP/1.0" 200 25189 "-" "Mozilla/5.0 (compatible; Googlebot/2.1; +http://www.google.com/bot.html)"
66.249.64.42 - - [27/Jan/2014:20:39:25 +0800] "GET /2013/03/27/openstack%E7%9B%91%E6%8E%A7%E9%A1%B9%E7%9B%AEceilometer%E7%9A%84%E4%B8%80%E4%BA%9B%E6%9C%AF%E8%AF%AD/ HTTP/1.0" 200 23191 "-" "Mozilla/5.0 (compatible; Googlebot/2.1; +http://www.google.com/bot.html)"
218.240.38.162 - - [27/Jan/2014:20:46:14 +0800] "GET /feed/ HTTP/1.0" 304 - "-" "Xianguo.com 1 Subscribers"
220.181.129.102 - - [27/Jan/2014:21:19:07 +0800] "POST /wp-cron.php?doing_wp_cron=1390828747.7808830738067626953125 HTTP/1.0" 200 - "-" "SAE/fetchurl-j3ozn01wx2 WordPress/3.4.1; http://yansublog.sinaapp.com"
66.249.64.5 - - [27/Jan/2014:21:19:07 +0800] "GET /2012/11/09/emacs%E5%88%A9%E7%94%A8org2blog%E5%86%99%E5%8D%9A%E5%AE%A2/ HTTP/1.0" 200 28009 "-" "Mozilla/5.0 (compatible; Googlebot/2.1; +http://www.google.com/bot.html)"
220.181.129.93 - - [27/Jan/2014:22:19:18 +0800] "POST /wp-cron.php?doing_wp_cron=1390832358.5660960674285888671875 HTTP/1.0" 200 - "-" "SAE/fetchurl-j3ozn01wx2 WordPress/3.4.1; http://yansublog.sinaapp.com"
184.169.234.190 - - [27/Jan/2014:22:19:18 +0800] "GET /feed/ HTTP/1.0" 304 - "-" "Digg Feed Fetcher 1.0 (Mozilla/5.0 (Macintosh; Intel Mac OS X 10_7_1) AppleWebKit/534.48.3 (KHTML, like Gecko) Version/5.1 Safari/534.48.3)"
101.226.33.182 - - [27/Jan/2014:22:20:00 +0800] "GET /feed/ HTTP/1.0" 304 - "-" "Mozilla/4.0 (compatible; Windows;)"
59.65.233.233 - - [27/Jan/2014:22:22:07 +0800] "GET / HTTP/1.0" 200 47324 "-" "Mozilla/5.0 (Macintosh; Intel Mac OS X 10_9_1) AppleWebKit/537.36 (KHTML, like Gecko) Chrome/31.0.1650.63 Safari/537.36"
59.65.233.233 - - [27/Jan/2014:22:22:23 +0800] "GET /category/python/ HTTP/1.0" 200 21772 "http://yansublog.sinaapp.com/" "Mozilla/5.0 (Macintosh; Intel Mac OS X 10_9_1) AppleWebKit/537.36 (KHTML, like Gecko) Chrome/31.0.1650.63 Safari/537.36"
59.65.233.233 - - [27/Jan/2014:22:22:26 +0800] "GET /category/openstack/ HTTP/1.0" 200 46925 "http://yansublog.sinaapp.com/category/python/" "Mozilla/5.0 (Macintosh; Intel Mac OS X 10_9_1) AppleWebKit/537.36 (KHTML, like Gecko) Chrome/31.0.1650.63 Safari/537.36"
59.65.233.233 - - [27/Jan/2014:22:22:30 +0800] "GET /category/php/ HTTP/1.0" 200 28255 "http://yansublog.sinaapp.com/category/openstack/" "Mozilla/5.0 (Macintosh; Intel Mac OS X 10_9_1) AppleWebKit/537.36 (KHTML, like Gecko) Chrome/31.0.1650.63 Safari/537.36"
59.65.233.233 - - [27/Jan/2014:22:22:34 +0800] "GET /category/linux/ HTTP/1.0" 200 37447 "http://yansublog.sinaapp.com/category/php/" "Mozilla/5.0 (Macintosh; Intel Mac OS X 10_9_1) AppleWebKit/537.36 (KHTML, like Gecko) Chrome/31.0.1650.63 Safari/537.36"
220.181.129.93 - - [27/Jan/2014:23:42:03 +0800] "POST /wp-cron.php?doing_wp_cron=1390837323.1742019653320312500000 HTTP/1.0" 200 - "-" "SAE/fetchurl-j3ozn01wx2 WordPress/3.4.1; http://yansublog.sinaapp.com"
66.249.64.13 - - [27/Jan/2014:23:42:03 +0800] "GET /2013/01/30/openstack%E7%9B%91%E6%8E%A7%E7%A8%8B%E5%BA%8Fkanyun%E7%9A%84%E9%83%A8%E7%BD%B2/ HTTP/1.0" 200 24974 "-" "Mozilla/5.0 (compatible; Googlebot/2.1; +http://www.google.com/bot.html)"
220.181.129.102 - - [28/Jan/2014:00:04:54 +0800] "POST /wp-cron.php?doing_wp_cron=1390838694.0852160453796386718750 HTTP/1.0" 200 - "-" "SAE/fetchurl-j3ozn01wx2 WordPress/3.4.1; http://yansublog.sinaapp.com"
101.226.33.182 - - [28/Jan/2014:00:04:53 +0800] "GET /feed/ HTTP/1.0" 304 - "-" "Mozilla/4.0 (compatible; Windows;)"
220.181.129.102 - - [28/Jan/2014:01:34:21 +0800] "POST /wp-cron.php?doing_wp_cron=1390844061.0343899726867675781250 HTTP/1.0" 200 - "-" "SAE/fetchurl-j3ozn01wx2 WordPress/3.4.1; http://yansublog.sinaapp.com"
66.249.76.130 - - [28/Jan/2014:01:34:20 +0800] "GET /2012/11/09/emacs%E5%88%A9%E7%94%A8org2blog%E5%86%99%E5%8D%9A%E5%AE%A2/ HTTP/1.0" 200 28009 "-" "DoCoMo/2.0 N905i(c100;TB;W24H16) (compatible; Googlebot-Mobile/2.1; +http://www.google.com/bot.html)"
66.249.64.14 - - [28/Jan/2014:01:41:04 +0800] "GET /category/openstack/ HTTP/1.0" 200 46925 "-" "Mozilla/5.0 (compatible; Googlebot/2.1; +http://www.google.com/bot.html)"
220.181.129.102 - - [28/Jan/2014:02:40:04 +0800] "POST /wp-cron.php?doing_wp_cron=1390848004.2481629848480224609375 HTTP/1.0" 200 - "-" "SAE/fetchurl-j3ozn01wx2 WordPress/3.4.1; http://yansublog.sinaapp.com"
213.186.119.135 - - [28/Jan/2014:02:40:04 +0800] "GET /feed/ HTTP/1.0" 200 38458 "-" "AhrefsBot.Feeds v0.1; http://ahrefs.com/"
220.181.129.93 - - [28/Jan/2014:03:08:30 +0800] "POST /wp-cron.php?doing_wp_cron=1390849710.1129329204559326171875 HTTP/1.0" 200 - "-" "SAE/fetchurl-j3ozn01wx2 WordPress/3.4.1; http://yansublog.sinaapp.com"
54.219.117.220 - - [28/Jan/2014:03:08:29 +0800] "GET /feed/ HTTP/1.0" 304 - "-" "Digg Feed Fetcher 1.0 (Mozilla/5.0 (Macintosh; Intel Mac OS X 10_7_1) AppleWebKit/534.48.3 (KHTML, like Gecko) Version/5.1 Safari/534.48.3)"
66.249.64.42 - - [28/Jan/2014:03:32:35 +0800] "GET /sitemap-pt-post-2013-02.xml HTTP/1.0" 200 1261 "-" "Mozilla/5.0 (compatible; Googlebot/2.1; +http://www.google.com/bot.html)"
220.181.129.93 - - [28/Jan/2014:04:04:57 +0800] "POST /wp-cron.php?doing_wp_cron=1390853097.6092569828033447265625 HTTP/1.0" 200 - "-" "SAE/fetchurl-j3ozn01wx2 WordPress/3.4.1; http://yansublog.sinaapp.com"
101.226.33.179 - - [28/Jan/2014:04:04:57 +0800] "GET /feed/ HTTP/1.0" 304 - "-" "Mozilla/4.0 (compatible; Windows;)"
66.249.64.14 - - [28/Jan/2014:04:08:19 +0800] "GET /sitemap.xml HTTP/1.0" 200 1862 "-" "Mozilla/5.0 (compatible; Googlebot/2.1; +http://www.google.com/bot.html)"
218.240.38.162 - - [28/Jan/2014:04:39:32 +0800] "GET /feed/ HTTP/1.0" 304 - "-" "Xianguo.com 1 Subscribers"
220.181.129.102 - - [28/Jan/2014:05:10:10 +0800] "POST /wp-cron.php?doing_wp_cron=1390857010.4451260566711425781250 HTTP/1.0" 200 - "-" "SAE/fetchurl-j3ozn01wx2 WordPress/3.4.1; http://yansublog.sinaapp.com"
101.226.33.187 - - [28/Jan/2014:05:10:10 +0800] "GET /feed/ HTTP/1.0" 304 - "-" "Mozilla/4.0 (compatible; Windows;)"
220.181.129.102 - - [28/Jan/2014:06:31:36 +0800] "POST /wp-cron.php?doing_wp_cron=1390861896.4226510524749755859375 HTTP/1.0" 200 - "-" "SAE/fetchurl-j3ozn01wx2 WordPress/3.4.1; http://yansublog.sinaapp.com"
217.69.133.21 - - [28/Jan/2014:06:31:36 +0800] "GET /robots.txt HTTP/1.0" 200 110 "-" "Mozilla/5.0 (compatible; Linux x86_64; Mail.RU_Bot/2.0; +http://go.mail.ru/help/robots)"
217.69.133.252 - - [28/Jan/2014:06:31:38 +0800] "GET / HTTP/1.0" 200 47324 "-" "Mozilla/5.0 (compatible; Linux x86_64; Mail.RU_Bot/2.0; +http://go.mail.ru/help/robots)"
220.181.129.93 - - [28/Jan/2014:07:13:57 +0800] "POST /wp-cron.php?doing_wp_cron=1390864437.9241991043090820312500 HTTP/1.0" 200 - "-" "SAE/fetchurl-j3ozn01wx2 WordPress/3.4.1; http://yansublog.sinaapp.com"
218.240.38.162 - - [28/Jan/2014:07:13:57 +0800] "GET /feed/ HTTP/1.0" 304 - "-" "Xianguo.com 1 Subscribers"
66.249.64.41 - - [28/Jan/2014:07:30:59 +0800] "GET /robots.txt HTTP/1.0" 200 110 "-" "Mozilla/5.0 (compatible; Googlebot/2.1; +http://www.google.com/bot.html)"
66.249.64.5 - - [28/Jan/2014:07:31:00 +0800] "GET /2012/09/19/php%E6%93%8D%E4%BD%9Csession%E7%9A%84%E5%8E%9F%E7%90%86%E5%8F%8A%E6%8F%90%E5%8D%87%E5%AE%89%E5%85%A8%E6%80%A7%E6%97%B6%E7%9A%84%E4%B8%80%E4%B8%AA%E9%97%AE%E9%A2%98/ HTTP/1.0" 200 30854 "-" "Mozilla/5.0 (iPhone; CPU iPhone OS 6_0 like Mac OS X) AppleWebKit/536.26 (KHTML, like Gecko) Version/6.0 Mobile/10A5376e Safari/8536.25 (compatible; Googlebot-Mobile/2.1; +http://www.google.com/bot.html)"
54.219.224.86 - - [28/Jan/2014:07:46:13 +0800] "GET /feed/ HTTP/1.0" 304 - "-" "Digg Feed Fetcher 1.0 (Mozilla/5.0 (Macintosh; Intel Mac OS X 10_7_1) AppleWebKit/534.48.3 (KHTML, like Gecko) Version/5.1 Safari/534.48.3)"
220.181.129.93 - - [28/Jan/2014:08:37:19 +0800] "POST /wp-cron.php?doing_wp_cron=1390869439.7140409946441650390625 HTTP/1.0" 200 - "-" "SAE/fetchurl-j3ozn01wx2 WordPress/3.4.1; http://yansublog.sinaapp.com"
101.226.33.171 - - [28/Jan/2014:08:37:19 +0800] "GET /feed/ HTTP/1.0" 304 - "-" "Mozilla/4.0 (compatible; Windows;)"
220.181.129.102 - - [28/Jan/2014:09:00:02 +0800] "POST /wp-cron.php?doing_wp_cron=1390870802.2306599617004394531250 HTTP/1.0" 200 - "-" "SAE/fetchurl-j3ozn01wx2 WordPress/3.4.1; http://yansublog.sinaapp.com"
106.120.173.126 - - [28/Jan/2014:09:00:02 +0800] "GET /robots.txt HTTP/1.0" 200 110 "-" "Sogou web spider/4.0(+http://www.sogou.com/docs/help/webmasters.htm#07)"
106.120.173.126 - - [28/Jan/2014:09:04:42 +0800] "GET /category/javascript/ HTTP/1.0" 200 21462 "-" "Sogou web spider/4.0(+http://www.sogou.com/docs/help/webmasters.htm#07)"
218.240.38.162 - - [28/Jan/2014:09:46:57 +0800] "GET /feed/ HTTP/1.0" 304 - "-" "Xianguo.com 1 Subscribers"
220.181.129.102 - - [28/Jan/2014:10:33:51 +0800] "POST /wp-cron.php?doing_wp_cron=1390876431.3529160022735595703125 HTTP/1.0" 200 - "-" "SAE/fetchurl-j3ozn01wx2 WordPress/3.4.1; http://yansublog.sinaapp.com"
210.61.97.145 - - [28/Jan/2014:10:33:51 +0800] "GET /2013/01/30/openstack%E7%9B%91%E6%8E%A7%E7%A8%8B%E5%BA%8Fkanyun%E7%9A%84%E9%83%A8%E7%BD%B2/ HTTP/1.0" 200 24974 "https://www.google.com.tw/" "Mozilla/5.0 (Windows NT 6.1; WOW64) AppleWebKit/537.36 (KHTML, like Gecko) Chrome/32.0.1700.76 Safari/537.36"
220.181.129.93 - - [28/Jan/2014:11:15:58 +0800] "POST /wp-cron.php?doing_wp_cron=1390878958.6402950286865234375000 HTTP/1.0" 200 - "-" "SAE/fetchurl-j3ozn01wx2 WordPress/3.4.1; http://yansublog.sinaapp.com"
210.21.230.126 - - [28/Jan/2014:11:15:58 +0800] "GET /2013/03/19/%E5%9C%A8%E8%99%9A%E6%8B%9F%E6%9C%BA%E5%8D%95%E6%9C%BA%E9%83%A8%E7%BD%B2openstack/ HTTP/1.0" 200 22652 "-" "Mozilla/5.0 (compatible; MSIE 9.0; Windows NT 6.1; Trident/5.0; BOIE9;ZHCN; SE 2.X MetaSr 1.0)"
213.186.119.135 - - [28/Jan/2014:11:24:08 +0800] "GET /feed/ HTTP/1.0" 200 14315 "-" "AhrefsBot.Feeds v0.1; http://ahrefs.com/"
220.181.129.93 - - [28/Jan/2014:11:51:01 +0800] "POST /wp-cron.php?doing_wp_cron=1390881061.2611598968505859375000 HTTP/1.0" 200 - "-" "SAE/fetchurl-j3ozn01wx2 WordPress/3.4.1; http://yansublog.sinaapp.com"
157.55.32.209 - - [28/Jan/2014:11:51:01 +0800] "GET /robots.txt HTTP/1.0" 200 110 "-" "Mozilla/5.0 (compatible; bingbot/2.0; +http://www.bing.com/bingbot.htm)"
184.169.211.248 - - [28/Jan/2014:12:16:35 +0800] "GET /feed/ HTTP/1.0" 304 - "-" "Digg Feed Fetcher 1.0 (Mozilla/5.0 (Macintosh; Intel Mac OS X 10_7_1) AppleWebKit/534.48.3 (KHTML, like Gecko) Version/5.1 Safari/534.48.3)"
218.240.38.162 - - [28/Jan/2014:12:23:44 +0800] "GET /feed/ HTTP/1.0" 304 - "-" "Xianguo.com 1 Subscribers"
101.226.33.187 - - [28/Jan/2014:12:26:30 +0800] "GET /feed/ HTTP/1.0" 304 - "-" "Mozilla/4.0 (compatible; Windows;)"
220.181.129.102 - - [28/Jan/2014:13:08:42 +0800] "POST /wp-cron.php?doing_wp_cron=1390885722.1855709552764892578125 HTTP/1.0" 200 - "-" "SAE/fetchurl-j3ozn01wx2 WordPress/3.4.1; http://yansublog.sinaapp.com"
101.226.33.172 - - [28/Jan/2014:13:08:41 +0800] "GET /feed/ HTTP/1.0" 304 - "-" "Mozilla/4.0 (compatible; Windows;)"
220.181.129.102 - - [28/Jan/2014:14:14:09 +0800] "POST /wp-cron.php?doing_wp_cron=1390889649.0133450031280517578125 HTTP/1.0" 200 - "-" "SAE/fetchurl-j3ozn01wx2 WordPress/3.4.1; http://yansublog.sinaapp.com"
157.55.32.209 - - [28/Jan/2014:14:14:08 +0800] "GET /2013/03/20/%E8%B0%83%E8%AF%95%E5%92%8C%E4%BF%AE%E6%94%B9openstack%E4%B8%AD%E7%9A%84horizon%E9%83%A8%E5%88%86/ HTTP/1.0" 200 21748 "-" "Mozilla/5.0 (compatible; bingbot/2.0; +http://www.bing.com/bingbot.htm)"
220.181.129.93 - - [28/Jan/2014:15:13:56 +0800] "POST /wp-cron.php?doing_wp_cron=1390893236.4561140537261962890625 HTTP/1.0" 200 - "-" "SAE/fetchurl-j3ozn01wx2 WordPress/3.4.1; http://yansublog.sinaapp.com"
218.240.38.162 - - [28/Jan/2014:15:13:56 +0800] "GET /feed/ HTTP/1.0" 304 - "-" "Xianguo.com 1 Subscribers"
220.181.129.102 - - [28/Jan/2014:16:09:19 +0800] "POST /wp-cron.php?doing_wp_cron=1390896559.7636010646820068359375 HTTP/1.0" 200 - "-" "SAE/fetchurl-j3ozn01wx2 WordPress/3.4.1; http://yansublog.sinaapp.com"
101.226.33.174 - - [28/Jan/2014:16:09:19 +0800] "GET /feed/ HTTP/1.0" 304 - "-" "Mozilla/4.0 (compatible; Windows;)"
54.219.239.1 - - [28/Jan/2014:16:37:13 +0800] "GET /feed/ HTTP/1.0" 304 - "-" "Digg Feed Fetcher 1.0 (Mozilla/5.0 (Macintosh; Intel Mac OS X 10_7_1) AppleWebKit/534.48.3 (KHTML, like Gecko) Version/5.1 Safari/534.48.3)"
217.69.133.244 - - [28/Jan/2014:16:38:41 +0800] "GET /robots.txt HTTP/1.0" 200 110 "-" "Mozilla/5.0 (compatible; Linux x86_64; Mail.RU_Bot/2.0; +http://go.mail.ru/help/robots)"
217.69.133.245 - - [28/Jan/2014:16:38:42 +0800] "GET / HTTP/1.0" 301 - "-" "Mozilla/5.0 (compatible; Linux x86_64; Mail.RU_Bot/2.0; +http://go.mail.ru/help/robots)"
217.69.133.245 - - [28/Jan/2014:16:38:48 +0800] "GET /robots.txt HTTP/1.0" 200 110 "-" "Mozilla/5.0 (compatible; Linux x86_64; Mail.RU_Bot/2.0; +http://go.mail.ru/help/robots)"
217.69.133.247 - - [28/Jan/2014:16:38:50 +0800] "GET / HTTP/1.0" 200 47324 "-" "Mozilla/5.0 (compatible; Linux x86_64; Mail.RU_Bot/2.0; +http://go.mail.ru/help/robots)"
220.181.129.93 - - [28/Jan/2014:18:19:08 +0800] "POST /wp-cron.php?doing_wp_cron=1390904348.9007239341735839843750 HTTP/1.0" 200 - "-" "SAE/fetchurl-j3ozn01wx2 WordPress/3.4.1; http://yansublog.sinaapp.com"
101.226.33.190 - - [28/Jan/2014:18:19:08 +0800] "GET /feed/ HTTP/1.0" 304 - "-" "Mozilla/4.0 (compatible; Windows;)"
